Component: ARM Compiler 6.15 Tool: armlink [5dd79300]

==============================================================================

Section Cross References

    isr.o(.ARM.exidx.text.PDB0_IRQHandler) refers to isr.o(.text.PDB0_IRQHandler) for [Anonymous Symbol]
    isr.o(.text.FTM0_IRQHandler) refers to isr.o(.bss.switch_2_pressed) for switch_2_pressed
    isr.o(.text.FTM0_IRQHandler) refers to isr.o(.bss.switch_2_cnt) for switch_2_cnt
    isr.o(.ARM.exidx.text.FTM0_IRQHandler) refers to isr.o(.text.FTM0_IRQHandler) for [Anonymous Symbol]
    isr.o(.text.PORTA_IRQHandler) refers to isr.o(.bss.pdb_state) for pdb_state
    isr.o(.ARM.exidx.text.PORTA_IRQHandler) refers to isr.o(.text.PORTA_IRQHandler) for [Anonymous Symbol]
    isr.o(.text.PORTC_IRQHandler) refers to switch.o(.text.Switch2_Pressed) for Switch2_Pressed
    isr.o(.text.PORTC_IRQHandler) refers to isr.o(.bss.switch_2_pressed) for switch_2_pressed
    isr.o(.text.PORTC_IRQHandler) refers to uart.o(.text.UART0_Put) for UART0_Put
    isr.o(.text.PORTC_IRQHandler) refers to isr.o(.bss.switch_2_cnt) for switch_2_cnt
    isr.o(.text.PORTC_IRQHandler) refers to uart.o(.text.UART0_PutNumU) for UART0_PutNumU
    isr.o(.ARM.exidx.text.PORTC_IRQHandler) refers to isr.o(.text.PORTC_IRQHandler) for [Anonymous Symbol]
    led.o(.ARM.exidx.text.LED_Off) refers to led.o(.text.LED_Off) for [Anonymous Symbol]
    led.o(.text.LED_Init) refers to led.o(.text.LED_Off) for LED_Off
    led.o(.ARM.exidx.text.LED_Init) refers to led.o(.text.LED_Init) for [Anonymous Symbol]
    led.o(.ARM.exidx.text.Delay) refers to led.o(.text.Delay) for [Anonymous Symbol]
    led.o(.text.Flash_LED) refers to led.o(.text.LED_On) for LED_On
    led.o(.text.Flash_LED) refers to led.o(.text.Delay) for Delay
    led.o(.text.Flash_LED) refers to led.o(.text.LED_Off) for LED_Off
    led.o(.ARM.exidx.text.Flash_LED) refers to led.o(.text.Flash_LED) for [Anonymous Symbol]
    led.o(.ARM.exidx.text.LED_On) refers to led.o(.text.LED_On) for [Anonymous Symbol]
    switch.o(.ARM.exidx.text.Switch2_Init) refers to switch.o(.text.Switch2_Init) for [Anonymous Symbol]
    switch.o(.ARM.exidx.text.Switch2_Pressed) refers to switch.o(.text.Switch2_Pressed) for [Anonymous Symbol]
    switch.o(.ARM.exidx.text.Switch3_Init) refers to switch.o(.text.Switch3_Init) for [Anonymous Symbol]
    uart.o(.text) refers (Special) to _printf_dec.o(.text) for _printf_int_dec
    uart.o(.text) refers (Special) to _printf_percent.o(.ARM.Collect$$_printf_percent$$00000000) for _printf_percent
    uart.o(.text) refers (Special) to _printf_u.o(.ARM.Collect$$_printf_percent$$0000000A) for _printf_u
    uart.o(.text.UART0_Init) refers (Special) to _printf_dec.o(.text) for _printf_int_dec
    uart.o(.text.UART0_Init) refers (Special) to _printf_percent.o(.ARM.Collect$$_printf_percent$$00000000) for _printf_percent
    uart.o(.text.UART0_Init) refers (Special) to _printf_u.o(.ARM.Collect$$_printf_percent$$0000000A) for _printf_u
    uart.o(.ARM.exidx.text.UART0_Init) refers (Special) to _printf_dec.o(.text) for _printf_int_dec
    uart.o(.ARM.exidx.text.UART0_Init) refers (Special) to _printf_percent.o(.ARM.Collect$$_printf_percent$$00000000) for _printf_percent
    uart.o(.ARM.exidx.text.UART0_Init) refers (Special) to _printf_u.o(.ARM.Collect$$_printf_percent$$0000000A) for _printf_u
    uart.o(.ARM.exidx.text.UART0_Init) refers to uart.o(.text.UART0_Init) for [Anonymous Symbol]
    uart.o(.text.UART3_Init) refers (Special) to _printf_dec.o(.text) for _printf_int_dec
    uart.o(.text.UART3_Init) refers (Special) to _printf_percent.o(.ARM.Collect$$_printf_percent$$00000000) for _printf_percent
    uart.o(.text.UART3_Init) refers (Special) to _printf_u.o(.ARM.Collect$$_printf_percent$$0000000A) for _printf_u
    uart.o(.ARM.exidx.text.UART3_Init) refers (Special) to _printf_dec.o(.text) for _printf_int_dec
    uart.o(.ARM.exidx.text.UART3_Init) refers (Special) to _printf_percent.o(.ARM.Collect$$_printf_percent$$00000000) for _printf_percent
    uart.o(.ARM.exidx.text.UART3_Init) refers (Special) to _printf_u.o(.ARM.Collect$$_printf_percent$$0000000A) for _printf_u
    uart.o(.ARM.exidx.text.UART3_Init) refers to uart.o(.text.UART3_Init) for [Anonymous Symbol]
    uart.o(.text.UART0_Getchar) refers (Special) to _printf_dec.o(.text) for _printf_int_dec
    uart.o(.text.UART0_Getchar) refers (Special) to _printf_percent.o(.ARM.Collect$$_printf_percent$$00000000) for _printf_percent
    uart.o(.text.UART0_Getchar) refers (Special) to _printf_u.o(.ARM.Collect$$_printf_percent$$0000000A) for _printf_u
    uart.o(.ARM.exidx.text.UART0_Getchar) refers (Special) to _printf_dec.o(.text) for _printf_int_dec
    uart.o(.ARM.exidx.text.UART0_Getchar) refers (Special) to _printf_percent.o(.ARM.Collect$$_printf_percent$$00000000) for _printf_percent
    uart.o(.ARM.exidx.text.UART0_Getchar) refers (Special) to _printf_u.o(.ARM.Collect$$_printf_percent$$0000000A) for _printf_u
[...]
    uart.o(.ARM.exidx.text.UART3_Put) refers (Special) to _printf_u.o(.ARM.Collect$$_printf_percent$$0000000A) for _printf_u
    uart.o(.ARM.exidx.text.UART3_Put) refers to uart.o(.text.UART3_Put) for [Anonymous Symbol]
    uart.o(.text.UART0_PutNumU) refers (Special) to _printf_dec.o(.text) for _printf_int_dec
    uart.o(.text.UART0_PutNumU) refers (Special) to _printf_percent.o(.ARM.Collect$$_printf_percent$$00000000) for _printf_percent
    uart.o(.text.UART0_PutNumU) refers (Special) to _printf_u.o(.ARM.Collect$$_printf_percent$$0000000A) for _printf_u
    uart.o(.text.UART0_PutNumU) refers to noretval__2sprintf.o(.text) for __2sprintf
    uart.o(.text.UART0_PutNumU) refers to uart.o(.text.UART0_Put) for UART0_Put
    uart.o(.ARM.exidx.text.UART0_PutNumU) refers (Special) to _printf_dec.o(.text) for _printf_int_dec
    uart.o(.ARM.exidx.text.UART0_PutNumU) refers (Special) to _printf_percent.o(.ARM.Collect$$_printf_percent$$00000000) for _printf_percent
    uart.o(.ARM.exidx.text.UART0_PutNumU) refers (Special) to _printf_u.o(.ARM.Collect$$_printf_percent$$0000000A) for _printf_u
    uart.o(.ARM.exidx.text.UART0_PutNumU) refers to uart.o(.text.UART0_PutNumU) for [Anonymous Symbol]
    camera_main.o(.text) refers (Special) to _printf_i.o(.ARM.Collect$$_printf_percent$$00000008) for _printf_i
    camera_main.o(.text) refers (Special) to _printf_dec.o(.text) for _printf_int_dec
    camera_main.o(.text) refers (Special) to _printf_percent.o(.ARM.Collect$$_printf_percent$$00000000) for _printf_percent
    camera_main.o(.text.main) refers (Special) to _printf_i.o(.ARM.Collect$$_printf_percent$$00000008) for _printf_i
    camera_main.o(.text.main) refers (Special) to _printf_dec.o(.text) for _printf_int_dec
    camera_main.o(.text.main) refers (Special) to _printf_percent.o(.ARM.Collect$$_printf_percent$$00000000) for _printf_percent
    camera_main.o(.text.main) refers to uart.o(.text.UART0_Init) for UART0_Init
    camera_main.o(.text.main) refers to camera_main.o(.text.GPIO_Init) for GPIO_Init
    camera_main.o(.text.main) refers to camera_main.o(.text.FTM2_Init) for FTM2_Init
    camera_main.o(.text.main) refers to camera_main.o(.text.ADC0_Init) for ADC0_Init
    camera_main.o(.text.main) refers to camera_main.o(.text.PIT_Init) for PIT_Init
    camera_main.o(.text.main) refers to camera_main.o(.bss.line) for line
    camera_main.o(.text.main) refers to camera_main.o(.bss.capcnt) for capcnt
    camera_main.o(.text.main) refers to camera_main.o(.bss.str) for str
    camera_main.o(.text.main) refers to camera_main.o(.rodata.str1.1) for .L.str
    camera_main.o(.text.main) refers to noretval__2sprintf.o(.text) for __2sprintf
    camera_main.o(.text.main) refers to uart.o(.text.UART0_Put) for UART0_Put
    camera_main.o(.ARM.exidx.text.main) refers (Special) to _printf_i.o(.ARM.Collect$$_printf_percent$$00000008) for _printf_i
    camera_main.o(.ARM.exidx.text.main) refers (Special) to _printf_dec.o(.text) for _printf_int_dec
    camera_main.o(.ARM.exidx.text.main) refers (Special) to _printf_percent.o(.ARM.Collect$$_printf_percent$$00000000) for _printf_percent
    camera_main.o(.ARM.exidx.text.main) refers to camera_main.o(.text.main) for [Anonymous Symbol]
    camera_main.o(.text.GPIO_Init) refers (Special) to _printf_i.o(.ARM.Collect$$_printf_percent$$00000008) for _printf_i
    camera_main.o(.text.GPIO_Init) refers (Special) to _printf_dec.o(.text) for _printf_int_dec
    camera_main.o(.text.GPIO_Init) refers (Special) to _printf_percent.o(.ARM.Collect$$_printf_percent$$00000000) for _printf_percent
    camera_main.o(.text.GPIO_Init) refers to led.o(.text.LED_Init) for LED_Init
    camera_main.o(.ARM.exidx.text.GPIO_Init) refers (Special) to _printf_i.o(.ARM.Collect$$_printf_percent$$00000008) for _printf_i
    camera_main.o(.ARM.exidx.text.GPIO_Init) refers (Special) to _printf_dec.o(.text) for _printf_int_dec
    camera_main.o(.ARM.exidx.text.GPIO_Init) refers (Special) to _printf_percent.o(.ARM.Collect$$_printf_percent$$00000000) for _printf_percent
    camera_main.o(.ARM.exidx.text.GPIO_Init) refers to camera_main.o(.text.GPIO_Init) for [Anonymous Symbol]
    camera_main.o(.text.FTM2_Init) refers (Special) to _printf_i.o(.ARM.Collect$$_printf_percent$$00000008) for _printf_i
    camera_main.o(.text.FTM2_Init) refers (Special) to _printf_dec.o(.text) for _printf_int_dec
    camera_main.o(.text.FTM2_Init) refers (Special) to _printf_percent.o(.ARM.Collect$$_printf_percent$$00000000) for _printf_percent
    camera_main.o(.text.FTM2_Init) refers to camera_main.o(.text.__NVIC_EnableIRQ) for __NVIC_EnableIRQ
    camera_main.o(.ARM.exidx.text.FTM2_Init) refers (Special) to _printf_i.o(.ARM.Collect$$_printf_percent$$00000008) for _printf_i
    camera_main.o(.ARM.exidx.text.FTM2_Init) refers (Special) to _printf_dec.o(.text) for _printf_int_dec
    camera_main.o(.ARM.exidx.text.FTM2_Init) refers (Special) to _printf_percent.o(.ARM.Collect$$_printf_percent$$00000000) for _printf_percent
    camera_main.o(.ARM.exidx.text.FTM2_Init) refers to camera_main.o(.text.FTM2_Init) for [Anonymous Symbol]
    camera_main.o(.text.ADC0_Init) refers (Special) to _printf_i.o(.ARM.Collect$$_printf_percent$$00000008) for _printf_i
    camera_main.o(.text.ADC0_Init) refers (Special) to _printf_dec.o(.text) for _printf_int_dec
    camera_main.o(.text.ADC0_Init) refers (Special) to _printf_percent.o(.ARM.Collect$$_printf_percent$$00000000) for _printf_percent
    camera_main.o(.text.ADC0_Init) refers to camera_main.o(.text.__NVIC_EnableIRQ) for __NVIC_EnableIRQ
    camera_main.o(.ARM.exidx.text.ADC0_Init) refers (Special) to _printf_i.o(.ARM.Collect$$_printf_percent$$00000008) for _printf_i
    camera_main.o(.ARM.exidx.text.ADC0_Init) refers (Special) to _printf_dec.o(.text) for _printf_int_dec
    camera_main.o(.ARM.exidx.text.ADC0_Init) refers (Special) to _printf_percent.o(.ARM.Collect$$_printf_percent$$00000000) for _printf_percent
    camera_main.o(.ARM.exidx.text.ADC0_Init) refers to camera_main.o(.text.ADC0_Init) for [Anonymous Symbol]
    camera_main.o(.text.PIT_Init) refers (Special) to _printf_i.o(.ARM.Collect$$_printf_percent$$00000008) for _printf_i
    camera_main.o(.text.PIT_Init) refers (Special) to _printf_dec.o(.text) for _printf_int_dec
    camera_main.o(.text.PIT_Init) refers (Special) to _printf_percent.o(.ARM.Collect$$_printf_percent$$00000000) for _printf_percent
    camera_main.o(.text.PIT_Init) refers to camera_main.o(.text.__NVIC_EnableIRQ) for __NVIC_EnableIRQ
    camera_main.o(.ARM.exidx.text.PIT_Init) refers (Special) to _printf_i.o(.ARM.Collect$$_printf_percent$$00000008) for _printf_i
    camera_main.o(.ARM.exidx.text.PIT_Init) refers (Special) to _printf_dec.o(.text) for _printf_int_dec
    camera_main.o(.ARM.exidx.text.PIT_Init) refers (Special) to _printf_percent.o(.ARM.Collect$$_printf_percent$$00000000) for _printf_percent
    camera_main.o(.ARM.exidx.text.PIT_Init) refers to camera_main.o(.text.PIT_Init) for [Anonymous Symbol]
    camera_main.o(.text.ADC0_IRQHandler) refers (Special) to _printf_i.o(.ARM.Collect$$_printf_percent$$00000008) for _printf_i
    camera_main.o(.text.ADC0_IRQHandler) refers (Special) to _printf_dec.o(.text) for _printf_int_dec
    camera_main.o(.text.ADC0_IRQHandler) refers (Special) to _printf_percent.o(.ARM.Collect$$_printf_percent$$00000000) for _printf_percent
    camera_main.o(.text.ADC0_IRQHandler) refers to camera_main.o(.bss.ADC0VAL) for ADC0VAL
    camera_main.o(.ARM.exidx.text.ADC0_IRQHandler) refers (Special) to _printf_i.o(.ARM.Collect$$_printf_percent$$00000008) for _printf_i
    camera_main.o(.ARM.exidx.text.ADC0_IRQHandler) refers (Special) to _printf_dec.o(.text) for _printf_int_dec
    camera_main.o(.ARM.exidx.text.ADC0_IRQHandler) refers (Special) to _printf_percent.o(.ARM.Collect$$_printf_percent$$00000000) for _printf_percent
    camera_main.o(.ARM.exidx.text.ADC0_IRQHandler) refers to camera_main.o(.text.ADC0_IRQHandler) for [Anonymous Symbol]
    camera_main.o(.text.FTM2_IRQHandler) refers (Special) to _printf_i.o(.ARM.Collect$$_printf_percent$$00000008) for _printf_i
    camera_main.o(.text.FTM2_IRQHandler) refers (Special) to _printf_dec.o(.text) for _printf_int_dec
    camera_main.o(.text.FTM2_IRQHandler) refers (Special) to _printf_percent.o(.ARM.Collect$$_printf_percent$$00000000) for _printf_percent
    camera_main.o(.text.FTM2_IRQHandler) refers to camera_main.o(.data.pixcnt) for pixcnt
    camera_main.o(.text.FTM2_IRQHandler) refers to camera_main.o(.bss.ADC0VAL) for ADC0VAL
    camera_main.o(.text.FTM2_IRQHandler) refers to camera_main.o(.bss.line) for line
    camera_main.o(.ARM.exidx.text.FTM2_IRQHandler) refers (Special) to _printf_i.o(.ARM.Collect$$_printf_percent$$00000008) for _printf_i
    camera_main.o(.ARM.exidx.text.FTM2_IRQHandler) refers (Special) to _printf_dec.o(.text) for _printf_int_dec
    camera_main.o(.ARM.exidx.text.FTM2_IRQHandler) refers (Special) to _printf_percent.o(.ARM.Collect$$_printf_percent$$00000000) for _printf_percent
    camera_main.o(.ARM.exidx.text.FTM2_IRQHandler) refers to camera_main.o(.text.FTM2_IRQHandler) for [Anonymous Symbol]
    camera_main.o(.text.PIT0_IRQHandler) refers (Special) to _printf_i.o(.ARM.Collect$$_printf_percent$$00000008) for _printf_i
    camera_main.o(.text.PIT0_IRQHandler) refers (Special) to _printf_dec.o(.text) for _printf_int_dec
    camera_main.o(.text.PIT0_IRQHandler) refers (Special) to _printf_percent.o(.ARM.Collect$$_printf_percent$$00000000) for _printf_percent
    camera_main.o(.text.PIT0_IRQHandler) refers to camera_main.o(.bss.capcnt) for capcnt
    camera_main.o(.ARM.exidx.text.PIT0_IRQHandler) refers (Special) to _printf_i.o(.ARM.Collect$$_printf_percent$$00000008) for _printf_i
    camera_main.o(.ARM.exidx.text.PIT0_IRQHandler) refers (Special) to _printf_dec.o(.text) for _printf_int_dec
    camera_main.o(.ARM.exidx.text.PIT0_IRQHandler) refers (Special) to _printf_percent.o(.ARM.Collect$$_printf_percent$$00000000) for _printf_percent
    camera_main.o(.ARM.exidx.text.PIT0_IRQHandler) refers to camera_main.o(.text.PIT0_IRQHandler) for [Anonymous Symbol]
    camera_main.o(.text.__NVIC_EnableIRQ) refers (Special) to _printf_i.o(.ARM.Collect$$_printf_percent$$00000008) for _printf_i
    camera_main.o(.text.__NVIC_EnableIRQ) refers (Special) to _printf_dec.o(.text) for _printf_int_dec
    camera_main.o(.text.__NVIC_EnableIRQ) refers (Special) to _printf_percent.o(.ARM.Collect$$_printf_percent$$00000000) for _printf_percent
    camera_main.o(.ARM.exidx.text.__NVIC_EnableIRQ) refers (Special) to _printf_i.o(.ARM.Collect$$_printf_percent$$00000008) for _printf_i
    camera_main.o(.ARM.exidx.text.__NVIC_EnableIRQ) refers (Special) to _printf_dec.o(.text) for _printf_int_dec
    camera_main.o(.ARM.exidx.text.__NVIC_EnableIRQ) refers (Special) to _printf_percent.o(.ARM.Collect$$_printf_percent$$00000000) for _printf_percent
    camera_main.o(.ARM.exidx.text.__NVIC_EnableIRQ) refers to camera_main.o(.text.__NVIC_EnableIRQ) for [Anonymous Symbol]
    camera_main.o(.bss.capcnt) refers (Special) to _printf_i.o(.ARM.Collect$$_printf_percent$$00000008) for _printf_i
    camera_main.o(.bss.capcnt) refers (Special) to _printf_dec.o(.text) for _printf_int_dec
    camera_main.o(.bss.capcnt) refers (Special) to _printf_percent.o(.ARM.Collect$$_printf_percent$$00000000) for _printf_percent
    camera_main.o(.bss.str) refers (Special) to _printf_i.o(.ARM.Collect$$_printf_percent$$00000008) for _printf_i
    camera_main.o(.bss.str) refers (Special) to _printf_dec.o(.text) for _printf_int_dec
    camera_main.o(.bss.str) refers (Special) to _printf_percent.o(.ARM.Collect$$_printf_percent$$00000000) for _printf_percent
    camera_main.o(.rodata.str1.1) refers (Special) to _printf_i.o(.ARM.Collect$$_printf_percent$$00000008) for _printf_i
    camera_main.o(.rodata.str1.1) refers (Special) to _printf_dec.o(.text) for _printf_int_dec
    camera_main.o(.rodata.str1.1) refers (Special) to _printf_percent.o(.ARM.Collect$$_printf_percent$$00000000) for _printf_percent
    camera_main.o(.bss.line) refers (Special) to _printf_i.o(.ARM.Collect$$_printf_percent$$00000008) for _printf_i
    camera_main.o(.bss.line) refers (Special) to _printf_dec.o(.text) for _printf_int_dec
    camera_main.o(.bss.line) refers (Special) to _printf_percent.o(.ARM.Collect$$_printf_percent$$00000000) for _printf_percent
    camera_main.o(.bss.ADC0VAL) refers (Special) to _printf_i.o(.ARM.Collect$$_printf_percent$$00000008) for _printf_i
    camera_main.o(.bss.ADC0VAL) refers (Special) to _printf_dec.o(.text) for _printf_int_dec
    camera_main.o(.bss.ADC0VAL) refers (Special) to _printf_percent.o(.ARM.Collect$$_printf_percent$$00000000) for _printf_percent
    camera_main.o(.data.pixcnt) refers (Special) to _printf_i.o(.ARM.Collect$$_printf_percent$$00000008) for _printf_i
    camera_main.o(.data.pixcnt) refers (Special) to _printf_dec.o(.text) for _printf_int_dec
    camera_main.o(.data.pixcnt) refers (Special) to _printf_percent.o(.ARM.Collect$$_printf_percent$$00000000) for _printf_percent
    camera_main.o(.ARM.use_no_argv) refers (Special) to _printf_i.o(.ARM.Collect$$_printf_percent$$00000008) for _printf_i
    camera_main.o(.ARM.use_no_argv) refers (Special) to _printf_dec.o(.text) for _printf_int_dec
    camera_main.o(.ARM.use_no_argv) refers (Special) to _printf_percent.o(.ARM.Collect$$_printf_percent$$00000000) for _printf_percent
    startup_mk64f12.o(STACK) refers (Special) to heapauxi.o(.text) for __use_two_region_memory
    startup_mk64f12.o(HEAP) refers (Special) to heapauxi.o(.text) for __use_two_region_memory
    startup_mk64f12.o(RESET) refers (Special) to heapauxi.o(.text) for __use_two_region_memory
    startup_mk64f12.o(RESET) refers to startup_mk64f12.o(STACK) for __initial_sp
    startup_mk64f12.o(RESET) refers to startup_mk64f12.o(.text) for Reset_Handler
    startup_mk64f12.o(RESET) refers to camera_main.o(.text.ADC0_IRQHandler) for ADC0_IRQHandler
    startup_mk64f12.o(RESET) refers to isr.o(.text.FTM0_IRQHandler) for FTM0_IRQHandler
    startup_mk64f12.o(RESET) refers to camera_main.o(.text.FTM2_IRQHandler) for FTM2_IRQHandler
    startup_mk64f12.o(RESET) refers to camera_main.o(.text.PIT0_IRQHandler) for PIT0_IRQHandler
    startup_mk64f12.o(RESET) refers to isr.o(.text.PDB0_IRQHandler) for PDB0_IRQHandler
    startup_mk64f12.o(RESET) refers to isr.o(.text.PORTA_IRQHandler) for PORTA_IRQHandler
    startup_mk64f12.o(RESET) refers to isr.o(.text.PORTC_IRQHandler) for PORTC_IRQHandler
    startup_mk64f12.o(.ARM.__at_0x400) refers (Special) to heapauxi.o(.text) for __use_two_region_memory
    startup_mk64f12.o(.text) refers (Special) to heapauxi.o(.text) for __use_two_region_memory
    startup_mk64f12.o(.text) refers to system_mk64f12.o(.text.SystemInit) for SystemInit
    startup_mk64f12.o(.text) refers to __main.o(!!!main) for __main
    startup_mk64f12.o(.text) refers to startup_mk64f12.o(HEAP) for Heap_Mem
    startup_mk64f12.o(.text) refers to startup_mk64f12.o(STACK) for Stack_Mem
    system_mk64f12.o(.ARM.exidx.text.SystemInit) refers to system_mk64f12.o(.text.SystemInit) for [Anonymous Symbol]
    system_mk64f12.o(.text.SystemCoreClockUpdate) refers to system_mk64f12.o(.data.SystemCoreClock) for SystemCoreClock
    system_mk64f12.o(.ARM.exidx.text.SystemCoreClockUpdate) refers to system_mk64f12.o(.text.SystemCoreClockUpdate) for [Anonymous Symbol]
    __2sprintf.o(.text) refers to _printf_char_common.o(.text) for _printf_char_common
    __2sprintf.o(.text) refers to _sputc.o(.text) for _sputc
    noretval__2sprintf.o(.text) refers to _printf_char_common.o(.text) for _printf_char_common
    noretval__2sprintf.o(.text) refers to _sputc.o(.text) for _sputc
    __printf.o(.text) refers to _printf_percent.o(.ARM.Collect$$_printf_percent$$00000000) for _printf_percent
    _printf_dec.o(.text) refers to _printf_intcommon.o(.text) for _printf_int_common
    __printf_flags.o(.text) refers to _printf_percent.o(.ARM.Collect$$_printf_percent$$00000000) for _printf_percent
    __printf_flags.o(.text) refers to __printf_flags.o(.constdata) for .constdata
    __printf_ss.o(.text) refers to _printf_percent.o(.ARM.Collect$$_printf_percent$$00000000) for _printf_percent
    __printf_flags_ss.o(.text) refers to _printf_percent.o(.ARM.Collect$$_printf_percent$$00000000) for _printf_percent
    __printf_flags_ss.o(.text) refers to __printf_flags_ss.o(.constdata) for .constdata
    __printf_wp.o(.text) refers to __printf_wp.o(i._is_digit) for _is_digit
    __printf_wp.o(.text) refers to _printf_percent.o(.ARM.Collect$$_printf_percent$$00000000) for _printf_percent
    __printf_flags_wp.o(.text) refers to __printf_wp.o(i._is_digit) for _is_digit
    __printf_flags_wp.o(.text) refers to _printf_percent.o(.ARM.Collect$$_printf_percent$$00000000) for _printf_percent
    __printf_flags_wp.o(.text) refers to __printf_flags_wp.o(.constdata) for .constdata
    __printf_ss_wp.o(.text) refers to __printf_wp.o(i._is_digit) for _is_digit
    __printf_ss_wp.o(.text) refers to _printf_percent.o(.ARM.Collect$$_printf_percent$$00000000) for _printf_percent
    __printf_flags_ss_wp.o(.text) refers to __printf_wp.o(i._is_digit) for _is_digit
    __printf_flags_ss_wp.o(.text) refers to _printf_percent.o(.ARM.Collect$$_printf_percent$$00000000) for _printf_percent
    __printf_flags_ss_wp.o(.text) refers to __printf_flags_ss_wp.o(.constdata) for .constdata
    _printf_i.o(.ARM.Collect$$_printf_percent$$00000008) refers (Weak) to _printf_dec.o(.text) for _printf_int_dec
    _printf_u.o(.ARM.Collect$$_printf_percent$$0000000A) refers (Weak) to _printf_dec.o(.text) for _printf_int_dec
    _printf_percent.o(.ARM.Collect$$_printf_percent$$00000000) refers (Special) to _printf_percent_end.o(.ARM.Collect$$_printf_percent$$00000017) for _printf_percent_end
    __main.o(!!!main) refers to __rtentry.o(.ARM.Collect$$rtentry$$00000000) for __rt_entry
    __rtentry.o(.ARM.Collect$$rtentry$$00000000) refers (Special) to __rtentry2.o(.ARM.Collect$$rtentry$$0000000A) for __rt_entry_li
    __rtentry.o(.ARM.Collect$$rtentry$$00000000) refers (Special) to __rtentry2.o(.ARM.Collect$$rtentry$$0000000D) for __rt_entry_main
    __rtentry.o(.ARM.Collect$$rtentry$$00000000) refers (Special) to __rtentry2.o(.ARM.Collect$$rtentry$$0000000C) for __rt_entry_postli_1
    __rtentry.o(.ARM.Collect$$rtentry$$00000000) refers (Special) to __rtentry2.o(.ARM.Collect$$rtentry$$00000009) for __rt_entry_postsh_1
    __rtentry.o(.ARM.Collect$$rtentry$$00000000) refers (Special) to __rtentry2.o(.ARM.Collect$$rtentry$$00000002) for __rt_entry_presh_1
    __rtentry.o(.ARM.Collect$$rtentry$$00000000) refers (Special) to __rtentry4.o(.ARM.Collect$$rtentry$$00000004) for __rt_entry_sh
    _printf_char_common.o(.text) refers to __printf.o(.text) for __printf
    __rtentry2.o(.ARM.Collect$$rtentry$$00000008) refers to boardinit2.o(.text) for _platform_post_stackheap_init
    __rtentry2.o(.ARM.Collect$$rtentry$$0000000A) refers to libinit.o(.ARM.Collect$$libinit$$00000000) for __rt_lib_init
    __rtentry2.o(.ARM.Collect$$rtentry$$0000000B) refers to boardinit3.o(.text) for _platform_post_lib_init
    __rtentry2.o(.ARM.Collect$$rtentry$$0000000D) refers to camera_main.o(.text.main) for main
    __rtentry2.o(.ARM.Collect$$rtentry$$0000000D) refers to exit.o(.text) for exit
    __rtentry2.o(.ARM.exidx) refers to __rtentry2.o(.ARM.Collect$$rtentry$$00000001) for .ARM.Collect$$rtentry$$00000001
    __rtentry2.o(.ARM.exidx) refers to __rtentry2.o(.ARM.Collect$$rtentry$$00000008) for .ARM.Collect$$rtentry$$00000008
    __rtentry2.o(.ARM.exidx) refers to __rtentry2.o(.ARM.Collect$$rtentry$$0000000A) for .ARM.Collect$$rtentry$$0000000A
    __rtentry2.o(.ARM.exidx) refers to __rtentry2.o(.ARM.Collect$$rtentry$$0000000B) for .ARM.Collect$$rtentry$$0000000B
    __rtentry2.o(.ARM.exidx) refers to __rtentry2.o(.ARM.Collect$$rtentry$$0000000D) for .ARM.Collect$$rtentry$$0000000D
    __rtentry4.o(.ARM.Collect$$rtentry$$00000004) refers to sys_stackheap_outer.o(.text) for __user_setup_stackheap
    __rtentry4.o(.ARM.exidx) refers to __rtentry4.o(.ARM.Collect$$rtentry$$00000004) for .ARM.Collect$$rtentry$$00000004
    sys_stackheap_outer.o(.text) refers to libspace.o(.text) for __user_perproc_libspace
    sys_stackheap_outer.o(.text) refers to startup_mk64f12.o(.text) for __user_initial_stackheap
    exit.o(.text) refers to rtexit.o(.ARM.Collect$$rtexit$$00000000) for __rt_exit
    libinit.o(.ARM.Collect$$libinit$$00000000) refers (Special) to libinit2.o(.ARM.Collect$$libinit$$0000002E) for __rt_lib_init_alloca_1
    libinit.o(.ARM.Collect$$libinit$$00000000) refers (Special) to libinit2.o(.ARM.Collect$$libinit$$0000002C) for __rt_lib_init_argv_1
    libinit.o(.ARM.Collect$$libinit$$00000000) refers (Special) to libinit2.o(.ARM.Collect$$libinit$$0000001B) for __rt_lib_init_atexit_1
    libinit.o(.ARM.Collect$$libinit$$00000000) refers (Special) to libinit2.o(.ARM.Collect$$libinit$$00000021) for __rt_lib_init_clock_1
    libinit.o(.ARM.Collect$$libinit$$00000000) refers (Special) to libinit2.o(.ARM.Collect$$libinit$$00000032) for __rt_lib_init_cpp_1
    libinit.o(.ARM.Collect$$libinit$$00000000) refers (Special) to libinit2.o(.ARM.Collect$$libinit$$00000030) for __rt_lib_init_exceptions_1
    libinit.o(.ARM.Collect$$libinit$$00000000) refers (Special) to libinit2.o(.ARM.Collect$$libinit$$00000001) for __rt_lib_init_fp_1
    libinit.o(.ARM.Collect$$libinit$$00000000) refers (Special) to libinit2.o(.ARM.Collect$$libinit$$0000001F) for __rt_lib_init_fp_trap_1
    libinit.o(.ARM.Collect$$libinit$$00000000) refers (Special) to libinit2.o(.ARM.Collect$$libinit$$00000023) for __rt_lib_init_getenv_1
    libinit.o(.ARM.Collect$$libinit$$00000000) refers (Special) to libinit2.o(.ARM.Collect$$libinit$$0000000A) for __rt_lib_init_heap_1
    libinit.o(.ARM.Collect$$libinit$$00000000) refers (Special) to libinit2.o(.ARM.Collect$$libinit$$00000011) for __rt_lib_init_lc_collate_1
    libinit.o(.ARM.Collect$$libinit$$00000000) refers (Special) to libinit2.o(.ARM.Collect$$libinit$$00000013) for __rt_lib_init_lc_ctype_1
    libinit.o(.ARM.Collect$$libinit$$00000000) refers (Special) to libinit2.o(.ARM.Collect$$libinit$$00000015) for __rt_lib_init_lc_monetary_1
    libinit.o(.ARM.Collect$$libinit$$00000000) refers (Special) to libinit2.o(.ARM.Collect$$libinit$$00000017) for __rt_lib_init_lc_numeric_1
    libinit.o(.ARM.Collect$$libinit$$00000000) refers (Special) to libinit2.o(.ARM.Collect$$libinit$$00000019) for __rt_lib_init_lc_time_1
    libinit.o(.ARM.Collect$$libinit$$00000000) refers (Special) to libinit2.o(.ARM.Collect$$libinit$$00000004) for __rt_lib_init_preinit_1
    libinit.o(.ARM.Collect$$libinit$$00000000) refers (Special) to libinit2.o(.ARM.Collect$$libinit$$0000000E) for __rt_lib_init_rand_1
    libinit.o(.ARM.Collect$$libinit$$00000000) refers (Special) to libinit2.o(.ARM.Collect$$libinit$$00000033) for __rt_lib_init_return
    libinit.o(.ARM.Collect$$libinit$$00000000) refers (Special) to libinit2.o(.ARM.Collect$$libinit$$0000001D) for __rt_lib_init_signal_1
    libinit.o(.ARM.Collect$$libinit$$00000000) refers (Special) to libinit2.o(.ARM.Collect$$libinit$$00000025) for __rt_lib_init_stdio_1
    libinit.o(.ARM.Collect$$libinit$$00000000) refers (Special) to libinit2.o(.ARM.Collect$$libinit$$0000000C) for __rt_lib_init_user_alloc_1
    libspace.o(.text) refers to libspace.o(.bss) for __libspace_start
    rtexit.o(.ARM.Collect$$rtexit$$00000000) refers (Special) to rtexit2.o(.ARM.Collect$$rtexit$$00000004) for __rt_exit_exit
    rtexit.o(.ARM.Collect$$rtexit$$00000000) refers (Special) to rtexit2.o(.ARM.Collect$$rtexit$$00000003) for __rt_exit_ls
    rtexit.o(.ARM.Collect$$rtexit$$00000000) refers (Special) to rtexit2.o(.ARM.Collect$$rtexit$$00000002) for __rt_exit_prels_1
    rtexit.o(.ARM.exidx) refers (Special) to rtexit2.o(.ARM.Collect$$rtexit$$00000004) for __rt_exit_exit
    rtexit.o(.ARM.exidx) refers (Special) to rtexit2.o(.ARM.Collect$$rtexit$$00000003) for __rt_exit_ls
    rtexit.o(.ARM.exidx) refers (Special) to rtexit2.o(.ARM.Collect$$rtexit$$00000002) for __rt_exit_prels_1
    rtexit.o(.ARM.exidx) refers to rtexit.o(.ARM.Collect$$rtexit$$00000000) for .ARM.Collect$$rtexit$$00000000
    libinit2.o(.ARM.Collect$$libinit$$00000001) refers to fpinit.o(x$fpl$fpinit) for _fp_init
    libinit2.o(.ARM.Collect$$libinit$$00000010) refers to libinit2.o(.ARM.Collect$$libinit$$0000000F) for .ARM.Collect$$libinit$$0000000F
    libinit2.o(.ARM.Collect$$libinit$$00000012) refers to libinit2.o(.ARM.Collect$$libinit$$0000000F) for .ARM.Collect$$libinit$$0000000F
    libinit2.o(.ARM.Collect$$libinit$$00000014) refers to libinit2.o(.ARM.Collect$$libinit$$0000000F) for .ARM.Collect$$libinit$$0000000F
    libinit2.o(.ARM.Collect$$libinit$$00000016) refers to libinit2.o(.ARM.Collect$$libinit$$0000000F) for .ARM.Collect$$libinit$$0000000F
    libinit2.o(.ARM.Collect$$libinit$$00000018) refers to libinit2.o(.ARM.Collect$$libinit$$0000000F) for .ARM.Collect$$libinit$$0000000F
    libinit2.o(.ARM.Collect$$libinit$$00000026) refers to argv_veneer.o(.emb_text) for __ARM_argv_veneer
    libinit2.o(.ARM.Collect$$libinit$$00000027) refers to argv_veneer.o(.emb_text) for __ARM_argv_veneer
    rtexit2.o(.ARM.Collect$$rtexit$$00000003) refers to libshutdown.o(.ARM.Collect$$libshutdown$$00000000) for __rt_lib_shutdown
    rtexit2.o(.ARM.Collect$$rtexit$$00000004) refers to sys_exit.o(.text) for _sys_exit
    rtexit2.o(.ARM.exidx) refers to rtexit2.o(.ARM.Collect$$rtexit$$00000001) for .ARM.Collect$$rtexit$$00000001
    rtexit2.o(.ARM.exidx) refers to rtexit2.o(.ARM.Collect$$rtexit$$00000003) for .ARM.Collect$$rtexit$$00000003
    rtexit2.o(.ARM.exidx) refers to rtexit2.o(.ARM.Collect$$rtexit$$00000004) for .ARM.Collect$$rtexit$$00000004
    argv_veneer.o(.emb_text) refers to no_argv.o(.text) for __ARM_get_argv
    sys_exit.o(.text) refers (Special) to use_no_semi.o(.text) for __I$use$semihosting
    sys_exit.o(.text) refers (Special) to indicate_semi.o(.text) for __semihosting_library_function
    sys_exit_hlt.o(.text) refers (Special) to use_no_semi.o(.text) for __I$use$semihosting
    sys_exit_hlt.o(.text) refers (Special) to indicate_semi.o(.text) for __semihosting_library_function
    _get_argv_nomalloc.o(.text) refers (Special) to hrguard.o(.text) for __heap_region$guard
    _get_argv_nomalloc.o(.text) refers to defsig_rtmem_outer.o(.text) for __rt_SIGRTMEM
    _get_argv_nomalloc.o(.text) refers to sys_command.o(.text) for _sys_command_string
    libshutdown.o(.ARM.Collect$$libshutdown$$00000000) refers (Special) to libshutdown2.o(.ARM.Collect$$libshutdown$$00000002) for __rt_lib_shutdown_cpp_1
    libshutdown.o(.ARM.Collect$$libshutdown$$00000000) refers (Special) to libshutdown2.o(.ARM.Collect$$libshutdown$$00000007) for __rt_lib_shutdown_fp_trap_1
    libshutdown.o(.ARM.Collect$$libshutdown$$00000000) refers (Special) to libshutdown2.o(.ARM.Collect$$libshutdown$$0000000F) for __rt_lib_shutdown_heap_1
    libshutdown.o(.ARM.Collect$$libshutdown$$00000000) refers (Special) to libshutdown2.o(.ARM.Collect$$libshutdown$$00000010) for __rt_lib_shutdown_return
    libshutdown.o(.ARM.Collect$$libshutdown$$00000000) refers (Special) to libshutdown2.o(.ARM.Collect$$libshutdown$$0000000A) for __rt_lib_shutdown_signal_1
    libshutdown.o(.ARM.Collect$$libshutdown$$00000000) refers (Special) to libshutdown2.o(.ARM.Collect$$libshutdown$$00000004) for __rt_lib_shutdown_stdio_1
    libshutdown.o(.ARM.Collect$$libshutdown$$00000000) refers (Special) to libshutdown2.o(.ARM.Collect$$libshutdown$$0000000C) for __rt_lib_shutdown_user_alloc_1
    sys_command.o(.text) refers (Special) to use_no_semi.o(.text) for __I$use$semihosting
    sys_command.o(.text) refers (Special) to indicate_semi.o(.text) for __semihosting_library_function
    sys_command_hlt.o(.text) refers (Special) to use_no_semi.o(.text) for __I$use$semihosting
    sys_command_hlt.o(.text) refers (Special) to indicate_semi.o(.text) for __semihosting_library_function
    defsig_rtmem_outer.o(.text) refers to defsig_rtmem_inner.o(.text) for __rt_SIGRTMEM_inner
    defsig_rtmem_outer.o(.text) refers to defsig_exit.o(.text) for __sig_exit
    defsig_rtmem_formal.o(.text) refers to rt_raise.o(.text) for __rt_raise
    rt_raise.o(.text) refers to __raise.o(.text) for __raise
    rt_raise.o(.text) refers to sys_exit.o(.text) for _sys_exit
    defsig_exit.o(.text) refers to sys_exit.o(.text) for _sys_exit
    defsig_rtmem_inner.o(.text) refers to defsig_general.o(.text) for __default_signal_display
    __raise.o(.text) refers to defsig.o(CL$$defsig) for __default_signal_handler
    defsig_general.o(.text) refers to sys_wrch.o(.text) for _ttywrch
    sys_wrch.o(.text) refers (Special) to use_no_semi.o(.text) for __I$use$semihosting
    sys_wrch.o(.text) refers (Special) to indicate_semi.o(.text) for __semihosting_library_function
    sys_wrch_hlt.o(.text) refers (Special) to use_no_semi.o(.text) for __I$use$semihosting
    sys_wrch_hlt.o(.text) refers (Special) to indicate_semi.o(.text) for __semihosting_library_function
    defsig.o(CL$$defsig) refers to defsig_rtmem_inner.o(.text) for __rt_SIGRTMEM_inner
    defsig_abrt_inner.o(.text) refers to defsig_general.o(.text) for __default_signal_display
    defsig_fpe_inner.o(.text) refers to defsig_general.o(.text) for __default_signal_display
    defsig_rtred_inner.o(.text) refers to defsig_general.o(.text) for __default_signal_display
    defsig_stak_inner.o(.text) refers to defsig_general.o(.text) for __default_signal_display
    defsig_pvfn_inner.o(.text) refers to defsig_general.o(.text) for __default_signal_display
    defsig_cppl_inner.o(.text) refers to defsig_general.o(.text) for __default_signal_display
    defsig_segv_inner.o(.text) refers to defsig_general.o(.text) for __default_signal_display
    defsig_other.o(.text) refers to defsig_general.o(.text) for __default_signal_display


==============================================================================

Removing Unused input sections from the image.

    Removing isr.o(.text), (0 bytes).
    Removing isr.o(.ARM.exidx.text.PDB0_IRQHandler), (8 bytes).
    Removing isr.o(.ARM.exidx.text.FTM0_IRQHandler), (8 bytes).
    Removing isr.o(.ARM.exidx.text.PORTA_IRQHandler), (8 bytes).
    Removing isr.o(.ARM.exidx.text.PORTC_IRQHandler), (8 bytes).
    Removing led.o(.text), (0 bytes).
    Removing led.o(.ARM.exidx.text.LED_Off), (8 bytes).
    Removing led.o(.ARM.exidx.text.LED_Init), (8 bytes).
    Removing led.o(.text.Delay), (40 bytes).
    Removing led.o(.ARM.exidx.text.Delay), (8 bytes).
    Removing led.o(.text.Flash_LED), (16 bytes).
    Removing led.o(.ARM.exidx.text.Flash_LED), (8 bytes).
    Removing led.o(.text.LED_On), (162 bytes).
    Removing led.o(.ARM.exidx.text.LED_On), (8 bytes).
    Removing switch.o(.text), (0 bytes).
    Removing switch.o(.text.Switch2_Init), (44 bytes).
    Removing switch.o(.ARM.exidx.text.Switch2_Init), (8 bytes).
    Removing switch.o(.ARM.exidx.text.Switch2_Pressed), (8 bytes).
    Removing switch.o(.text.Switch3_Init), (44 bytes).
    Removing switch.o(.ARM.exidx.text.Switch3_Init), (8 bytes).
    Removing uart.o(.text), (0 bytes).
    Removing uart.o(.ARM.exidx.text.UART0_Init), (8 bytes).
    Removing uart.o(.text.UART3_Init), (128 bytes).
    Removing uart.o(.ARM.exidx.text.UART3_Init), (8 bytes).
    Removing uart.o(.text.UART0_Getchar), (18 bytes).
    Removing uart.o(.ARM.exidx.text.UART0_Getchar), (8 bytes).
    Removing uart.o(.text.UART3_Getchar), (18 bytes).
    Removing uart.o(.ARM.exidx.text.UART3_Getchar), (8 bytes).
    Removing uart.o(.ARM.exidx.text.UART0_Putchar), (8 bytes).
    Removing uart.o(.text.UART3_Putchar), (22 bytes).
    Removing uart.o(.ARM.exidx.text.UART3_Putchar), (8 bytes).
    Removing uart.o(.ARM.exidx.text.UART0_Put), (8 bytes).
    Removing uart.o(.text.UART3_Put), (28 bytes).
    Removing uart.o(.ARM.exidx.text.UART3_Put), (8 bytes).
    Removing uart.o(.ARM.exidx.text.UART0_PutNumU), (8 bytes).
    Removing camera_main.o(.text), (0 bytes).
    Removing camera_main.o(.ARM.exidx.text.main), (8 bytes).
    Removing camera_main.o(.ARM.exidx.text.GPIO_Init), (8 bytes).
    Removing camera_main.o(.ARM.exidx.text.FTM2_Init), (8 bytes).
    Removing camera_main.o(.ARM.exidx.text.ADC0_Init), (8 bytes).
    Removing camera_main.o(.ARM.exidx.text.PIT_Init), (8 bytes).
    Removing camera_main.o(.ARM.exidx.text.ADC0_IRQHandler), (8 bytes).
    Removing camera_main.o(.ARM.exidx.text.FTM2_IRQHandler), (8 bytes).
    Removing camera_main.o(.ARM.exidx.text.PIT0_IRQHandler), (8 bytes).
    Removing camera_main.o(.ARM.exidx.text.__NVIC_EnableIRQ), (8 bytes).
    Removing camera_main.o(.ARM.use_no_argv), (4 bytes).
    Removing system_mk64f12.o(.text), (0 bytes).
    Removing system_mk64f12.o(.ARM.exidx.text.SystemInit), (8 bytes).
    Removing system_mk64f12.o(.text.SystemCoreClockUpdate), (278 bytes).
    Removing system_mk64f12.o(.ARM.exidx.text.SystemCoreClockUpdate), (8 bytes).
    Removing system_mk64f12.o(.data.SystemCoreClock), (4 bytes).

51 unused section(s) (total 1062 bytes) removed from the image.

==============================================================================

Image Symbol Table

    Local Symbols

    Symbol Name                              Value     Ov Type        Size  Object(Section)

    ../clib/angel/boardlib.s                 0x00000000   Number         0  boardinit1.o ABSOLUTE
    ../clib/angel/boardlib.s                 0x00000000   Number         0  boardinit2.o ABSOLUTE
    ../clib/angel/boardlib.s                 0x00000000   Number         0  boardinit3.o ABSOLUTE
    ../clib/angel/boardlib.s                 0x00000000   Number         0  boardshut.o ABSOLUTE
    ../clib/angel/handlers.s                 0x00000000   Number         0  __scatter_copy.o ABSOLUTE
    ../clib/angel/handlers.s                 0x00000000   Number         0  __scatter_zi.o ABSOLUTE
    ../clib/angel/kernel.s                   0x00000000   Number         0  __rtentry.o ABSOLUTE
    ../clib/angel/kernel.s                   0x00000000   Number         0  __rtentry2.o ABSOLUTE
    ../clib/angel/kernel.s                   0x00000000   Number         0  __rtentry4.o ABSOLUTE
    ../clib/angel/kernel.s                   0x00000000   Number         0  rtexit.o ABSOLUTE
    ../clib/angel/kernel.s                   0x00000000   Number         0  rtexit2.o ABSOLUTE
    ../clib/angel/rt.s                       0x00000000   Number         0  rt_raise.o ABSOLUTE
    ../clib/angel/scatter.s                  0x00000000   Number         0  __scatter.o ABSOLUTE
    ../clib/angel/startup.s                  0x00000000   Number         0  __main.o ABSOLUTE
    ../clib/angel/sys.s                      0x00000000   Number         0  sys_stackheap_outer.o ABSOLUTE
    ../clib/angel/sys.s                      0x00000000   Number         0  libspace.o ABSOLUTE
    ../clib/angel/sys.s                      0x00000000   Number         0  use_no_semi.o ABSOLUTE
    ../clib/angel/sys.s                      0x00000000   Number         0  indicate_semi.o ABSOLUTE
    ../clib/angel/sysapp.c                   0x00000000   Number         0  sys_exit.o ABSOLUTE
    ../clib/angel/sysapp.c                   0x00000000   Number         0  sys_exit_hlt.o ABSOLUTE
    ../clib/angel/sysapp.c                   0x00000000   Number         0  sys_command.o ABSOLUTE
    ../clib/angel/sysapp.c                   0x00000000   Number         0  sys_command_hlt.o ABSOLUTE
    ../clib/angel/sysapp.c                   0x00000000   Number         0  sys_wrch.o ABSOLUTE
    ../clib/angel/sysapp.c                   0x00000000   Number         0  sys_wrch_hlt.o ABSOLUTE
    ../clib/armsys.c                         0x00000000   Number         0  argv_veneer.o ABSOLUTE
    ../clib/armsys.c                         0x00000000   Number         0  argv_veneer.o ABSOLUTE
    ../clib/armsys.c                         0x00000000   Number         0  _get_argv_nomalloc.o ABSOLUTE
    ../clib/armsys.c                         0x00000000   Number         0  no_argv.o ABSOLUTE
    ../clib/heapalloc.c                      0x00000000   Number         0  hrguard.o ABSOLUTE
    ../clib/heapaux.c                        0x00000000   Number         0  heapauxi.o ABSOLUTE
    ../clib/libinit.s                        0x00000000   Number         0  libinit.o ABSOLUTE
    ../clib/libinit.s                        0x00000000   Number         0  libinit2.o ABSOLUTE
    ../clib/libinit.s                        0x00000000   Number         0  libshutdown.o ABSOLUTE
    ../clib/libinit.s                        0x00000000   Number         0  libshutdown2.o ABSOLUTE
    ../clib/printf.c                         0x00000000   Number         0  __2sprintf.o ABSOLUTE
    ../clib/printf.c                         0x00000000   Number         0  noretval__2sprintf.o ABSOLUTE
    ../clib/printf.c                         0x00000000   Number         0  __printf.o ABSOLUTE
    ../clib/printf.c                         0x00000000   Number         0  _printf_dec.o ABSOLUTE
    ../clib/printf.c                         0x00000000   Number         0  __printf_flags.o ABSOLUTE
    ../clib/printf.c                         0x00000000   Number         0  __printf_ss.o ABSOLUTE
    ../clib/printf.c                         0x00000000   Number         0  __printf_flags_ss.o ABSOLUTE
    ../clib/printf.c                         0x00000000   Number         0  __printf_wp.o ABSOLUTE
    ../clib/printf.c                         0x00000000   Number         0  __printf_flags_wp.o ABSOLUTE
    ../clib/printf.c                         0x00000000   Number         0  __printf_ss_wp.o ABSOLUTE
    ../clib/printf.c                         0x00000000   Number         0  __printf_flags_ss_wp.o ABSOLUTE
    ../clib/printf.c                         0x00000000   Number         0  _printf_intcommon.o ABSOLUTE
    ../clib/printf.c                         0x00000000   Number         0  _printf_char_common.o ABSOLUTE
    ../clib/printf.c                         0x00000000   Number         0  _sputc.o ABSOLUTE
    ../clib/printf.c                         0x00000000   Number         0  __printf_nopercent.o ABSOLUTE
    ../clib/printf_percent.s                 0x00000000   Number         0  _printf_i.o ABSOLUTE
    ../clib/printf_percent.s                 0x00000000   Number         0  _printf_u.o ABSOLUTE
    ../clib/printf_percent.s                 0x00000000   Number         0  _printf_percent.o ABSOLUTE
    ../clib/printf_percent.s                 0x00000000   Number         0  _printf_percent_end.o ABSOLUTE
    ../clib/signal.c                         0x00000000   Number         0  defsig_rtmem_outer.o ABSOLUTE
    ../clib/signal.c                         0x00000000   Number         0  defsig_rtmem_formal.o ABSOLUTE
    ../clib/signal.c                         0x00000000   Number         0  defsig_exit.o ABSOLUTE
    ../clib/signal.c                         0x00000000   Number         0  defsig_rtmem_inner.o ABSOLUTE
    ../clib/signal.c                         0x00000000   Number         0  __raise.o ABSOLUTE
    ../clib/signal.c                         0x00000000   Number         0  defsig_general.o ABSOLUTE
    ../clib/signal.c                         0x00000000   Number         0  defsig_abrt_inner.o ABSOLUTE
    ../clib/signal.c                         0x00000000   Number         0  defsig_fpe_inner.o ABSOLUTE
    ../clib/signal.c                         0x00000000   Number         0  defsig_rtred_inner.o ABSOLUTE
    ../clib/signal.c                         0x00000000   Number         0  defsig_stak_inner.o ABSOLUTE
    ../clib/signal.c                         0x00000000   Number         0  defsig_pvfn_inner.o ABSOLUTE
    ../clib/signal.c                         0x00000000   Number         0  defsig_cppl_inner.o ABSOLUTE
    ../clib/signal.c                         0x00000000   Number         0  defsig_segv_inner.o ABSOLUTE
    ../clib/signal.c                         0x00000000   Number         0  defsig_other.o ABSOLUTE
    ../clib/signal.s                         0x00000000   Number         0  defsig.o ABSOLUTE
    ../clib/stdlib.c                         0x00000000   Number         0  exit.o ABSOLUTE
    ../fplib/fpinit.s                        0x00000000   Number         0  fpinit.o ABSOLUTE
    RTE/Device/MK64FN1M0xxx12/startup_MK64F12.s 0x00000000   Number         0  startup_mk64f12.o ABSOLUTE
    camera_main.c                            0x00000000   Number         0  camera_main.o ABSOLUTE
    dc.s                                     0x00000000   Number         0  dc.o ABSOLUTE
    isr.c                                    0x00000000   Number         0  isr.o ABSOLUTE
    led.c                                    0x00000000   Number         0  led.o ABSOLUTE
    switch.c                                 0x00000000   Number         0  switch.o ABSOLUTE
    system_MK64F12.c                         0x00000000   Number         0  system_mk64f12.o ABSOLUTE
    uart.c                                   0x00000000   Number         0  uart.o ABSOLUTE
    RESET                                    0x00000000   Section     1024  startup_mk64f12.o(RESET)
    .ARM.__at_0x400                          0x00000400   Section       16  startup_mk64f12.o(.ARM.__at_0x400)
    !!!main                                  0x00000410   Section        8  __main.o(!!!main)
    !!!scatter                               0x00000418   Section       52  __scatter.o(!!!scatter)
    !!handler_copy                           0x0000044c   Section       26  __scatter_copy.o(!!handler_copy)
    !!handler_zi                             0x00000468   Section       28  __scatter_zi.o(!!handler_zi)
    .ARM.Collect$$_printf_percent$$00000000  0x00000484   Section        0  _printf_percent.o(.ARM.Collect$$_printf_percent$$00000000)
    .ARM.Collect$$_printf_percent$$00000008  0x00000484   Section        6  _printf_i.o(.ARM.Collect$$_printf_percent$$00000008)
    .ARM.Collect$$_printf_percent$$0000000A  0x0000048a   Section        6  _printf_u.o(.ARM.Collect$$_printf_percent$$0000000A)
    .ARM.Collect$$_printf_percent$$00000017  0x00000490   Section        4  _printf_percent_end.o(.ARM.Collect$$_printf_percent$$00000017)
    .ARM.Collect$$libinit$$00000000          0x00000494   Section        2  libinit.o(.ARM.Collect$$libinit$$00000000)
    .ARM.Collect$$libinit$$00000001          0x00000496   Section        4  libinit2.o(.ARM.Collect$$libinit$$00000001)
    .ARM.Collect$$libinit$$00000004          0x0000049a   Section        0  libinit2.o(.ARM.Collect$$libinit$$00000004)
    .ARM.Collect$$libinit$$0000000A          0x0000049a   Section        0  libinit2.o(.ARM.Collect$$libinit$$0000000A)
    .ARM.Collect$$libinit$$0000000C          0x0000049a   Section        0  libinit2.o(.ARM.Collect$$libinit$$0000000C)
    .ARM.Collect$$libinit$$0000000E          0x0000049a   Section        0  libinit2.o(.ARM.Collect$$libinit$$0000000E)
    .ARM.Collect$$libinit$$00000011          0x0000049a   Section        0  libinit2.o(.ARM.Collect$$libinit$$00000011)
    .ARM.Collect$$libinit$$00000013          0x0000049a   Section        0  libinit2.o(.ARM.Collect$$libinit$$00000013)
    .ARM.Collect$$libinit$$00000015          0x0000049a   Section        0  libinit2.o(.ARM.Collect$$libinit$$00000015)
    .ARM.Collect$$libinit$$00000017          0x0000049a   Section        0  libinit2.o(.ARM.Collect$$libinit$$00000017)
    .ARM.Collect$$libinit$$00000019          0x0000049a   Section        0  libinit2.o(.ARM.Collect$$libinit$$00000019)
    .ARM.Collect$$libinit$$0000001B          0x0000049a   Section        0  libinit2.o(.ARM.Collect$$libinit$$0000001B)
    .ARM.Collect$$libinit$$0000001D          0x0000049a   Section        0  libinit2.o(.ARM.Collect$$libinit$$0000001D)
    .ARM.Collect$$libinit$$0000001F          0x0000049a   Section        0  libinit2.o(.ARM.Collect$$libinit$$0000001F)
    .ARM.Collect$$libinit$$00000021          0x0000049a   Section        0  libinit2.o(.ARM.Collect$$libinit$$00000021)
    .ARM.Collect$$libinit$$00000023          0x0000049a   Section        0  libinit2.o(.ARM.Collect$$libinit$$00000023)
    .ARM.Collect$$libinit$$00000025          0x0000049a   Section        0  libinit2.o(.ARM.Collect$$libinit$$00000025)
    .ARM.Collect$$libinit$$0000002C          0x0000049a   Section        0  libinit2.o(.ARM.Collect$$libinit$$0000002C)
    .ARM.Collect$$libinit$$0000002E          0x0000049a   Section        0  libinit2.o(.ARM.Collect$$libinit$$0000002E)
    .ARM.Collect$$libinit$$00000030          0x0000049a   Section        0  libinit2.o(.ARM.Collect$$libinit$$00000030)
    .ARM.Collect$$libinit$$00000032          0x0000049a   Section        0  libinit2.o(.ARM.Collect$$libinit$$00000032)
    .ARM.Collect$$libinit$$00000033          0x0000049a   Section        2  libinit2.o(.ARM.Collect$$libinit$$00000033)
    .ARM.Collect$$libshutdown$$00000000      0x0000049c   Section        2  libshutdown.o(.ARM.Collect$$libshutdown$$00000000)
    .ARM.Collect$$libshutdown$$00000002      0x0000049e   Section        0  libshutdown2.o(.ARM.Collect$$libshutdown$$00000002)
    .ARM.Collect$$libshutdown$$00000004      0x0000049e   Section        0  libshutdown2.o(.ARM.Collect$$libshutdown$$00000004)
    .ARM.Collect$$libshutdown$$00000007      0x0000049e   Section        0  libshutdown2.o(.ARM.Collect$$libshutdown$$00000007)
    .ARM.Collect$$libshutdown$$0000000A      0x0000049e   Section        0  libshutdown2.o(.ARM.Collect$$libshutdown$$0000000A)
    .ARM.Collect$$libshutdown$$0000000C      0x0000049e   Section        0  libshutdown2.o(.ARM.Collect$$libshutdown$$0000000C)
    .ARM.Collect$$libshutdown$$0000000F      0x0000049e   Section        0  libshutdown2.o(.ARM.Collect$$libshutdown$$0000000F)
    .ARM.Collect$$libshutdown$$00000010      0x0000049e   Section        2  libshutdown2.o(.ARM.Collect$$libshutdown$$00000010)
    .ARM.Collect$$rtentry$$00000000          0x000004a0   Section        0  __rtentry.o(.ARM.Collect$$rtentry$$00000000)
    .ARM.Collect$$rtentry$$00000002          0x000004a0   Section        0  __rtentry2.o(.ARM.Collect$$rtentry$$00000002)
    .ARM.Collect$$rtentry$$00000004          0x000004a0   Section        6  __rtentry4.o(.ARM.Collect$$rtentry$$00000004)
    .ARM.Collect$$rtentry$$00000009          0x000004a6   Section        0  __rtentry2.o(.ARM.Collect$$rtentry$$00000009)
    .ARM.Collect$$rtentry$$0000000A          0x000004a6   Section        4  __rtentry2.o(.ARM.Collect$$rtentry$$0000000A)
    .ARM.Collect$$rtentry$$0000000C          0x000004aa   Section        0  __rtentry2.o(.ARM.Collect$$rtentry$$0000000C)
    .ARM.Collect$$rtentry$$0000000D          0x000004aa   Section        8  __rtentry2.o(.ARM.Collect$$rtentry$$0000000D)
    .ARM.Collect$$rtexit$$00000000           0x000004b2   Section        2  rtexit.o(.ARM.Collect$$rtexit$$00000000)
    .ARM.Collect$$rtexit$$00000002           0x000004b4   Section        0  rtexit2.o(.ARM.Collect$$rtexit$$00000002)
    .ARM.Collect$$rtexit$$00000003           0x000004b4   Section        4  rtexit2.o(.ARM.Collect$$rtexit$$00000003)
    .ARM.Collect$$rtexit$$00000004           0x000004b8   Section        6  rtexit2.o(.ARM.Collect$$rtexit$$00000004)
    $v0                                      0x000004c0   Number         0  startup_mk64f12.o(.text)
    .text                                    0x000004c0   Section       72  startup_mk64f12.o(.text)
    .text                                    0x00000508   Section        0  noretval__2sprintf.o(.text)
    .text                                    0x00000530   Section        0  __printf.o(.text)
    .text                                    0x00000598   Section        0  _printf_dec.o(.text)
    .text                                    0x00000610   Section        0  heapauxi.o(.text)
    .text                                    0x00000616   Section        0  _printf_intcommon.o(.text)
    _printf_input_char                       0x000006c9   Thumb Code    10  _printf_char_common.o(.text)
    .text                                    0x000006c8   Section        0  _printf_char_common.o(.text)
    .text                                    0x000006f8   Section        0  _sputc.o(.text)
    .text                                    0x00000702   Section       74  sys_stackheap_outer.o(.text)
    .text                                    0x0000074c   Section        0  exit.o(.text)
    .text                                    0x00000760   Section        8  libspace.o(.text)
    .text                                    0x00000768   Section        0  sys_exit.o(.text)
    .text                                    0x00000774   Section        2  use_no_semi.o(.text)
    .text                                    0x00000776   Section        0  indicate_semi.o(.text)
    [Anonymous Symbol]                       0x00000778   Section        0  camera_main.o(.text.ADC0_IRQHandler)
    [Anonymous Symbol]                       0x00000790   Section        0  camera_main.o(.text.ADC0_Init)
    [Anonymous Symbol]                       0x00000834   Section        0  isr.o(.text.FTM0_IRQHandler)
    [Anonymous Symbol]                       0x00000864   Section        0  camera_main.o(.text.FTM2_IRQHandler)
    [Anonymous Symbol]                       0x00000914   Section        0  camera_main.o(.text.FTM2_Init)
    [Anonymous Symbol]                       0x000009d4   Section        0  camera_main.o(.text.GPIO_Init)
    [Anonymous Symbol]                       0x00000a14   Section        0  led.o(.text.LED_Init)
    [Anonymous Symbol]                       0x00000a6c   Section        0  led.o(.text.LED_Off)
    [Anonymous Symbol]                       0x00000a84   Section        0  isr.o(.text.PDB0_IRQHandler)
    [Anonymous Symbol]                       0x00000aa8   Section        0  camera_main.o(.text.PIT0_IRQHandler)
    [Anonymous Symbol]                       0x00000adc   Section        0  camera_main.o(.text.PIT_Init)
    [Anonymous Symbol]                       0x00000b40   Section        0  isr.o(.text.PORTA_IRQHandler)
    [Anonymous Symbol]                       0x00000b8c   Section        0  isr.o(.text.PORTC_IRQHandler)
    [Anonymous Symbol]                       0x00000c0c   Section        0  switch.o(.text.Switch2_Pressed)
    [Anonymous Symbol]                       0x00000c20   Section        0  system_mk64f12.o(.text.SystemInit)
    [Anonymous Symbol]                       0x00000cbc   Section        0  uart.o(.text.UART0_Init)
    [Anonymous Symbol]                       0x00000d3c   Section        0  uart.o(.text.UART0_Put)
    [Anonymous Symbol]                       0x00000d58   Section        0  uart.o(.text.UART0_PutNumU)
    [Anonymous Symbol]                       0x00000d78   Section        0  uart.o(.text.UART0_Putchar)
    __NVIC_EnableIRQ                         0x00000d91   Thumb Code    22  camera_main.o(.text.__NVIC_EnableIRQ)
    [Anonymous Symbol]                       0x00000d90   Section        0  camera_main.o(.text.__NVIC_EnableIRQ)
    [Anonymous Symbol]                       0x00000da8   Section        0  camera_main.o(.text.main)
    $v0                                      0x00000e52   Number         0  fpinit.o(x$fpl$fpinit)
    x$fpl$fpinit                             0x00000e52   Section       26  fpinit.o(x$fpl$fpinit)
    .L.str                                   0x00000e6c   Data           5  camera_main.o(.rodata.str1.1)
    [Anonymous Symbol]                       0x00000e6c   Section        0  camera_main.o(.rodata.str1.1)
    pixcnt                                   0x20000000   Data           4  camera_main.o(.data.pixcnt)
    [Anonymous Symbol]                       0x20000000   Section        0  camera_main.o(.data.pixcnt)
    .bss                                     0x20000008   Section       96  libspace.o(.bss)
    capcnt                                   0x2000006c   Data           4  camera_main.o(.bss.capcnt)
    [Anonymous Symbol]                       0x2000006c   Section        0  camera_main.o(.bss.capcnt)
    pdb_state                                0x20000170   Data           1  isr.o(.bss.pdb_state)
    [Anonymous Symbol]                       0x20000170   Section        0  isr.o(.bss.pdb_state)
    str                                      0x20000171   Data         100  camera_main.o(.bss.str)
    [Anonymous Symbol]                       0x20000171   Section        0  camera_main.o(.bss.str)
    switch_2_cnt                             0x200001d8   Data           4  isr.o(.bss.switch_2_cnt)
    [Anonymous Symbol]                       0x200001d8   Section        0  isr.o(.bss.switch_2_cnt)
    switch_2_pressed                         0x200001dc   Data           1  isr.o(.bss.switch_2_pressed)
    [Anonymous Symbol]                       0x200001dc   Section        0  isr.o(.bss.switch_2_pressed)
    Heap_Mem                                 0x200001e0   Data           0  startup_mk64f12.o(HEAP)
    Stack_Mem                                0x200001e0   Data        1024  startup_mk64f12.o(STACK)
    HEAP                                     0x200001e0   Section        0  startup_mk64f12.o(HEAP)
    STACK                                    0x200001e0   Section     1024  startup_mk64f12.o(STACK)
    __initial_sp                             0x200005e0   Data           0  startup_mk64f12.o(STACK)

    Global Symbols

    Symbol Name                              Value     Ov Type        Size  Object(Section)

    BuildAttributes$$THM_ISAv4$E$P$D$K$B$S$7EM$VFPi3$EXTD16$VFPS$VFMA$PE$A:L22UL41UL21$X:L11$S22US41US21$IEEE1$IW$~IW$USESV6$~STKCKD$USESV7$~SHL$OTIME$ROPI$EBA8$UX$STANDARDLIB$REQ8$PRES8$EABIv2 0x00000000   Number         0  anon$$obj.o ABSOLUTE
    __Vectors                                0x00000000   Data           4  startup_mk64f12.o(RESET)
    __ARM_exceptions_init                     - Undefined Weak Reference
    __alloca_initialize                       - Undefined Weak Reference
    __arm_preinit_                            - Undefined Weak Reference
    __cpp_initialize__aeabi_                  - Undefined Weak Reference
    __cxa_finalize                            - Undefined Weak Reference
    __rt_locale                               - Undefined Weak Reference
    __sigvec_lookup                           - Undefined Weak Reference
    _atexit_init                              - Undefined Weak Reference
    _call_atexit_fns                          - Undefined Weak Reference
    _clock_init                               - Undefined Weak Reference
    _fp_trap_init                             - Undefined Weak Reference
    _fp_trap_shutdown                         - Undefined Weak Reference
    _get_lc_collate                           - Undefined Weak Reference
    _get_lc_ctype                             - Undefined Weak Reference
    _get_lc_monetary                          - Undefined Weak Reference
    _get_lc_numeric                           - Undefined Weak Reference
    _get_lc_time                              - Undefined Weak Reference
    _getenv_init                              - Undefined Weak Reference
    _handle_redirection                       - Undefined Weak Reference
    _init_alloc                               - Undefined Weak Reference
    _init_user_alloc                          - Undefined Weak Reference
    _initio                                   - Undefined Weak Reference
    _printf_post_padding                      - Undefined Weak Reference
    _printf_pre_padding                       - Undefined Weak Reference
    _printf_truncate_signed                   - Undefined Weak Reference
    _printf_truncate_unsigned                 - Undefined Weak Reference
    _rand_init                                - Undefined Weak Reference
    _signal_finish                            - Undefined Weak Reference
    _signal_init                              - Undefined Weak Reference
    _terminate_alloc                          - Undefined Weak Reference
    _terminate_user_alloc                     - Undefined Weak Reference
    _terminateio                              - Undefined Weak Reference
    __Vectors_End                            0x00000400   Data           0  startup_mk64f12.o(RESET)
    __Vectors_Size                           0x00000400   Number         0  startup_mk64f12.o ABSOLUTE
    __main                                   0x00000411   Thumb Code     8  __main.o(!!!main)
    __scatterload                            0x00000419   Thumb Code     0  __scatter.o(!!!scatter)
    __scatterload_rt2                        0x00000419   Thumb Code    44  __scatter.o(!!!scatter)
    __scatterload_rt2_thumb_only             0x00000419   Thumb Code     0  __scatter.o(!!!scatter)
    __scatterload_null                       0x00000427   Thumb Code     0  __scatter.o(!!!scatter)
    __scatterload_copy                       0x0000044d   Thumb Code    26  __scatter_copy.o(!!handler_copy)
    __scatterload_zeroinit                   0x00000469   Thumb Code    28  __scatter_zi.o(!!handler_zi)
    _printf_i                                0x00000485   Thumb Code     0  _printf_i.o(.ARM.Collect$$_printf_percent$$00000008)
    _printf_percent                          0x00000485   Thumb Code     0  _printf_percent.o(.ARM.Collect$$_printf_percent$$00000000)
    _printf_u                                0x0000048b   Thumb Code     0  _printf_u.o(.ARM.Collect$$_printf_percent$$0000000A)
    _printf_percent_end                      0x00000491   Thumb Code     0  _printf_percent_end.o(.ARM.Collect$$_printf_percent$$00000017)
    __rt_lib_init                            0x00000495   Thumb Code     0  libinit.o(.ARM.Collect$$libinit$$00000000)
    __rt_lib_init_fp_1                       0x00000497   Thumb Code     0  libinit2.o(.ARM.Collect$$libinit$$00000001)
    __rt_lib_init_alloca_1                   0x0000049b   Thumb Code     0  libinit2.o(.ARM.Collect$$libinit$$0000002E)
    __rt_lib_init_argv_1                     0x0000049b   Thumb Code     0  libinit2.o(.ARM.Collect$$libinit$$0000002C)
    __rt_lib_init_atexit_1                   0x0000049b   Thumb Code     0  libinit2.o(.ARM.Collect$$libinit$$0000001B)
    __rt_lib_init_clock_1                    0x0000049b   Thumb Code     0  libinit2.o(.ARM.Collect$$libinit$$00000021)
    __rt_lib_init_cpp_1                      0x0000049b   Thumb Code     0  libinit2.o(.ARM.Collect$$libinit$$00000032)
    __rt_lib_init_exceptions_1               0x0000049b   Thumb Code     0  libinit2.o(.ARM.Collect$$libinit$$00000030)
    __rt_lib_init_fp_trap_1                  0x0000049b   Thumb Code     0  libinit2.o(.ARM.Collect$$libinit$$0000001F)
    __rt_lib_init_getenv_1                   0x0000049b   Thumb Code     0  libinit2.o(.ARM.Collect$$libinit$$00000023)
    __rt_lib_init_heap_1                     0x0000049b   Thumb Code     0  libinit2.o(.ARM.Collect$$libinit$$0000000A)
    __rt_lib_init_lc_collate_1               0x0000049b   Thumb Code     0  libinit2.o(.ARM.Collect$$libinit$$00000011)
    __rt_lib_init_lc_ctype_1                 0x0000049b   Thumb Code     0  libinit2.o(.ARM.Collect$$libinit$$00000013)
    __rt_lib_init_lc_monetary_1              0x0000049b   Thumb Code     0  libinit2.o(.ARM.Collect$$libinit$$00000015)
    __rt_lib_init_lc_numeric_1               0x0000049b   Thumb Code     0  libinit2.o(.ARM.Collect$$libinit$$00000017)
    __rt_lib_init_lc_time_1                  0x0000049b   Thumb Code     0  libinit2.o(.ARM.Collect$$libinit$$00000019)
    __rt_lib_init_preinit_1                  0x0000049b   Thumb Code     0  libinit2.o(.ARM.Collect$$libinit$$00000004)
    __rt_lib_init_rand_1                     0x0000049b   Thumb Code     0  libinit2.o(.ARM.Collect$$libinit$$0000000E)
    __rt_lib_init_return                     0x0000049b   Thumb Code     0  libinit2.o(.ARM.Collect$$libinit$$00000033)
    __rt_lib_init_signal_1                   0x0000049b   Thumb Code     0  libinit2.o(.ARM.Collect$$libinit$$0000001D)
    __rt_lib_init_stdio_1                    0x0000049b   Thumb Code     0  libinit2.o(.ARM.Collect$$libinit$$00000025)
    __rt_lib_init_user_alloc_1               0x0000049b   Thumb Code     0  libinit2.o(.ARM.Collect$$libinit$$0000000C)
    __rt_lib_shutdown                        0x0000049d   Thumb Code     0  libshutdown.o(.ARM.Collect$$libshutdown$$00000000)
    __rt_lib_shutdown_cpp_1                  0x0000049f   Thumb Code     0  libshutdown2.o(.ARM.Collect$$libshutdown$$00000002)
    __rt_lib_shutdown_fp_trap_1              0x0000049f   Thumb Code     0  libshutdown2.o(.ARM.Collect$$libshutdown$$00000007)
    __rt_lib_shutdown_heap_1                 0x0000049f   Thumb Code     0  libshutdown2.o(.ARM.Collect$$libshutdown$$0000000F)
    __rt_lib_shutdown_return                 0x0000049f   Thumb Code     0  libshutdown2.o(.ARM.Collect$$libshutdown$$00000010)
    __rt_lib_shutdown_signal_1               0x0000049f   Thumb Code     0  libshutdown2.o(.ARM.Collect$$libshutdown$$0000000A)
    __rt_lib_shutdown_stdio_1                0x0000049f   Thumb Code     0  libshutdown2.o(.ARM.Collect$$libshutdown$$00000004)
    __rt_lib_shutdown_user_alloc_1           0x0000049f   Thumb Code     0  libshutdown2.o(.ARM.Collect$$libshutdown$$0000000C)
    __rt_entry                               0x000004a1   Thumb Code     0  __rtentry.o(.ARM.Collect$$rtentry$$00000000)
    __rt_entry_presh_1                       0x000004a1   Thumb Code     0  __rtentry2.o(.ARM.Collect$$rtentry$$00000002)
    __rt_entry_sh                            0x000004a1   Thumb Code     0  __rtentry4.o(.ARM.Collect$$rtentry$$00000004)
    __rt_entry_li                            0x000004a7   Thumb Code     0  __rtentry2.o(.ARM.Collect$$rtentry$$0000000A)
    __rt_entry_postsh_1                      0x000004a7   Thumb Code     0  __rtentry2.o(.ARM.Collect$$rtentry$$00000009)
    __rt_entry_main                          0x000004ab   Thumb Code     0  __rtentry2.o(.ARM.Collect$$rtentry$$0000000D)
    __rt_entry_postli_1                      0x000004ab   Thumb Code     0  __rtentry2.o(.ARM.Collect$$rtentry$$0000000C)
    __rt_exit                                0x000004b3   Thumb Code     0  rtexit.o(.ARM.Collect$$rtexit$$00000000)
    __rt_exit_ls                             0x000004b5   Thumb Code     0  rtexit2.o(.ARM.Collect$$rtexit$$00000003)
    __rt_exit_prels_1                        0x000004b5   Thumb Code     0  rtexit2.o(.ARM.Collect$$rtexit$$00000002)
    __rt_exit_exit                           0x000004b9   Thumb Code     0  rtexit2.o(.ARM.Collect$$rtexit$$00000004)
    init_data_bss                            0x000004c1   Thumb Code     2  startup_mk64f12.o(.text)
    Reset_Handler                            0x000004c3   Thumb Code    12  startup_mk64f12.o(.text)
    NMI_Handler                              0x000004cf   Thumb Code     2  startup_mk64f12.o(.text)
    HardFault_Handler                        0x000004d1   Thumb Code     2  startup_mk64f12.o(.text)
    MemManage_Handler                        0x000004d3   Thumb Code     2  startup_mk64f12.o(.text)
    BusFault_Handler                         0x000004d5   Thumb Code     2  startup_mk64f12.o(.text)
    UsageFault_Handler                       0x000004d7   Thumb Code     2  startup_mk64f12.o(.text)
    SVC_Handler                              0x000004d9   Thumb Code     2  startup_mk64f12.o(.text)
    DebugMon_Handler                         0x000004db   Thumb Code     2  startup_mk64f12.o(.text)
    PendSV_Handler                           0x000004dd   Thumb Code     2  startup_mk64f12.o(.text)
    SysTick_Handler                          0x000004df   Thumb Code     2  startup_mk64f12.o(.text)
    ADC1_IRQHandler                          0x000004e1   Thumb Code     0  startup_mk64f12.o(.text)
    CAN0_Bus_Off_IRQHandler                  0x000004e1   Thumb Code     0  startup_mk64f12.o(.text)
    CAN0_Error_IRQHandler                    0x000004e1   Thumb Code     0  startup_mk64f12.o(.text)
    CAN0_ORed_Message_buffer_IRQHandler      0x000004e1   Thumb Code     0  startup_mk64f12.o(.text)
    CAN0_Rx_Warning_IRQHandler               0x000004e1   Thumb Code     0  startup_mk64f12.o(.text)
    CAN0_Tx_Warning_IRQHandler               0x000004e1   Thumb Code     0  startup_mk64f12.o(.text)
    CAN0_Wake_Up_IRQHandler                  0x000004e1   Thumb Code     0  startup_mk64f12.o(.text)
    CMP0_IRQHandler                          0x000004e1   Thumb Code     0  startup_mk64f12.o(.text)
    CMP1_IRQHandler                          0x000004e1   Thumb Code     0  startup_mk64f12.o(.text)
    CMP2_IRQHandler                          0x000004e1   Thumb Code     0  startup_mk64f12.o(.text)
    CMT_IRQHandler                           0x000004e1   Thumb Code     0  startup_mk64f12.o(.text)
    DAC0_IRQHandler                          0x000004e1   Thumb Code     0  startup_mk64f12.o(.text)
    DAC1_IRQHandler                          0x000004e1   Thumb Code     0  startup_mk64f12.o(.text)
    DMA0_IRQHandler                          0x000004e1   Thumb Code     0  startup_mk64f12.o(.text)
    DMA10_IRQHandler                         0x000004e1   Thumb Code     0  startup_mk64f12.o(.text)
    DMA11_IRQHandler                         0x000004e1   Thumb Code     0  startup_mk64f12.o(.text)
    DMA12_IRQHandler                         0x000004e1   Thumb Code     0  startup_mk64f12.o(.text)
    DMA13_IRQHandler                         0x000004e1   Thumb Code     0  startup_mk64f12.o(.text)
    DMA14_IRQHandler                         0x000004e1   Thumb Code     0  startup_mk64f12.o(.text)
    DMA15_IRQHandler                         0x000004e1   Thumb Code     0  startup_mk64f12.o(.text)
    DMA1_IRQHandler                          0x000004e1   Thumb Code     0  startup_mk64f12.o(.text)
    DMA2_IRQHandler                          0x000004e1   Thumb Code     0  startup_mk64f12.o(.text)
    DMA3_IRQHandler                          0x000004e1   Thumb Code     0  startup_mk64f12.o(.text)
    DMA4_IRQHandler                          0x000004e1   Thumb Code     0  startup_mk64f12.o(.text)
    DMA5_IRQHandler                          0x000004e1   Thumb Code     0  startup_mk64f12.o(.text)
    DMA6_IRQHandler                          0x000004e1   Thumb Code     0  startup_mk64f12.o(.text)
    DMA7_IRQHandler                          0x000004e1   Thumb Code     0  startup_mk64f12.o(.text)
    DMA8_IRQHandler                          0x000004e1   Thumb Code     0  startup_mk64f12.o(.text)
    DMA9_IRQHandler                          0x000004e1   Thumb Code     0  startup_mk64f12.o(.text)
    DMA_Error_IRQHandler                     0x000004e1   Thumb Code     0  startup_mk64f12.o(.text)
    DefaultISR                               0x000004e1   Thumb Code     0  startup_mk64f12.o(.text)
    ENET_1588_Timer_IRQHandler               0x000004e1   Thumb Code     0  startup_mk64f12.o(.text)
    ENET_Error_IRQHandler                    0x000004e1   Thumb Code     0  startup_mk64f12.o(.text)
    ENET_Receive_IRQHandler                  0x000004e1   Thumb Code     0  startup_mk64f12.o(.text)
    ENET_Transmit_IRQHandler                 0x000004e1   Thumb Code     0  startup_mk64f12.o(.text)
    FTFE_IRQHandler                          0x000004e1   Thumb Code     0  startup_mk64f12.o(.text)
    FTM1_IRQHandler                          0x000004e1   Thumb Code     0  startup_mk64f12.o(.text)
    FTM3_IRQHandler                          0x000004e1   Thumb Code     0  startup_mk64f12.o(.text)
    I2C0_IRQHandler                          0x000004e1   Thumb Code     0  startup_mk64f12.o(.text)
    I2C1_IRQHandler                          0x000004e1   Thumb Code     0  startup_mk64f12.o(.text)
    I2C2_IRQHandler                          0x000004e1   Thumb Code     0  startup_mk64f12.o(.text)
    I2S0_Rx_IRQHandler                       0x000004e1   Thumb Code     0  startup_mk64f12.o(.text)
    I2S0_Tx_IRQHandler                       0x000004e1   Thumb Code     0  startup_mk64f12.o(.text)
    LLW_IRQHandler                           0x000004e1   Thumb Code     0  startup_mk64f12.o(.text)
    LPTimer_IRQHandler                       0x000004e1   Thumb Code     0  startup_mk64f12.o(.text)
    LVD_LVW_IRQHandler                       0x000004e1   Thumb Code     0  startup_mk64f12.o(.text)
    MCG_IRQHandler                           0x000004e1   Thumb Code     0  startup_mk64f12.o(.text)
    MCM_IRQHandler                           0x000004e1   Thumb Code     0  startup_mk64f12.o(.text)
    PIT1_IRQHandler                          0x000004e1   Thumb Code     0  startup_mk64f12.o(.text)
    PIT2_IRQHandler                          0x000004e1   Thumb Code     0  startup_mk64f12.o(.text)
    PIT3_IRQHandler                          0x000004e1   Thumb Code     0  startup_mk64f12.o(.text)
    PORTB_IRQHandler                         0x000004e1   Thumb Code     0  startup_mk64f12.o(.text)
    PORTD_IRQHandler                         0x000004e1   Thumb Code     0  startup_mk64f12.o(.text)
    PORTE_IRQHandler                         0x000004e1   Thumb Code     0  startup_mk64f12.o(.text)
    RNG_IRQHandler                           0x000004e1   Thumb Code     0  startup_mk64f12.o(.text)
    RTC_IRQHandler                           0x000004e1   Thumb Code     0  startup_mk64f12.o(.text)
    RTC_Seconds_IRQHandler                   0x000004e1   Thumb Code     0  startup_mk64f12.o(.text)
    Read_Collision_IRQHandler                0x000004e1   Thumb Code     0  startup_mk64f12.o(.text)
    Reserved71_IRQHandler                    0x000004e1   Thumb Code     0  startup_mk64f12.o(.text)
    SDHC_IRQHandler                          0x000004e1   Thumb Code     0  startup_mk64f12.o(.text)
    SPI0_IRQHandler                          0x000004e1   Thumb Code     0  startup_mk64f12.o(.text)
    SPI1_IRQHandler                          0x000004e1   Thumb Code     0  startup_mk64f12.o(.text)
    SPI2_IRQHandler                          0x000004e1   Thumb Code     0  startup_mk64f12.o(.text)
    SWI_IRQHandler                           0x000004e1   Thumb Code     0  startup_mk64f12.o(.text)
    UART0_ERR_IRQHandler                     0x000004e1   Thumb Code     0  startup_mk64f12.o(.text)
    UART0_LON_IRQHandler                     0x000004e1   Thumb Code     0  startup_mk64f12.o(.text)
    UART0_RX_TX_IRQHandler                   0x000004e1   Thumb Code     0  startup_mk64f12.o(.text)
    UART1_ERR_IRQHandler                     0x000004e1   Thumb Code     0  startup_mk64f12.o(.text)
    UART1_RX_TX_IRQHandler                   0x000004e1   Thumb Code     0  startup_mk64f12.o(.text)
    UART2_ERR_IRQHandler                     0x000004e1   Thumb Code     0  startup_mk64f12.o(.text)
    UART2_RX_TX_IRQHandler                   0x000004e1   Thumb Code     0  startup_mk64f12.o(.text)
    UART3_ERR_IRQHandler                     0x000004e1   Thumb Code     0  startup_mk64f12.o(.text)
    UART3_RX_TX_IRQHandler                   0x000004e1   Thumb Code     0  startup_mk64f12.o(.text)
    UART4_ERR_IRQHandler                     0x000004e1   Thumb Code     0  startup_mk64f12.o(.text)
    UART4_RX_TX_IRQHandler                   0x000004e1   Thumb Code     0  startup_mk64f12.o(.text)
    UART5_ERR_IRQHandler                     0x000004e1   Thumb Code     0  startup_mk64f12.o(.text)
    UART5_RX_TX_IRQHandler                   0x000004e1   Thumb Code     0  startup_mk64f12.o(.text)
    USB0_IRQHandler                          0x000004e1   Thumb Code     0  startup_mk64f12.o(.text)
    USBDCD_IRQHandler                        0x000004e1   Thumb Code     0  startup_mk64f12.o(.text)
    Watchdog_IRQHandler                      0x000004e1   Thumb Code     0  startup_mk64f12.o(.text)
    __user_initial_stackheap                 0x000004e5   Thumb Code     0  startup_mk64f12.o(.text)
    __2sprintf                               0x00000509   Thumb Code    34  noretval__2sprintf.o(.text)
    __printf                                 0x00000531   Thumb Code   104  __printf.o(.text)
    _printf_int_dec                          0x00000599   Thumb Code   104  _printf_dec.o(.text)
    __use_two_region_memory                  0x00000611   Thumb Code     2  heapauxi.o(.text)
    __rt_heap_escrow$2region                 0x00000613   Thumb Code     2  heapauxi.o(.text)
    __rt_heap_expand$2region                 0x00000615   Thumb Code     2  heapauxi.o(.text)
    _printf_int_common                       0x00000617   Thumb Code   178  _printf_intcommon.o(.text)
    _printf_char_common                      0x000006d3   Thumb Code    32  _printf_char_common.o(.text)
    _sputc                                   0x000006f9   Thumb Code    10  _sputc.o(.text)
    __user_setup_stackheap                   0x00000703   Thumb Code    74  sys_stackheap_outer.o(.text)
    exit                                     0x0000074d   Thumb Code    18  exit.o(.text)
    __user_libspace                          0x00000761   Thumb Code     8  libspace.o(.text)
    __user_perproc_libspace                  0x00000761   Thumb Code     0  libspace.o(.text)
    __user_perthread_libspace                0x00000761   Thumb Code     0  libspace.o(.text)
    _sys_exit                                0x00000769   Thumb Code     8  sys_exit.o(.text)
    __I$use$semihosting                      0x00000775   Thumb Code     0  use_no_semi.o(.text)
    __use_no_semihosting_swi                 0x00000775   Thumb Code     2  use_no_semi.o(.text)
    __semihosting_library_function           0x00000777   Thumb Code     0  indicate_semi.o(.text)
    ADC0_IRQHandler                          0x00000779   Thumb Code    22  camera_main.o(.text.ADC0_IRQHandler)
    ADC0_Init                                0x00000791   Thumb Code   162  camera_main.o(.text.ADC0_Init)
    FTM0_IRQHandler                          0x00000835   Thumb Code    48  isr.o(.text.FTM0_IRQHandler)
    FTM2_IRQHandler                          0x00000865   Thumb Code   174  camera_main.o(.text.FTM2_IRQHandler)
    FTM2_Init                                0x00000915   Thumb Code   190  camera_main.o(.text.FTM2_Init)
    GPIO_Init                                0x000009d5   Thumb Code    64  camera_main.o(.text.GPIO_Init)
    LED_Init                                 0x00000a15   Thumb Code    86  led.o(.text.LED_Init)
    LED_Off                                  0x00000a6d   Thumb Code    24  led.o(.text.LED_Off)
    PDB0_IRQHandler                          0x00000a85   Thumb Code    34  isr.o(.text.PDB0_IRQHandler)
    PIT0_IRQHandler                          0x00000aa9   Thumb Code    52  camera_main.o(.text.PIT0_IRQHandler)
    PIT_Init                                 0x00000add   Thumb Code    98  camera_main.o(.text.PIT_Init)
    PORTA_IRQHandler                         0x00000b41   Thumb Code    74  isr.o(.text.PORTA_IRQHandler)
    PORTC_IRQHandler                         0x00000b8d   Thumb Code   128  isr.o(.text.PORTC_IRQHandler)
    Switch2_Pressed                          0x00000c0d   Thumb Code    20  switch.o(.text.Switch2_Pressed)
    SystemInit                               0x00000c21   Thumb Code   154  system_mk64f12.o(.text.SystemInit)
    UART0_Init                               0x00000cbd   Thumb Code   128  uart.o(.text.UART0_Init)
    UART0_Put                                0x00000d3d   Thumb Code    28  uart.o(.text.UART0_Put)
    UART0_PutNumU                            0x00000d59   Thumb Code    32  uart.o(.text.UART0_PutNumU)
    UART0_Putchar                            0x00000d79   Thumb Code    22  uart.o(.text.UART0_Putchar)
    main                                     0x00000da9   Thumb Code   170  camera_main.o(.text.main)
    _fp_init                                 0x00000e53   Thumb Code    26  fpinit.o(x$fpl$fpinit)
    __fplib_config_fpu_vfp                   0x00000e6b   Thumb Code     0  fpinit.o(x$fpl$fpinit)
    __fplib_config_pureend_doubles           0x00000e6b   Thumb Code     0  fpinit.o(x$fpl$fpinit)
    Region$$Table$$Base                      0x00000e74   Number         0  anon$$obj.o(Region$$Table)
    Region$$Table$$Limit                     0x00000e94   Number         0  anon$$obj.o(Region$$Table)
    __libspace_start                         0x20000008   Data          96  libspace.o(.bss)
    ADC0VAL                                  0x20000068   Data           2  camera_main.o(.bss.ADC0VAL)
    __temporary_stack_top$libspace           0x20000068   Data           0  libspace.o(.bss)
    line                                     0x20000070   Data         256  camera_main.o(.bss.line)



==============================================================================

Memory Map of the image

  Image Entry point : 0x000004c3

  Load Region LR_1 (Base: 0x00000000, Size: 0x00000e98, Max: 0xffffffff, ABSOLUTE)

    Execution Region ER_RO (Exec base: 0x00000000, Load base: 0x00000000, Size: 0x00000e94, Max: 0xffffffff, ABSOLUTE)

    Exec Addr    Load Addr    Size         Type   Attr      Idx    E Section Name        Object

    0x00000000   0x00000000   0x00000400   Data   RO          111    RESET               startup_mk64f12.o
    0x00000400   0x00000400   0x00000010   Code   RO          112    .ARM.__at_0x400     startup_mk64f12.o
    0x00000410   0x00000410   0x00000008   Code   RO          169  * !!!main             c_w.l(__main.o)
    0x00000418   0x00000418   0x00000034   Code   RO          341    !!!scatter          c_w.l(__scatter.o)
    0x0000044c   0x0000044c   0x0000001a   Code   RO          343    !!handler_copy      c_w.l(__scatter_copy.o)
    0x00000466   0x00000466   0x00000002   PAD
    0x00000468   0x00000468   0x0000001c   Code   RO          345    !!handler_zi        c_w.l(__scatter_zi.o)
    0x00000484   0x00000484   0x00000000   Code   RO          166    .ARM.Collect$$_printf_percent$$00000000  c_w.l(_printf_percent.o)
    0x00000484   0x00000484   0x00000006   Code   RO          164    .ARM.Collect$$_printf_percent$$00000008  c_w.l(_printf_i.o)
    0x0000048a   0x0000048a   0x00000006   Code   RO          165    .ARM.Collect$$_printf_percent$$0000000A  c_w.l(_printf_u.o)
    0x00000490   0x00000490   0x00000004   Code   RO          178    .ARM.Collect$$_printf_percent$$00000017  c_w.l(_printf_percent_end.o)
    0x00000494   0x00000494   0x00000002   Code   RO          205    .ARM.Collect$$libinit$$00000000  c_w.l(libinit.o)
    0x00000496   0x00000496   0x00000004   Code   RO          211    .ARM.Collect$$libinit$$00000001  c_w.l(libinit2.o)
    0x0000049a   0x0000049a   0x00000000   Code   RO          214    .ARM.Collect$$libinit$$00000004  c_w.l(libinit2.o)
    0x0000049a   0x0000049a   0x00000000   Code   RO          217    .ARM.Collect$$libinit$$0000000A  c_w.l(libinit2.o)
    0x0000049a   0x0000049a   0x00000000   Code   RO          219    .ARM.Collect$$libinit$$0000000C  c_w.l(libinit2.o)
    0x0000049a   0x0000049a   0x00000000   Code   RO          221    .ARM.Collect$$libinit$$0000000E  c_w.l(libinit2.o)
    0x0000049a   0x0000049a   0x00000000   Code   RO          224    .ARM.Collect$$libinit$$00000011  c_w.l(libinit2.o)
    0x0000049a   0x0000049a   0x00000000   Code   RO          226    .ARM.Collect$$libinit$$00000013  c_w.l(libinit2.o)
    0x0000049a   0x0000049a   0x00000000   Code   RO          228    .ARM.Collect$$libinit$$00000015  c_w.l(libinit2.o)
    0x0000049a   0x0000049a   0x00000000   Code   RO          230    .ARM.Collect$$libinit$$00000017  c_w.l(libinit2.o)
    0x0000049a   0x0000049a   0x00000000   Code   RO          232    .ARM.Collect$$libinit$$00000019  c_w.l(libinit2.o)
    0x0000049a   0x0000049a   0x00000000   Code   RO          234    .ARM.Collect$$libinit$$0000001B  c_w.l(libinit2.o)
    0x0000049a   0x0000049a   0x00000000   Code   RO          236    .ARM.Collect$$libinit$$0000001D  c_w.l(libinit2.o)
    0x0000049a   0x0000049a   0x00000000   Code   RO          238    .ARM.Collect$$libinit$$0000001F  c_w.l(libinit2.o)
    0x0000049a   0x0000049a   0x00000000   Code   RO          240    .ARM.Collect$$libinit$$00000021  c_w.l(libinit2.o)
    0x0000049a   0x0000049a   0x00000000   Code   RO          242    .ARM.Collect$$libinit$$00000023  c_w.l(libinit2.o)
    0x0000049a   0x0000049a   0x00000000   Code   RO          244    .ARM.Collect$$libinit$$00000025  c_w.l(libinit2.o)
    0x0000049a   0x0000049a   0x00000000   Code   RO          248    .ARM.Collect$$libinit$$0000002C  c_w.l(libinit2.o)
    0x0000049a   0x0000049a   0x00000000   Code   RO          250    .ARM.Collect$$libinit$$0000002E  c_w.l(libinit2.o)
    0x0000049a   0x0000049a   0x00000000   Code   RO          252    .ARM.Collect$$libinit$$00000030  c_w.l(libinit2.o)
    0x0000049a   0x0000049a   0x00000000   Code   RO          254    .ARM.Collect$$libinit$$00000032  c_w.l(libinit2.o)
    0x0000049a   0x0000049a   0x00000002   Code   RO          255    .ARM.Collect$$libinit$$00000033  c_w.l(libinit2.o)
    0x0000049c   0x0000049c   0x00000002   Code   RO          277    .ARM.Collect$$libshutdown$$00000000  c_w.l(libshutdown.o)
    0x0000049e   0x0000049e   0x00000000   Code   RO          292    .ARM.Collect$$libshutdown$$00000002  c_w.l(libshutdown2.o)
    0x0000049e   0x0000049e   0x00000000   Code   RO          294    .ARM.Collect$$libshutdown$$00000004  c_w.l(libshutdown2.o)
    0x0000049e   0x0000049e   0x00000000   Code   RO          297    .ARM.Collect$$libshutdown$$00000007  c_w.l(libshutdown2.o)
    0x0000049e   0x0000049e   0x00000000   Code   RO          300    .ARM.Collect$$libshutdown$$0000000A  c_w.l(libshutdown2.o)
    0x0000049e   0x0000049e   0x00000000   Code   RO          302    .ARM.Collect$$libshutdown$$0000000C  c_w.l(libshutdown2.o)
    0x0000049e   0x0000049e   0x00000000   Code   RO          305    .ARM.Collect$$libshutdown$$0000000F  c_w.l(libshutdown2.o)
    0x0000049e   0x0000049e   0x00000002   Code   RO          306    .ARM.Collect$$libshutdown$$00000010  c_w.l(libshutdown2.o)
    0x000004a0   0x000004a0   0x00000000   Code   RO          171    .ARM.Collect$$rtentry$$00000000  c_w.l(__rtentry.o)
    0x000004a0   0x000004a0   0x00000000   Code   RO          180    .ARM.Collect$$rtentry$$00000002  c_w.l(__rtentry2.o)
    0x000004a0   0x000004a0   0x00000006   Code   RO          192    .ARM.Collect$$rtentry$$00000004  c_w.l(__rtentry4.o)
    0x000004a6   0x000004a6   0x00000000   Code   RO          182    .ARM.Collect$$rtentry$$00000009  c_w.l(__rtentry2.o)
    0x000004a6   0x000004a6   0x00000004   Code   RO          183    .ARM.Collect$$rtentry$$0000000A  c_w.l(__rtentry2.o)
    0x000004aa   0x000004aa   0x00000000   Code   RO          185    .ARM.Collect$$rtentry$$0000000C  c_w.l(__rtentry2.o)
    0x000004aa   0x000004aa   0x00000008   Code   RO          186    .ARM.Collect$$rtentry$$0000000D  c_w.l(__rtentry2.o)
    0x000004b2   0x000004b2   0x00000002   Code   RO          209    .ARM.Collect$$rtexit$$00000000  c_w.l(rtexit.o)
    0x000004b4   0x000004b4   0x00000000   Code   RO          257    .ARM.Collect$$rtexit$$00000002  c_w.l(rtexit2.o)
    0x000004b4   0x000004b4   0x00000004   Code   RO          258    .ARM.Collect$$rtexit$$00000003  c_w.l(rtexit2.o)
    0x000004b8   0x000004b8   0x00000006   Code   RO          259    .ARM.Collect$$rtexit$$00000004  c_w.l(rtexit2.o)
    0x000004be   0x000004be   0x00000002   PAD
    0x000004c0   0x000004c0   0x00000048   Code   RO          113  * .text               startup_mk64f12.o
    0x00000508   0x00000508   0x00000028   Code   RO          138    .text               c_w.l(noretval__2sprintf.o)
    0x00000530   0x00000530   0x00000068   Code   RO          140    .text               c_w.l(__printf.o)
    0x00000598   0x00000598   0x00000078   Code   RO          142    .text               c_w.l(_printf_dec.o)
    0x00000610   0x00000610   0x00000006   Code   RO          167    .text               c_w.l(heapauxi.o)
    0x00000616   0x00000616   0x000000b2   Code   RO          172    .text               c_w.l(_printf_intcommon.o)
    0x000006c8   0x000006c8   0x00000030   Code   RO          174    .text               c_w.l(_printf_char_common.o)
    0x000006f8   0x000006f8   0x0000000a   Code   RO          176    .text               c_w.l(_sputc.o)
    0x00000702   0x00000702   0x0000004a   Code   RO          196    .text               c_w.l(sys_stackheap_outer.o)
    0x0000074c   0x0000074c   0x00000012   Code   RO          198    .text               c_w.l(exit.o)
    0x0000075e   0x0000075e   0x00000002   PAD
    0x00000760   0x00000760   0x00000008   Code   RO          206    .text               c_w.l(libspace.o)
    0x00000768   0x00000768   0x0000000c   Code   RO          267    .text               c_w.l(sys_exit.o)
    0x00000774   0x00000774   0x00000002   Code   RO          282    .text               c_w.l(use_no_semi.o)
    0x00000776   0x00000776   0x00000000   Code   RO          284    .text               c_w.l(indicate_semi.o)
    0x00000776   0x00000776   0x00000002   PAD
    0x00000778   0x00000778   0x00000016   Code   RO           87    .text.ADC0_IRQHandler  camera_main.o
    0x0000078e   0x0000078e   0x00000002   PAD
    0x00000790   0x00000790   0x000000a2   Code   RO           83    .text.ADC0_Init     camera_main.o
    0x00000832   0x00000832   0x00000002   PAD
    0x00000834   0x00000834   0x00000030   Code   RO            4    .text.FTM0_IRQHandler  isr.o
    0x00000864   0x00000864   0x000000ae   Code   RO           89    .text.FTM2_IRQHandler  camera_main.o
    0x00000912   0x00000912   0x00000002   PAD
    0x00000914   0x00000914   0x000000be   Code   RO           81    .text.FTM2_Init     camera_main.o
    0x000009d2   0x000009d2   0x00000002   PAD
    0x000009d4   0x000009d4   0x00000040   Code   RO           79    .text.GPIO_Init     camera_main.o
    0x00000a14   0x00000a14   0x00000056   Code   RO           22    .text.LED_Init      led.o
    0x00000a6a   0x00000a6a   0x00000002   PAD
    0x00000a6c   0x00000a6c   0x00000018   Code   RO           20    .text.LED_Off       led.o
    0x00000a84   0x00000a84   0x00000022   Code   RO            2    .text.PDB0_IRQHandler  isr.o
    0x00000aa6   0x00000aa6   0x00000002   PAD
    0x00000aa8   0x00000aa8   0x00000034   Code   RO           91    .text.PIT0_IRQHandler  camera_main.o
    0x00000adc   0x00000adc   0x00000062   Code   RO           85    .text.PIT_Init      camera_main.o
    0x00000b3e   0x00000b3e   0x00000002   PAD
    0x00000b40   0x00000b40   0x0000004a   Code   RO            6    .text.PORTA_IRQHandler  isr.o
    0x00000b8a   0x00000b8a   0x00000002   PAD
    0x00000b8c   0x00000b8c   0x00000080   Code   RO            8    .text.PORTC_IRQHandler  isr.o
    0x00000c0c   0x00000c0c   0x00000014   Code   RO           40    .text.Switch2_Pressed  switch.o
    0x00000c20   0x00000c20   0x0000009a   Code   RO          122    .text.SystemInit    system_mk64f12.o
    0x00000cba   0x00000cba   0x00000002   PAD
    0x00000cbc   0x00000cbc   0x00000080   Code   RO           51    .text.UART0_Init    uart.o
    0x00000d3c   0x00000d3c   0x0000001c   Code   RO           63    .text.UART0_Put     uart.o
    0x00000d58   0x00000d58   0x00000020   Code   RO           67    .text.UART0_PutNumU  uart.o
    0x00000d78   0x00000d78   0x00000016   Code   RO           59    .text.UART0_Putchar  uart.o
    0x00000d8e   0x00000d8e   0x00000002   PAD
    0x00000d90   0x00000d90   0x00000016   Code   RO           93    .text.__NVIC_EnableIRQ  camera_main.o
    0x00000da6   0x00000da6   0x00000002   PAD
    0x00000da8   0x00000da8   0x000000aa   Code   RO           77    .text.main          camera_main.o
    0x00000e52   0x00000e52   0x0000001a   Code   RO          265    x$fpl$fpinit        fz_wm.l(fpinit.o)
    0x00000e6c   0x00000e6c   0x00000005   Data   RO           97    .rodata.str1.1      camera_main.o
    0x00000e71   0x00000e71   0x00000003   PAD
    0x00000e74   0x00000e74   0x00000020   Data   RO          340    Region$$Table       anon$$obj.o


    Execution Region ER_RW (Exec base: 0x20000000, Load base: 0x00000e94, Size: 0x00000004, Max: 0xffffffff, ABSOLUTE)

    Exec Addr    Load Addr    Size         Type   Attr      Idx    E Section Name        Object

    0x20000000   0x00000e94   0x00000004   Data   RW          100    .data.pixcnt        camera_main.o


    Execution Region ER_ZI (Exec base: 0x20000008, Load base: 0x00000e98, Size: 0x000005d8, Max: 0xffffffff, ABSOLUTE)

    Exec Addr    Load Addr    Size         Type   Attr      Idx    E Section Name        Object

    0x20000008        -       0x00000060   Zero   RW          207    .bss                c_w.l(libspace.o)
    0x20000068        -       0x00000002   Zero   RW           99    .bss.ADC0VAL        camera_main.o
    0x2000006a   0x00000e98   0x00000002   PAD
    0x2000006c        -       0x00000004   Zero   RW           95    .bss.capcnt         camera_main.o
    0x20000070        -       0x00000100   Zero   RW           98    .bss.line           camera_main.o
    0x20000170        -       0x00000001   Zero   RW           12    .bss.pdb_state      isr.o
    0x20000171        -       0x00000064   Zero   RW           96    .bss.str            camera_main.o
    0x200001d5   0x00000e98   0x00000003   PAD
    0x200001d8        -       0x00000004   Zero   RW           11    .bss.switch_2_cnt   isr.o
    0x200001dc        -       0x00000001   Zero   RW           10    .bss.switch_2_pressed  isr.o
    0x200001dd   0x00000e98   0x00000003   PAD
    0x200001e0        -       0x00000000   Zero   RW          110    HEAP                startup_mk64f12.o
    0x200001e0        -       0x00000400   Zero   RW          109    STACK               startup_mk64f12.o


==============================================================================

Image component sizes


      Code (inc. data)   RO Data    RW Data    ZI Data      Debug   Object Name

       954          0          5          4        362       7019   camera_main.o
       284         48          0          0          6       2711   isr.o
       110          0          0          0          0       2391   led.o
        88         44       1024          0       1024       1156   startup_mk64f12.o
        20          0          0          0          0       1954   switch.o
       154          0          0          0          0       3464   system_mk64f12.o
       210          4          0          0          0       3657   uart.o

    ----------------------------------------------------------------------
      1842         96       1064          4       1400      22352   Object Totals
         0          0         32          0          0          0   (incl. Generated)
        22          0          3          0          8          0   (incl. Padding)

    ----------------------------------------------------------------------

      Code (inc. data)   RO Data    RW Data    ZI Data      Debug   Library Member Name

         8          0          0          0          0         68   __main.o
       104          0          0          0          0         84   __printf.o
         0          0          0          0          0          0   __rtentry.o
        12          0          0          0          0          0   __rtentry2.o
         6          0          0          0          0          0   __rtentry4.o
        52          8          0          0          0          0   __scatter.o
        26          0          0          0          0          0   __scatter_copy.o
        28          0          0          0          0          0   __scatter_zi.o
        48          6          0          0          0         96   _printf_char_common.o
       120         16          0          0          0         92   _printf_dec.o
         6          0          0          0          0          0   _printf_i.o
       178          0          0          0          0         88   _printf_intcommon.o
         0          0          0          0          0          0   _printf_percent.o
         4          0          0          0          0          0   _printf_percent_end.o
         6          0          0          0          0          0   _printf_u.o
        10          0          0          0          0         68   _sputc.o
        18          0          0          0          0         80   exit.o
         6          0          0          0          0        152   heapauxi.o
         0          0          0          0          0          0   indicate_semi.o
         2          0          0          0          0          0   libinit.o
         6          0          0          0          0          0   libinit2.o
         2          0          0          0          0          0   libshutdown.o
         2          0          0          0          0          0   libshutdown2.o
         8          4          0          0         96         68   libspace.o
        40          6          0          0          0         84   noretval__2sprintf.o
         2          0          0          0          0          0   rtexit.o
        10          0          0          0          0          0   rtexit2.o
        12          4          0          0          0         68   sys_exit.o
        74          0          0          0          0         80   sys_stackheap_outer.o
         2          0          0          0          0         68   use_no_semi.o
        26          0          0          0          0        116   fpinit.o

    ----------------------------------------------------------------------
       826         44          0          0         96       1212   Library Totals
         8          0          0          0          0          0   (incl. Padding)

    ----------------------------------------------------------------------

      Code (inc. data)   RO Data    RW Data    ZI Data      Debug   Library Name

       792         44          0          0         96       1096   c_w.l
        26          0          0          0          0        116   fz_wm.l

    ----------------------------------------------------------------------
       826         44          0          0         96       1212   Library Totals

    ----------------------------------------------------------------------

==============================================================================


      Code (inc. data)   RO Data    RW Data    ZI Data      Debug   

      2668        140       1064          4       1496      23016   Grand Totals
      2668        140       1064          4       1496      23016   ELF Image Totals
      2668        140       1064          4          0          0   ROM Totals

==============================================================================

    Total RO  Size (Code + RO Data)                 3732 (   3.64kB)
    Total RW  Size (RW Data + ZI Data)              1500 (   1.46kB)
    Total ROM Size (Code + RO Data + RW Data)       3736 (   3.65kB)

==============================================================================

