Component: ARM Compiler 6.15 Tool: armlink [5dd79300]

==============================================================================

Section Cross References

    main.o(.text.main) refers to uart.o(.text.UART0_Init) for UART0_Init
    main.o(.text.main) refers to pwm.o(.text.FTM0_PWM_Init) for FTM0_PWM_Init
    main.o(.text.main) refers to main.o(.rodata.str1.1) for .L.str
    main.o(.text.main) refers to uart.o(.text.UART0_Put) for UART0_Put
    main.o(.text.main) refers to main.o(.text.delay) for delay
    main.o(.ARM.exidx.text.main) refers to main.o(.text.main) for [Anonymous Symbol]
    main.o(.ARM.exidx.text.delay) refers to main.o(.text.delay) for [Anonymous Symbol]
    pwm.o(.ARM.exidx.text.FTM0_set_duty_cycle) refers to pwm.o(.text.FTM0_set_duty_cycle) for [Anonymous Symbol]
    pwm.o(.ARM.exidx.text.FTM0_PWM_Init) refers to pwm.o(.text.FTM0_PWM_Init) for [Anonymous Symbol]
    uart.o(.ARM.exidx.text.UART0_Init) refers to uart.o(.text.UART0_Init) for [Anonymous Symbol]
    uart.o(.ARM.exidx.text.UART3_Init) refers to uart.o(.text.UART3_Init) for [Anonymous Symbol]
    uart.o(.ARM.exidx.text.UART0_Getchar) refers to uart.o(.text.UART0_Getchar) for [Anonymous Symbol]
    uart.o(.ARM.exidx.text.UART3_Getchar) refers to uart.o(.text.UART3_Getchar) for [Anonymous Symbol]
    uart.o(.ARM.exidx.text.UART0_Putchar) refers to uart.o(.text.UART0_Putchar) for [Anonymous Symbol]
    uart.o(.ARM.exidx.text.UART3_Putchar) refers to uart.o(.text.UART3_Putchar) for [Anonymous Symbol]
    uart.o(.text.UART0_Put) refers to uart.o(.text.UART0_Putchar) for UART0_Putchar
    uart.o(.ARM.exidx.text.UART0_Put) refers to uart.o(.text.UART0_Put) for [Anonymous Symbol]
    uart.o(.text.UART3_Put) refers to uart.o(.text.UART3_Putchar) for UART3_Putchar
    uart.o(.ARM.exidx.text.UART3_Put) refers to uart.o(.text.UART3_Put) for [Anonymous Symbol]
    uart.o(.text.UART0_PutNumU) refers to uart.o(.rodata.str1.1) for .L.str
    uart.o(.text.UART0_PutNumU) refers to sprintf.o(.text) for sprintf
    uart.o(.text.UART0_PutNumU) refers to uart.o(.text.UART0_Put) for UART0_Put
    uart.o(.ARM.exidx.text.UART0_PutNumU) refers to uart.o(.text.UART0_PutNumU) for [Anonymous Symbol]
    startup_mk64f12.o(STACK) refers (Special) to heapauxi.o(.text) for __use_two_region_memory
    startup_mk64f12.o(HEAP) refers (Special) to heapauxi.o(.text) for __use_two_region_memory
    startup_mk64f12.o(RESET) refers (Special) to heapauxi.o(.text) for __use_two_region_memory
    startup_mk64f12.o(RESET) refers to startup_mk64f12.o(STACK) for __initial_sp
    startup_mk64f12.o(RESET) refers to startup_mk64f12.o(.text) for Reset_Handler
    startup_mk64f12.o(.ARM.__at_0x400) refers (Special) to heapauxi.o(.text) for __use_two_region_memory
    startup_mk64f12.o(.text) refers (Special) to heapauxi.o(.text) for __use_two_region_memory
    startup_mk64f12.o(.text) refers to system_mk64f12.o(.text.SystemInit) for SystemInit
    startup_mk64f12.o(.text) refers to __main.o(!!!main) for __main
    startup_mk64f12.o(.text) refers to startup_mk64f12.o(HEAP) for Heap_Mem
    startup_mk64f12.o(.text) refers to startup_mk64f12.o(STACK) for Stack_Mem
    system_mk64f12.o(.ARM.exidx.text.SystemInit) refers to system_mk64f12.o(.text.SystemInit) for [Anonymous Symbol]
    system_mk64f12.o(.text.SystemCoreClockUpdate) refers to system_mk64f12.o(.data.SystemCoreClock) for SystemCoreClock
    system_mk64f12.o(.ARM.exidx.text.SystemCoreClockUpdate) refers to system_mk64f12.o(.text.SystemCoreClockUpdate) for [Anonymous Symbol]
    sprintf.o(.text) refers (Special) to _printf_a.o(.ARM.Collect$$_printf_percent$$00000006) for _printf_a
    sprintf.o(.text) refers (Special) to _printf_c.o(.ARM.Collect$$_printf_percent$$00000013) for _printf_c
    sprintf.o(.text) refers (Special) to _printf_charcount.o(.text) for _printf_charcount
    sprintf.o(.text) refers (Special) to _printf_d.o(.ARM.Collect$$_printf_percent$$00000009) for _printf_d
    sprintf.o(.text) refers (Special) to _printf_e.o(.ARM.Collect$$_printf_percent$$00000004) for _printf_e
    sprintf.o(.text) refers (Special) to _printf_f.o(.ARM.Collect$$_printf_percent$$00000003) for _printf_f
    sprintf.o(.text) refers (Special) to printf1.o(x$fpl$printf1) for _printf_fp_dec
    sprintf.o(.text) refers (Special) to printf2.o(x$fpl$printf2) for _printf_fp_hex
    sprintf.o(.text) refers (Special) to _printf_g.o(.ARM.Collect$$_printf_percent$$00000005) for _printf_g
    sprintf.o(.text) refers (Special) to _printf_i.o(.ARM.Collect$$_printf_percent$$00000008) for _printf_i
    sprintf.o(.text) refers (Special) to _printf_dec.o(.text) for _printf_int_dec
    sprintf.o(.text) refers (Special) to _printf_l.o(.ARM.Collect$$_printf_percent$$00000012) for _printf_l
    sprintf.o(.text) refers (Special) to _printf_lc.o(.ARM.Collect$$_printf_percent$$00000015) for _printf_lc
    sprintf.o(.text) refers (Special) to _printf_ll.o(.ARM.Collect$$_printf_percent$$00000007) for _printf_ll
    sprintf.o(.text) refers (Special) to _printf_lld.o(.ARM.Collect$$_printf_percent$$0000000E) for _printf_lld
    sprintf.o(.text) refers (Special) to _printf_lli.o(.ARM.Collect$$_printf_percent$$0000000D) for _printf_lli
    sprintf.o(.text) refers (Special) to _printf_llo.o(.ARM.Collect$$_printf_percent$$00000010) for _printf_llo
    sprintf.o(.text) refers (Special) to _printf_llu.o(.ARM.Collect$$_printf_percent$$0000000F) for _printf_llu
    sprintf.o(.text) refers (Special) to _printf_llx.o(.ARM.Collect$$_printf_percent$$00000011) for _printf_llx
    sprintf.o(.text) refers (Special) to _printf_longlong_dec.o(.text) for _printf_longlong_dec
    sprintf.o(.text) refers (Special) to _printf_hex_int_ll_ptr.o(.text) for _printf_longlong_hex
    sprintf.o(.text) refers (Special) to _printf_oct_int_ll.o(.text) for _printf_longlong_oct
    sprintf.o(.text) refers (Special) to _printf_ls.o(.ARM.Collect$$_printf_percent$$00000016) for _printf_ls
    sprintf.o(.text) refers (Special) to _printf_n.o(.ARM.Collect$$_printf_percent$$00000001) for _printf_n
    sprintf.o(.text) refers (Special) to _printf_o.o(.ARM.Collect$$_printf_percent$$0000000B) for _printf_o
    sprintf.o(.text) refers (Special) to _printf_p.o(.ARM.Collect$$_printf_percent$$00000002) for _printf_p
    sprintf.o(.text) refers (Special) to _printf_percent.o(.ARM.Collect$$_printf_percent$$00000000) for _printf_percent
    sprintf.o(.text) refers (Special) to _printf_pad.o(.text) for _printf_post_padding
    sprintf.o(.text) refers (Special) to _printf_s.o(.ARM.Collect$$_printf_percent$$00000014) for _printf_s
    sprintf.o(.text) refers (Special) to _printf_str.o(.text) for _printf_str
    sprintf.o(.text) refers (Special) to _printf_truncate.o(.text) for _printf_truncate_signed
    sprintf.o(.text) refers (Special) to _printf_u.o(.ARM.Collect$$_printf_percent$$0000000A) for _printf_u
    sprintf.o(.text) refers (Special) to _printf_wctomb.o(.text) for _printf_wctomb
    sprintf.o(.text) refers (Special) to _printf_x.o(.ARM.Collect$$_printf_percent$$0000000C) for _printf_x
    sprintf.o(.text) refers to _printf_char_common.o(.text) for _printf_char_common
    sprintf.o(.text) refers to _sputc.o(.text) for _sputc
    __main.o(!!!main) refers to __rtentry.o(.ARM.Collect$$rtentry$$00000000) for __rt_entry
    __rtentry.o(.ARM.Collect$$rtentry$$00000000) refers (Special) to __rtentry2.o(.ARM.Collect$$rtentry$$0000000A) for __rt_entry_li
    __rtentry.o(.ARM.Collect$$rtentry$$00000000) refers (Special) to __rtentry2.o(.ARM.Collect$$rtentry$$0000000D) for __rt_entry_main
    __rtentry.o(.ARM.Collect$$rtentry$$00000000) refers (Special) to __rtentry2.o(.ARM.Collect$$rtentry$$0000000C) for __rt_entry_postli_1
    __rtentry.o(.ARM.Collect$$rtentry$$00000000) refers (Special) to __rtentry2.o(.ARM.Collect$$rtentry$$00000009) for __rt_entry_postsh_1
    __rtentry.o(.ARM.Collect$$rtentry$$00000000) refers (Special) to __rtentry2.o(.ARM.Collect$$rtentry$$00000002) for __rt_entry_presh_1
    __rtentry.o(.ARM.Collect$$rtentry$$00000000) refers (Special) to __rtentry4.o(.ARM.Collect$$rtentry$$00000004) for __rt_entry_sh
    __printf.o(.text) refers to _printf_percent.o(.ARM.Collect$$_printf_percent$$00000000) for _printf_percent
    _printf_str.o(.text) refers (Special) to _printf_char.o(.text) for _printf_cs_common
    _printf_str.o(.text) refers (Weak) to _printf_pad.o(.text) for _printf_pre_padding
    _printf_str.o(.text) refers (Weak) to _printf_pad.o(.text) for _printf_post_padding
    _printf_dec.o(.text) refers (Weak) to _printf_truncate.o(.text) for _printf_truncate_signed
    _printf_dec.o(.text) refers (Weak) to _printf_truncate.o(.text) for _printf_truncate_unsigned
    _printf_dec.o(.text) refers to _printf_intcommon.o(.text) for _printf_int_common
    _printf_char_common.o(.text) refers to __printf_flags_ss_wp.o(.text) for __printf
    _printf_wctomb.o(.text) refers (Special) to _printf_wchar.o(.text) for _printf_lcs_common
    _printf_wctomb.o(.text) refers to _c16rtomb.o(.text) for _wcrtomb
    _printf_wctomb.o(.text) refers (Weak) to _printf_pad.o(.text) for _printf_pre_padding
    _printf_wctomb.o(.text) refers (Weak) to _printf_pad.o(.text) for _printf_post_padding
    _printf_wctomb.o(.text) refers to _printf_wctomb.o(.constdata) for .constdata
    _printf_wctomb.o(.constdata) refers (Special) to _printf_wchar.o(.text) for _printf_lcs_common
    _printf_longlong_dec.o(.text) refers to lludiv10.o(.text) for _ll_udiv10
    _printf_longlong_dec.o(.text) refers to _printf_intcommon.o(.text) for _printf_int_common
    _printf_oct_ll.o(.text) refers to _printf_intcommon.o(.text) for _printf_int_common
    _printf_oct_int.o(.text) refers (Weak) to _printf_truncate.o(.text) for _printf_truncate_unsigned
    _printf_oct_int.o(.text) refers to _printf_intcommon.o(.text) for _printf_int_common
    _printf_oct_int_ll.o(.text) refers to _printf_intcommon.o(.text) for _printf_int_common
    _printf_oct_int_ll.o(.text) refers (Weak) to _printf_truncate.o(.text) for _printf_truncate_unsigned
    _printf_hex_ll.o(.text) refers to _printf_intcommon.o(.text) for _printf_int_common
    _printf_hex_ll.o(.text) refers to _printf_hex_ll.o(.constdata) for .constdata
    _printf_hex_int.o(.text) refers (Weak) to _printf_truncate.o(.text) for _printf_truncate_unsigned
    _printf_hex_int.o(.text) refers to _printf_intcommon.o(.text) for _printf_int_common
    _printf_hex_int.o(.text) refers to _printf_hex_int.o(.constdata) for .constdata
    _printf_hex_int_ll.o(.text) refers to _printf_intcommon.o(.text) for _printf_int_common
    _printf_hex_int_ll.o(.text) refers (Weak) to _printf_truncate.o(.text) for _printf_truncate_unsigned
    _printf_hex_int_ll.o(.text) refers to _printf_hex_int_ll.o(.constdata) for .constdata
    _printf_hex_ptr.o(.text) refers to _printf_intcommon.o(.text) for _printf_int_common
    _printf_hex_ptr.o(.text) refers to _printf_hex_ptr.o(.constdata) for .constdata
    _printf_hex_int_ptr.o(.text) refers to _printf_intcommon.o(.text) for _printf_int_common
    _printf_hex_int_ptr.o(.text) refers (Weak) to _printf_truncate.o(.text) for _printf_truncate_unsigned
    _printf_hex_int_ptr.o(.text) refers to _printf_hex_int_ptr.o(.constdata) for .constdata
    _printf_hex_ll_ptr.o(.text) refers to _printf_intcommon.o(.text) for _printf_int_common
    _printf_hex_ll_ptr.o(.text) refers to _printf_hex_ll_ptr.o(.constdata) for .constdata
    _printf_hex_int_ll_ptr.o(.text) refers to _printf_intcommon.o(.text) for _printf_int_common
    _printf_hex_int_ll_ptr.o(.text) refers (Weak) to _printf_truncate.o(.text) for _printf_truncate_unsigned
    _printf_hex_int_ll_ptr.o(.text) refers to _printf_hex_int_ll_ptr.o(.constdata) for .constdata
    __printf_flags.o(.text) refers to _printf_percent.o(.ARM.Collect$$_printf_percent$$00000000) for _printf_percent
    __printf_flags.o(.text) refers to __printf_flags.o(.constdata) for .constdata
    __printf_ss.o(.text) refers to _printf_percent.o(.ARM.Collect$$_printf_percent$$00000000) for _printf_percent
    __printf_flags_ss.o(.text) refers to _printf_percent.o(.ARM.Collect$$_printf_percent$$00000000) for _printf_percent
    __printf_flags_ss.o(.text) refers to __printf_flags_ss.o(.constdata) for .constdata
    __printf_wp.o(.text) refers to __printf_wp.o(i._is_digit) for _is_digit
    __printf_wp.o(.text) refers to _printf_percent.o(.ARM.Collect$$_printf_percent$$00000000) for _printf_percent
    __printf_flags_wp.o(.text) refers to __printf_wp.o(i._is_digit) for _is_digit
    __printf_flags_wp.o(.text) refers to _printf_percent.o(.ARM.Collect$$_printf_percent$$00000000) for _printf_percent
    __printf_flags_wp.o(.text) refers to __printf_flags_wp.o(.constdata) for .constdata
    __printf_ss_wp.o(.text) refers to __printf_wp.o(i._is_digit) for _is_digit
    __printf_ss_wp.o(.text) refers to _printf_percent.o(.ARM.Collect$$_printf_percent$$00000000) for _printf_percent
    __printf_flags_ss_wp.o(.text) refers to __printf_wp.o(i._is_digit) for _is_digit
    __printf_flags_ss_wp.o(.text) refers to _printf_percent.o(.ARM.Collect$$_printf_percent$$00000000) for _printf_percent
    __printf_flags_ss_wp.o(.text) refers to __printf_flags_ss_wp.o(.constdata) for .constdata
    _printf_c.o(.ARM.Collect$$_printf_percent$$00000013) refers (Weak) to _printf_char.o(.text) for _printf_char
    _printf_s.o(.ARM.Collect$$_printf_percent$$00000014) refers (Weak) to _printf_char.o(.text) for _printf_string
    _printf_n.o(.ARM.Collect$$_printf_percent$$00000001) refers (Weak) to _printf_charcount.o(.text) for _printf_charcount
    _printf_x.o(.ARM.Collect$$_printf_percent$$0000000C) refers (Weak) to _printf_hex_int_ll_ptr.o(.text) for _printf_int_hex
    _printf_p.o(.ARM.Collect$$_printf_percent$$00000002) refers (Weak) to _printf_hex_int_ll_ptr.o(.text) for _printf_hex_ptr
    _printf_o.o(.ARM.Collect$$_printf_percent$$0000000B) refers (Weak) to _printf_oct_int_ll.o(.text) for _printf_int_oct
    _printf_i.o(.ARM.Collect$$_printf_percent$$00000008) refers (Weak) to _printf_dec.o(.text) for _printf_int_dec
    _printf_d.o(.ARM.Collect$$_printf_percent$$00000009) refers (Weak) to _printf_dec.o(.text) for _printf_int_dec
    _printf_u.o(.ARM.Collect$$_printf_percent$$0000000A) refers (Weak) to _printf_dec.o(.text) for _printf_int_dec
    _printf_f.o(.ARM.Collect$$_printf_percent$$00000003) refers (Weak) to printf1.o(x$fpl$printf1) for _printf_fp_dec
    _printf_e.o(.ARM.Collect$$_printf_percent$$00000004) refers (Weak) to printf1.o(x$fpl$printf1) for _printf_fp_dec
    _printf_g.o(.ARM.Collect$$_printf_percent$$00000005) refers (Weak) to printf1.o(x$fpl$printf1) for _printf_fp_dec
    _printf_a.o(.ARM.Collect$$_printf_percent$$00000006) refers (Weak) to printf2.o(x$fpl$printf2) for _printf_fp_hex
    _printf_percent.o(.ARM.Collect$$_printf_percent$$00000000) refers (Special) to _printf_percent_end.o(.ARM.Collect$$_printf_percent$$00000017) for _printf_percent_end
    _printf_lli.o(.ARM.Collect$$_printf_percent$$0000000D) refers (Special) to _printf_ll.o(.ARM.Collect$$_printf_percent$$00000007) for _printf_ll
    _printf_lli.o(.ARM.Collect$$_printf_percent$$0000000D) refers (Weak) to _printf_longlong_dec.o(.text) for _printf_longlong_dec
    _printf_lld.o(.ARM.Collect$$_printf_percent$$0000000E) refers (Special) to _printf_ll.o(.ARM.Collect$$_printf_percent$$00000007) for _printf_ll
    _printf_lld.o(.ARM.Collect$$_printf_percent$$0000000E) refers (Weak) to _printf_longlong_dec.o(.text) for _printf_longlong_dec
    _printf_llu.o(.ARM.Collect$$_printf_percent$$0000000F) refers (Special) to _printf_ll.o(.ARM.Collect$$_printf_percent$$00000007) for _printf_ll
    _printf_llu.o(.ARM.Collect$$_printf_percent$$0000000F) refers (Weak) to _printf_longlong_dec.o(.text) for _printf_longlong_dec
    _printf_lc.o(.ARM.Collect$$_printf_percent$$00000015) refers (Special) to _printf_l.o(.ARM.Collect$$_printf_percent$$00000012) for _printf_l
    _printf_lc.o(.ARM.Collect$$_printf_percent$$00000015) refers (Weak) to _printf_wchar.o(.text) for _printf_wchar
    _printf_ls.o(.ARM.Collect$$_printf_percent$$00000016) refers (Special) to _printf_l.o(.ARM.Collect$$_printf_percent$$00000012) for _printf_l
    _printf_ls.o(.ARM.Collect$$_printf_percent$$00000016) refers (Weak) to _printf_wchar.o(.text) for _printf_wstring
    _printf_llo.o(.ARM.Collect$$_printf_percent$$00000010) refers (Special) to _printf_ll.o(.ARM.Collect$$_printf_percent$$00000007) for _printf_ll
    _printf_llo.o(.ARM.Collect$$_printf_percent$$00000010) refers (Weak) to _printf_oct_int_ll.o(.text) for _printf_ll_oct
    _printf_llx.o(.ARM.Collect$$_printf_percent$$00000011) refers (Special) to _printf_ll.o(.ARM.Collect$$_printf_percent$$00000007) for _printf_ll
    _printf_llx.o(.ARM.Collect$$_printf_percent$$00000011) refers (Weak) to _printf_hex_int_ll_ptr.o(.text) for _printf_ll_hex
    printf1.o(x$fpl$printf1) refers to _printf_fp_dec.o(.text) for _printf_fp_dec_real
    printf2.o(x$fpl$printf2) refers to _printf_fp_hex.o(.text) for _printf_fp_hex_real
    printf2b.o(x$fpl$printf2) refers to _printf_fp_hex.o(.text) for _printf_fp_hex_real
    __rtentry2.o(.ARM.Collect$$rtentry$$00000008) refers to boardinit2.o(.text) for _platform_post_stackheap_init
    __rtentry2.o(.ARM.Collect$$rtentry$$0000000A) refers to libinit.o(.ARM.Collect$$libinit$$00000000) for __rt_lib_init
    __rtentry2.o(.ARM.Collect$$rtentry$$0000000B) refers to boardinit3.o(.text) for _platform_post_lib_init
    __rtentry2.o(.ARM.Collect$$rtentry$$0000000D) refers to main.o(.text.main) for main
    __rtentry2.o(.ARM.Collect$$rtentry$$0000000D) refers to exit.o(.text) for exit
    __rtentry2.o(.ARM.exidx) refers to __rtentry2.o(.ARM.Collect$$rtentry$$00000001) for .ARM.Collect$$rtentry$$00000001
    __rtentry2.o(.ARM.exidx) refers to __rtentry2.o(.ARM.Collect$$rtentry$$00000008) for .ARM.Collect$$rtentry$$00000008
    __rtentry2.o(.ARM.exidx) refers to __rtentry2.o(.ARM.Collect$$rtentry$$0000000A) for .ARM.Collect$$rtentry$$0000000A
    __rtentry2.o(.ARM.exidx) refers to __rtentry2.o(.ARM.Collect$$rtentry$$0000000B) for .ARM.Collect$$rtentry$$0000000B
    __rtentry2.o(.ARM.exidx) refers to __rtentry2.o(.ARM.Collect$$rtentry$$0000000D) for .ARM.Collect$$rtentry$$0000000D
    __rtentry4.o(.ARM.Collect$$rtentry$$00000004) refers to sys_stackheap_outer.o(.text) for __user_setup_stackheap
    __rtentry4.o(.ARM.exidx) refers to __rtentry4.o(.ARM.Collect$$rtentry$$00000004) for .ARM.Collect$$rtentry$$00000004
    _printf_intcommon.o(.text) refers (Weak) to _printf_pad.o(.text) for _printf_pre_padding
    _printf_intcommon.o(.text) refers (Weak) to _printf_pad.o(.text) for _printf_pre_padding
    _printf_intcommon.o(.text) refers (Weak) to _printf_pad.o(.text) for _printf_post_padding
    _printf_fp_dec.o(.text) refers (Special) to usenofp.o(x$fpl$usenofp) for __I$use$fp
    _printf_fp_dec.o(.text) refers (Special) to lc_numeric_c.o(locale$$code) for _get_lc_numeric
    _printf_fp_dec.o(.text) refers to bigflt0.o(.text) for _btod_etento
    _printf_fp_dec.o(.text) refers to btod.o(CL$$btod_d2e) for _btod_d2e
    _printf_fp_dec.o(.text) refers to btod.o(CL$$btod_ediv) for _btod_ediv
    _printf_fp_dec.o(.text) refers to btod.o(CL$$btod_emul) for _btod_emul
    _printf_fp_dec.o(.text) refers to lludiv10.o(.text) for _ll_udiv10
    _printf_fp_dec.o(.text) refers to fpclassify.o(i.__ARM_fpclassify) for __ARM_fpclassify
    _printf_fp_dec.o(.text) refers to _printf_fp_infnan.o(.text) for _printf_fp_infnan
    _printf_fp_dec.o(.text) refers (Weak) to _printf_pad.o(.text) for _printf_pre_padding
    _printf_fp_dec.o(.text) refers (Weak) to _printf_pad.o(.text) for _printf_pre_padding
    _printf_fp_dec.o(.text) refers to rt_locale_intlibspace.o(.text) for __rt_locale
    _printf_fp_dec.o(.text) refers (Weak) to _printf_pad.o(.text) for _printf_post_padding
    _printf_fp_dec_accurate.o(.text) refers (Special) to usenofp.o(x$fpl$usenofp) for __I$use$fp
    _printf_fp_dec_accurate.o(.text) refers (Special) to lc_numeric_c.o(locale$$code) for _get_lc_numeric
    _printf_fp_dec_accurate.o(.text) refers to btod_accurate.o(.text) for _btod_main
    _printf_fp_dec_accurate.o(.text) refers to fpclassify.o(i.__ARM_fpclassify) for __ARM_fpclassify
    _printf_fp_dec_accurate.o(.text) refers to _printf_fp_infnan.o(.text) for _printf_fp_infnan
    _printf_fp_dec_accurate.o(.text) refers (Weak) to _printf_pad.o(.text) for _printf_pre_padding
    _printf_fp_dec_accurate.o(.text) refers (Weak) to _printf_pad.o(.text) for _printf_pre_padding
    _printf_fp_dec_accurate.o(.text) refers to rt_locale_intlibspace.o(.text) for __rt_locale
    _printf_fp_dec_accurate.o(.text) refers (Weak) to _printf_pad.o(.text) for _printf_post_padding
    _printf_fp_hex.o(.text) refers (Special) to usenofp.o(x$fpl$usenofp) for __I$use$fp
    _printf_fp_hex.o(.text) refers to fpclassify.o(i.__ARM_fpclassify) for __ARM_fpclassify
    _printf_fp_hex.o(.text) refers to _printf_fp_infnan.o(.text) for _printf_fp_infnan
    _printf_fp_hex.o(.text) refers (Weak) to _printf_pad.o(.text) for _printf_pre_padding
    _printf_fp_hex.o(.text) refers (Weak) to _printf_pad.o(.text) for _printf_pre_padding
    _printf_fp_hex.o(.text) refers (Weak) to _printf_pad.o(.text) for _printf_post_padding
    _printf_fp_hex.o(.text) refers to _printf_fp_hex.o(.constdata) for .constdata
    _printf_fp_hex.o(.constdata) refers (Special) to usenofp.o(x$fpl$usenofp) for __I$use$fp
    _printf_char.o(.text) refers (Weak) to _printf_str.o(.text) for _printf_str
    _printf_wchar.o(.text) refers (Weak) to _printf_wctomb.o(.text) for _printf_wctomb
    _c16rtomb.o(.text) refers to rt_ctype_table.o(.text) for __rt_ctype_table
    sys_stackheap_outer.o(.text) refers to libspace.o(.text) for __user_perproc_libspace
    sys_stackheap_outer.o(.text) refers to startup_mk64f12.o(.text) for __user_initial_stackheap
    rt_ctype_table.o(.text) refers to rt_locale_intlibspace.o(.text) for __rt_locale
    rt_ctype_table.o(.text) refers to lc_ctype_c.o(locale$$code) for _get_lc_ctype
    rt_locale.o(.text) refers to rt_locale.o(.bss) for __rt_locale_data
    rt_locale_intlibspace.o(.text) refers to libspace.o(.bss) for __libspace_start
    _printf_fp_infnan.o(.text) refers (Weak) to _printf_pad.o(.text) for _printf_pre_padding
    _printf_fp_infnan.o(.text) refers (Weak) to _printf_pad.o(.text) for _printf_post_padding
    bigflt0.o(.text) refers (Special) to usenofp.o(x$fpl$usenofp) for __I$use$fp
    bigflt0.o(.text) refers to btod.o(CL$$btod_emul) for _btod_emul
    bigflt0.o(.text) refers to btod.o(CL$$btod_ediv) for _btod_ediv
    bigflt0.o(.text) refers to bigflt0.o(.constdata) for .constdata
    bigflt0.o(.constdata) refers (Special) to usenofp.o(x$fpl$usenofp) for __I$use$fp
    btod.o(CL$$btod_d2e) refers (Special) to usenofp.o(x$fpl$usenofp) for __I$use$fp
    btod.o(CL$$btod_d2e) refers to btod.o(CL$$btod_d2e_norm_op1) for _d2e_norm_op1
    btod.o(CL$$btod_d2e_norm_op1) refers (Special) to usenofp.o(x$fpl$usenofp) for __I$use$fp
    btod.o(CL$$btod_d2e_norm_op1) refers to btod.o(CL$$btod_d2e_denorm_low) for _d2e_denorm_low
    btod.o(CL$$btod_d2e_denorm_low) refers (Special) to usenofp.o(x$fpl$usenofp) for __I$use$fp
    btod.o(CL$$btod_emul) refers (Special) to usenofp.o(x$fpl$usenofp) for __I$use$fp
    btod.o(CL$$btod_emul) refers to btod.o(CL$$btod_mult_common) for __btod_mult_common
    btod.o(CL$$btod_emul) refers to btod.o(CL$$btod_e2e) for _e2e
    btod.o(CL$$btod_ediv) refers (Special) to usenofp.o(x$fpl$usenofp) for __I$use$fp
    btod.o(CL$$btod_ediv) refers to btod.o(CL$$btod_div_common) for __btod_div_common
    btod.o(CL$$btod_ediv) refers to btod.o(CL$$btod_e2e) for _e2e
    btod.o(CL$$btod_emuld) refers (Special) to usenofp.o(x$fpl$usenofp) for __I$use$fp
    btod.o(CL$$btod_emuld) refers to btod.o(CL$$btod_mult_common) for __btod_mult_common
    btod.o(CL$$btod_emuld) refers to btod.o(CL$$btod_e2d) for _e2d
    btod.o(CL$$btod_edivd) refers (Special) to usenofp.o(x$fpl$usenofp) for __I$use$fp
    btod.o(CL$$btod_edivd) refers to btod.o(CL$$btod_div_common) for __btod_div_common
    btod.o(CL$$btod_edivd) refers to btod.o(CL$$btod_e2d) for _e2d
    btod.o(CL$$btod_e2e) refers (Special) to usenofp.o(x$fpl$usenofp) for __I$use$fp
    btod.o(CL$$btod_e2d) refers (Special) to usenofp.o(x$fpl$usenofp) for __I$use$fp
    btod.o(CL$$btod_e2d) refers to btod.o(CL$$btod_e2e) for _e2e
    btod.o(CL$$btod_mult_common) refers (Special) to usenofp.o(x$fpl$usenofp) for __I$use$fp
    btod.o(CL$$btod_div_common) refers (Special) to usenofp.o(x$fpl$usenofp) for __I$use$fp
    btod_accurate.o(.text) refers to btod_accurate_common.o(.text) for _btod_common
    lc_numeric_c.o(locale$$data) refers (Special) to libinit2.o(.ARM.Collect$$libinit$$00000016) for __rt_lib_init_lc_numeric_2
    lc_numeric_c.o(locale$$code) refers (Special) to libinit2.o(.ARM.Collect$$libinit$$00000016) for __rt_lib_init_lc_numeric_2
    lc_numeric_c.o(locale$$code) refers to strcmpv7em.o(.text) for strcmp
    lc_numeric_c.o(locale$$code) refers to lc_numeric_c.o(locale$$data) for __lcnum_c_name
    exit.o(.text) refers to rtexit.o(.ARM.Collect$$rtexit$$00000000) for __rt_exit
    libinit.o(.ARM.Collect$$libinit$$00000000) refers (Special) to libinit2.o(.ARM.Collect$$libinit$$0000002E) for __rt_lib_init_alloca_1
    libinit.o(.ARM.Collect$$libinit$$00000000) refers (Special) to libinit2.o(.ARM.Collect$$libinit$$0000002C) for __rt_lib_init_argv_1
    libinit.o(.ARM.Collect$$libinit$$00000000) refers (Special) to libinit2.o(.ARM.Collect$$libinit$$0000001B) for __rt_lib_init_atexit_1
    libinit.o(.ARM.Collect$$libinit$$00000000) refers (Special) to libinit2.o(.ARM.Collect$$libinit$$00000021) for __rt_lib_init_clock_1
    libinit.o(.ARM.Collect$$libinit$$00000000) refers (Special) to libinit2.o(.ARM.Collect$$libinit$$00000032) for __rt_lib_init_cpp_1
    libinit.o(.ARM.Collect$$libinit$$00000000) refers (Special) to libinit2.o(.ARM.Collect$$libinit$$00000030) for __rt_lib_init_exceptions_1
    libinit.o(.ARM.Collect$$libinit$$00000000) refers (Special) to libinit2.o(.ARM.Collect$$libinit$$00000001) for __rt_lib_init_fp_1
    libinit.o(.ARM.Collect$$libinit$$00000000) refers (Special) to libinit2.o(.ARM.Collect$$libinit$$0000001F) for __rt_lib_init_fp_trap_1
    libinit.o(.ARM.Collect$$libinit$$00000000) refers (Special) to libinit2.o(.ARM.Collect$$libinit$$00000023) for __rt_lib_init_getenv_1
    libinit.o(.ARM.Collect$$libinit$$00000000) refers (Special) to libinit2.o(.ARM.Collect$$libinit$$0000000A) for __rt_lib_init_heap_1
    libinit.o(.ARM.Collect$$libinit$$00000000) refers (Special) to libinit2.o(.ARM.Collect$$libinit$$00000011) for __rt_lib_init_lc_collate_1
    libinit.o(.ARM.Collect$$libinit$$00000000) refers (Special) to libinit2.o(.ARM.Collect$$libinit$$00000013) for __rt_lib_init_lc_ctype_1
    libinit.o(.ARM.Collect$$libinit$$00000000) refers (Special) to libinit2.o(.ARM.Collect$$libinit$$00000015) for __rt_lib_init_lc_monetary_1
    libinit.o(.ARM.Collect$$libinit$$00000000) refers (Special) to libinit2.o(.ARM.Collect$$libinit$$00000017) for __rt_lib_init_lc_numeric_1
    libinit.o(.ARM.Collect$$libinit$$00000000) refers (Special) to libinit2.o(.ARM.Collect$$libinit$$00000019) for __rt_lib_init_lc_time_1
    libinit.o(.ARM.Collect$$libinit$$00000000) refers (Special) to libinit2.o(.ARM.Collect$$libinit$$00000004) for __rt_lib_init_preinit_1
    libinit.o(.ARM.Collect$$libinit$$00000000) refers (Special) to libinit2.o(.ARM.Collect$$libinit$$0000000E) for __rt_lib_init_rand_1
    libinit.o(.ARM.Collect$$libinit$$00000000) refers (Special) to libinit2.o(.ARM.Collect$$libinit$$00000033) for __rt_lib_init_return
    libinit.o(.ARM.Collect$$libinit$$00000000) refers (Special) to libinit2.o(.ARM.Collect$$libinit$$0000001D) for __rt_lib_init_signal_1
    libinit.o(.ARM.Collect$$libinit$$00000000) refers (Special) to libinit2.o(.ARM.Collect$$libinit$$00000025) for __rt_lib_init_stdio_1
    libinit.o(.ARM.Collect$$libinit$$00000000) refers (Special) to libinit2.o(.ARM.Collect$$libinit$$0000000C) for __rt_lib_init_user_alloc_1
    istatus.o(x$fpl$ieeestatus) refers (Special) to usenofp.o(x$fpl$usenofp) for __I$use$fp
    fpclassify.o(i.__ARM_fpclassify) refers (Special) to usenofp.o(x$fpl$usenofp) for __I$use$fp
    libspace.o(.text) refers to libspace.o(.bss) for __libspace_start
    rtexit.o(.ARM.Collect$$rtexit$$00000000) refers (Special) to rtexit2.o(.ARM.Collect$$rtexit$$00000004) for __rt_exit_exit
    rtexit.o(.ARM.Collect$$rtexit$$00000000) refers (Special) to rtexit2.o(.ARM.Collect$$rtexit$$00000003) for __rt_exit_ls
    rtexit.o(.ARM.Collect$$rtexit$$00000000) refers (Special) to rtexit2.o(.ARM.Collect$$rtexit$$00000002) for __rt_exit_prels_1
    rtexit.o(.ARM.exidx) refers (Special) to rtexit2.o(.ARM.Collect$$rtexit$$00000004) for __rt_exit_exit
    rtexit.o(.ARM.exidx) refers (Special) to rtexit2.o(.ARM.Collect$$rtexit$$00000003) for __rt_exit_ls
    rtexit.o(.ARM.exidx) refers (Special) to rtexit2.o(.ARM.Collect$$rtexit$$00000002) for __rt_exit_prels_1
    rtexit.o(.ARM.exidx) refers to rtexit.o(.ARM.Collect$$rtexit$$00000000) for .ARM.Collect$$rtexit$$00000000
    btod_accurate_common.o(.text) refers to llushr.o(.text) for __aeabi_llsr
    lc_ctype_c.o(locale$$data) refers (Special) to libinit2.o(.ARM.Collect$$libinit$$00000012) for __rt_lib_init_lc_ctype_2
    lc_ctype_c.o(locale$$code) refers (Special) to libinit2.o(.ARM.Collect$$libinit$$00000012) for __rt_lib_init_lc_ctype_2
    lc_ctype_c.o(locale$$code) refers to strcmpv7em.o(.text) for strcmp
    lc_ctype_c.o(locale$$code) refers to lc_ctype_c.o(locale$$data) for __lcctype_c_name
    libinit2.o(.ARM.Collect$$libinit$$00000001) refers to fpinit.o(x$fpl$fpinit) for _fp_init
    libinit2.o(.ARM.Collect$$libinit$$0000000F) refers (Weak) to rt_locale_intlibspace.o(.text) for __rt_locale
    libinit2.o(.ARM.Collect$$libinit$$00000010) refers to libinit2.o(.ARM.Collect$$libinit$$0000000F) for .ARM.Collect$$libinit$$0000000F
    libinit2.o(.ARM.Collect$$libinit$$00000012) refers to libinit2.o(.ARM.Collect$$libinit$$0000000F) for .ARM.Collect$$libinit$$0000000F
    libinit2.o(.ARM.Collect$$libinit$$00000012) refers (Weak) to lc_ctype_c.o(locale$$code) for _get_lc_ctype
    libinit2.o(.ARM.Collect$$libinit$$00000014) refers to libinit2.o(.ARM.Collect$$libinit$$0000000F) for .ARM.Collect$$libinit$$0000000F
    libinit2.o(.ARM.Collect$$libinit$$00000016) refers to libinit2.o(.ARM.Collect$$libinit$$0000000F) for .ARM.Collect$$libinit$$0000000F
    libinit2.o(.ARM.Collect$$libinit$$00000016) refers (Weak) to lc_numeric_c.o(locale$$code) for _get_lc_numeric
    libinit2.o(.ARM.Collect$$libinit$$00000018) refers to libinit2.o(.ARM.Collect$$libinit$$0000000F) for .ARM.Collect$$libinit$$0000000F
    libinit2.o(.ARM.Collect$$libinit$$00000026) refers to argv_veneer.o(.emb_text) for __ARM_argv_veneer
    libinit2.o(.ARM.Collect$$libinit$$00000027) refers to argv_veneer.o(.emb_text) for __ARM_argv_veneer
    rtexit2.o(.ARM.Collect$$rtexit$$00000003) refers to libshutdown.o(.ARM.Collect$$libshutdown$$00000000) for __rt_lib_shutdown
    rtexit2.o(.ARM.Collect$$rtexit$$00000004) refers to sys_exit.o(.text) for _sys_exit
    rtexit2.o(.ARM.exidx) refers to rtexit2.o(.ARM.Collect$$rtexit$$00000001) for .ARM.Collect$$rtexit$$00000001
    rtexit2.o(.ARM.exidx) refers to rtexit2.o(.ARM.Collect$$rtexit$$00000003) for .ARM.Collect$$rtexit$$00000003
    rtexit2.o(.ARM.exidx) refers to rtexit2.o(.ARM.Collect$$rtexit$$00000004) for .ARM.Collect$$rtexit$$00000004
    argv_veneer.o(.emb_text) refers to no_argv.o(.text) for __ARM_get_argv
    sys_exit.o(.text) refers (Special) to use_no_semi.o(.text) for __I$use$semihosting
    sys_exit.o(.text) refers (Special) to indicate_semi.o(.text) for __semihosting_library_function
    sys_exit_hlt.o(.text) refers (Special) to use_no_semi.o(.text) for __I$use$semihosting
    sys_exit_hlt.o(.text) refers (Special) to indicate_semi.o(.text) for __semihosting_library_function
    _get_argv_nomalloc.o(.text) refers (Special) to hrguard.o(.text) for __heap_region$guard
    _get_argv_nomalloc.o(.text) refers to defsig_rtmem_outer.o(.text) for __rt_SIGRTMEM
    _get_argv_nomalloc.o(.text) refers to sys_command.o(.text) for _sys_command_string
    libshutdown.o(.ARM.Collect$$libshutdown$$00000000) refers (Special) to libshutdown2.o(.ARM.Collect$$libshutdown$$00000002) for __rt_lib_shutdown_cpp_1
    libshutdown.o(.ARM.Collect$$libshutdown$$00000000) refers (Special) to libshutdown2.o(.ARM.Collect$$libshutdown$$00000007) for __rt_lib_shutdown_fp_trap_1
    libshutdown.o(.ARM.Collect$$libshutdown$$00000000) refers (Special) to libshutdown2.o(.ARM.Collect$$libshutdown$$0000000F) for __rt_lib_shutdown_heap_1
    libshutdown.o(.ARM.Collect$$libshutdown$$00000000) refers (Special) to libshutdown2.o(.ARM.Collect$$libshutdown$$00000010) for __rt_lib_shutdown_return
    libshutdown.o(.ARM.Collect$$libshutdown$$00000000) refers (Special) to libshutdown2.o(.ARM.Collect$$libshutdown$$0000000A) for __rt_lib_shutdown_signal_1
    libshutdown.o(.ARM.Collect$$libshutdown$$00000000) refers (Special) to libshutdown2.o(.ARM.Collect$$libshutdown$$00000004) for __rt_lib_shutdown_stdio_1
    libshutdown.o(.ARM.Collect$$libshutdown$$00000000) refers (Special) to libshutdown2.o(.ARM.Collect$$libshutdown$$0000000C) for __rt_lib_shutdown_user_alloc_1
    sys_command.o(.text) refers (Special) to use_no_semi.o(.text) for __I$use$semihosting
    sys_command.o(.text) refers (Special) to indicate_semi.o(.text) for __semihosting_library_function
    sys_command_hlt.o(.text) refers (Special) to use_no_semi.o(.text) for __I$use$semihosting
    sys_command_hlt.o(.text) refers (Special) to indicate_semi.o(.text) for __semihosting_library_function
    defsig_rtmem_outer.o(.text) refers to defsig_rtmem_inner.o(.text) for __rt_SIGRTMEM_inner
    defsig_rtmem_outer.o(.text) refers to defsig_exit.o(.text) for __sig_exit
    defsig_rtmem_formal.o(.text) refers to rt_raise.o(.text) for __rt_raise
    rt_raise.o(.text) refers to __raise.o(.text) for __raise
    rt_raise.o(.text) refers to sys_exit.o(.text) for _sys_exit
    defsig_exit.o(.text) refers to sys_exit.o(.text) for _sys_exit
    defsig_rtmem_inner.o(.text) refers to defsig_general.o(.text) for __default_signal_display
    __raise.o(.text) refers to defsig.o(CL$$defsig) for __default_signal_handler
    defsig_general.o(.text) refers to sys_wrch.o(.text) for _ttywrch
    sys_wrch.o(.text) refers (Special) to use_no_semi.o(.text) for __I$use$semihosting
    sys_wrch.o(.text) refers (Special) to indicate_semi.o(.text) for __semihosting_library_function
    sys_wrch_hlt.o(.text) refers (Special) to use_no_semi.o(.text) for __I$use$semihosting
    sys_wrch_hlt.o(.text) refers (Special) to indicate_semi.o(.text) for __semihosting_library_function
    defsig.o(CL$$defsig) refers to defsig_rtmem_inner.o(.text) for __rt_SIGRTMEM_inner
    defsig_abrt_inner.o(.text) refers to defsig_general.o(.text) for __default_signal_display
    defsig_fpe_inner.o(.text) refers to defsig_general.o(.text) for __default_signal_display
    defsig_rtred_inner.o(.text) refers to defsig_general.o(.text) for __default_signal_display
    defsig_stak_inner.o(.text) refers to defsig_general.o(.text) for __default_signal_display
    defsig_pvfn_inner.o(.text) refers to defsig_general.o(.text) for __default_signal_display
    defsig_cppl_inner.o(.text) refers to defsig_general.o(.text) for __default_signal_display
    defsig_segv_inner.o(.text) refers to defsig_general.o(.text) for __default_signal_display
    defsig_other.o(.text) refers to defsig_general.o(.text) for __default_signal_display


==============================================================================

Removing Unused input sections from the image.

    Removing main.o(.text), (0 bytes).
    Removing main.o(.ARM.exidx.text.main), (8 bytes).
    Removing main.o(.ARM.exidx.text.delay), (8 bytes).
    Removing main.o(.ARM.use_no_argv), (4 bytes).
    Removing pwm.o(.text), (0 bytes).
    Removing pwm.o(.text.FTM0_set_duty_cycle), (136 bytes).
    Removing pwm.o(.ARM.exidx.text.FTM0_set_duty_cycle), (8 bytes).
    Removing pwm.o(.ARM.exidx.text.FTM0_PWM_Init), (8 bytes).
    Removing uart.o(.text), (0 bytes).
    Removing uart.o(.ARM.exidx.text.UART0_Init), (8 bytes).
    Removing uart.o(.text.UART3_Init), (206 bytes).
    Removing uart.o(.ARM.exidx.text.UART3_Init), (8 bytes).
    Removing uart.o(.text.UART0_Getchar), (40 bytes).
    Removing uart.o(.ARM.exidx.text.UART0_Getchar), (8 bytes).
    Removing uart.o(.text.UART3_Getchar), (40 bytes).
    Removing uart.o(.ARM.exidx.text.UART3_Getchar), (8 bytes).
    Removing uart.o(.ARM.exidx.text.UART0_Putchar), (8 bytes).
    Removing uart.o(.text.UART3_Putchar), (50 bytes).
    Removing uart.o(.ARM.exidx.text.UART3_Putchar), (8 bytes).
    Removing uart.o(.ARM.exidx.text.UART0_Put), (8 bytes).
    Removing uart.o(.text.UART3_Put), (36 bytes).
    Removing uart.o(.ARM.exidx.text.UART3_Put), (8 bytes).
    Removing uart.o(.text.UART0_PutNumU), (38 bytes).
    Removing uart.o(.ARM.exidx.text.UART0_PutNumU), (8 bytes).
    Removing uart.o(.rodata.str1.1), (3 bytes).
    Removing system_mk64f12.o(.text), (0 bytes).
    Removing system_mk64f12.o(.ARM.exidx.text.SystemInit), (8 bytes).
    Removing system_mk64f12.o(.text.SystemCoreClockUpdate), (604 bytes).
    Removing system_mk64f12.o(.ARM.exidx.text.SystemCoreClockUpdate), (8 bytes).
    Removing system_mk64f12.o(.data.SystemCoreClock), (4 bytes).

30 unused section(s) (total 1281 bytes) removed from the image.

==============================================================================

Image Symbol Table

    Local Symbols

    Symbol Name                              Value     Ov Type        Size  Object(Section)

    ../clib/angel/boardlib.s                 0x00000000   Number         0  boardinit1.o ABSOLUTE
    ../clib/angel/boardlib.s                 0x00000000   Number         0  boardinit2.o ABSOLUTE
    ../clib/angel/boardlib.s                 0x00000000   Number         0  boardinit3.o ABSOLUTE
    ../clib/angel/boardlib.s                 0x00000000   Number         0  boardshut.o ABSOLUTE
    ../clib/angel/handlers.s                 0x00000000   Number         0  __scatter_zi.o ABSOLUTE
    ../clib/angel/kernel.s                   0x00000000   Number         0  __rtentry.o ABSOLUTE
    ../clib/angel/kernel.s                   0x00000000   Number         0  __rtentry2.o ABSOLUTE
    ../clib/angel/kernel.s                   0x00000000   Number         0  __rtentry4.o ABSOLUTE
    ../clib/angel/kernel.s                   0x00000000   Number         0  rtexit.o ABSOLUTE
    ../clib/angel/kernel.s                   0x00000000   Number         0  rtexit2.o ABSOLUTE
    ../clib/angel/rt.s                       0x00000000   Number         0  rt_ctype_table.o ABSOLUTE
    ../clib/angel/rt.s                       0x00000000   Number         0  rt_locale.o ABSOLUTE
    ../clib/angel/rt.s                       0x00000000   Number         0  rt_locale_intlibspace.o ABSOLUTE
    ../clib/angel/rt.s                       0x00000000   Number         0  rt_raise.o ABSOLUTE
    ../clib/angel/scatter.s                  0x00000000   Number         0  __scatter.o ABSOLUTE
    ../clib/angel/startup.s                  0x00000000   Number         0  __main.o ABSOLUTE
    ../clib/angel/sys.s                      0x00000000   Number         0  sys_stackheap_outer.o ABSOLUTE
    ../clib/angel/sys.s                      0x00000000   Number         0  libspace.o ABSOLUTE
    ../clib/angel/sys.s                      0x00000000   Number         0  use_no_semi.o ABSOLUTE
    ../clib/angel/sys.s                      0x00000000   Number         0  indicate_semi.o ABSOLUTE
    ../clib/angel/sysapp.c                   0x00000000   Number         0  sys_exit.o ABSOLUTE
    ../clib/angel/sysapp.c                   0x00000000   Number         0  sys_exit_hlt.o ABSOLUTE
    ../clib/angel/sysapp.c                   0x00000000   Number         0  sys_command.o ABSOLUTE
    ../clib/angel/sysapp.c                   0x00000000   Number         0  sys_command_hlt.o ABSOLUTE
    ../clib/angel/sysapp.c                   0x00000000   Number         0  sys_wrch.o ABSOLUTE
    ../clib/angel/sysapp.c                   0x00000000   Number         0  sys_wrch_hlt.o ABSOLUTE
    ../clib/armsys.c                         0x00000000   Number         0  argv_veneer.o ABSOLUTE
    ../clib/armsys.c                         0x00000000   Number         0  argv_veneer.o ABSOLUTE
    ../clib/armsys.c                         0x00000000   Number         0  _get_argv_nomalloc.o ABSOLUTE
    ../clib/armsys.c                         0x00000000   Number         0  no_argv.o ABSOLUTE
    ../clib/bigflt.c                         0x00000000   Number         0  bigflt0.o ABSOLUTE
    ../clib/btod.s                           0x00000000   Number         0  btod.o ABSOLUTE
    ../clib/btod_accurate.c                  0x00000000   Number         0  btod_accurate.o ABSOLUTE
    ../clib/btod_accurate.c                  0x00000000   Number         0  btod_accurate_common.o ABSOLUTE
    ../clib/heapalloc.c                      0x00000000   Number         0  hrguard.o ABSOLUTE
    ../clib/heapaux.c                        0x00000000   Number         0  heapauxi.o ABSOLUTE
    ../clib/libinit.s                        0x00000000   Number         0  libinit.o ABSOLUTE
    ../clib/libinit.s                        0x00000000   Number         0  libinit2.o ABSOLUTE
    ../clib/libinit.s                        0x00000000   Number         0  libshutdown.o ABSOLUTE
    ../clib/libinit.s                        0x00000000   Number         0  libshutdown2.o ABSOLUTE
    ../clib/locale.c                         0x00000000   Number         0  _c16rtomb.o ABSOLUTE
    ../clib/locale.s                         0x00000000   Number         0  lc_numeric_c.o ABSOLUTE
    ../clib/locale.s                         0x00000000   Number         0  lc_ctype_c.o ABSOLUTE
    ../clib/longlong.s                       0x00000000   Number         0  lludiv10.o ABSOLUTE
    ../clib/longlong.s                       0x00000000   Number         0  llushr.o ABSOLUTE
    ../clib/memcpset.s                       0x00000000   Number         0  strcmpv7em.o ABSOLUTE
    ../clib/misc.s                           0x00000000   Number         0  printf_stubs.o ABSOLUTE
    ../clib/printf.c                         0x00000000   Number         0  sprintf.o ABSOLUTE
    ../clib/printf.c                         0x00000000   Number         0  __printf.o ABSOLUTE
    ../clib/printf.c                         0x00000000   Number         0  _printf_pad.o ABSOLUTE
    ../clib/printf.c                         0x00000000   Number         0  _printf_truncate.o ABSOLUTE
    ../clib/printf.c                         0x00000000   Number         0  _printf_str.o ABSOLUTE
    ../clib/printf.c                         0x00000000   Number         0  _printf_dec.o ABSOLUTE
    ../clib/printf.c                         0x00000000   Number         0  _printf_charcount.o ABSOLUTE
    ../clib/printf.c                         0x00000000   Number         0  _printf_char_common.o ABSOLUTE
    ../clib/printf.c                         0x00000000   Number         0  _sputc.o ABSOLUTE
    ../clib/printf.c                         0x00000000   Number         0  _printf_wctomb.o ABSOLUTE
    ../clib/printf.c                         0x00000000   Number         0  _printf_longlong_dec.o ABSOLUTE
    ../clib/printf.c                         0x00000000   Number         0  _printf_oct_ll.o ABSOLUTE
    ../clib/printf.c                         0x00000000   Number         0  _printf_oct_int.o ABSOLUTE
    ../clib/printf.c                         0x00000000   Number         0  _printf_oct_int_ll.o ABSOLUTE
    ../clib/printf.c                         0x00000000   Number         0  _printf_hex_ll.o ABSOLUTE
    ../clib/printf.c                         0x00000000   Number         0  _printf_hex_int.o ABSOLUTE
    ../clib/printf.c                         0x00000000   Number         0  _printf_hex_int_ll.o ABSOLUTE
    ../clib/printf.c                         0x00000000   Number         0  _printf_hex_ptr.o ABSOLUTE
    ../clib/printf.c                         0x00000000   Number         0  _printf_hex_int_ptr.o ABSOLUTE
    ../clib/printf.c                         0x00000000   Number         0  _printf_hex_ll_ptr.o ABSOLUTE
    ../clib/printf.c                         0x00000000   Number         0  _printf_hex_int_ll_ptr.o ABSOLUTE
    ../clib/printf.c                         0x00000000   Number         0  __printf_flags.o ABSOLUTE
    ../clib/printf.c                         0x00000000   Number         0  __printf_ss.o ABSOLUTE
    ../clib/printf.c                         0x00000000   Number         0  __printf_flags_ss.o ABSOLUTE
    ../clib/printf.c                         0x00000000   Number         0  __printf_wp.o ABSOLUTE
    ../clib/printf.c                         0x00000000   Number         0  __printf_flags_wp.o ABSOLUTE
    ../clib/printf.c                         0x00000000   Number         0  __printf_ss_wp.o ABSOLUTE
    ../clib/printf.c                         0x00000000   Number         0  __printf_flags_ss_wp.o ABSOLUTE
    ../clib/printf.c                         0x00000000   Number         0  _printf_intcommon.o ABSOLUTE
    ../clib/printf.c                         0x00000000   Number         0  _printf_fp_dec.o ABSOLUTE
    ../clib/printf.c                         0x00000000   Number         0  _printf_fp_dec_accurate.o ABSOLUTE
    ../clib/printf.c                         0x00000000   Number         0  _printf_fp_hex.o ABSOLUTE
    ../clib/printf.c                         0x00000000   Number         0  __printf_nopercent.o ABSOLUTE
    ../clib/printf.c                         0x00000000   Number         0  _printf_char.o ABSOLUTE
    ../clib/printf.c                         0x00000000   Number         0  _printf_wchar.o ABSOLUTE
    ../clib/printf.c                         0x00000000   Number         0  _printf_fp_infnan.o ABSOLUTE
    ../clib/printf_percent.s                 0x00000000   Number         0  _printf_c.o ABSOLUTE
    ../clib/printf_percent.s                 0x00000000   Number         0  _printf_s.o ABSOLUTE
    ../clib/printf_percent.s                 0x00000000   Number         0  _printf_n.o ABSOLUTE
    ../clib/printf_percent.s                 0x00000000   Number         0  _printf_x.o ABSOLUTE
    ../clib/printf_percent.s                 0x00000000   Number         0  _printf_p.o ABSOLUTE
    ../clib/printf_percent.s                 0x00000000   Number         0  _printf_o.o ABSOLUTE
    ../clib/printf_percent.s                 0x00000000   Number         0  _printf_i.o ABSOLUTE
    ../clib/printf_percent.s                 0x00000000   Number         0  _printf_d.o ABSOLUTE
    ../clib/printf_percent.s                 0x00000000   Number         0  _printf_u.o ABSOLUTE
    ../clib/printf_percent.s                 0x00000000   Number         0  _printf_f.o ABSOLUTE
    ../clib/printf_percent.s                 0x00000000   Number         0  _printf_e.o ABSOLUTE
    ../clib/printf_percent.s                 0x00000000   Number         0  _printf_g.o ABSOLUTE
    ../clib/printf_percent.s                 0x00000000   Number         0  _printf_a.o ABSOLUTE
    ../clib/printf_percent.s                 0x00000000   Number         0  _printf_percent.o ABSOLUTE
    ../clib/printf_percent.s                 0x00000000   Number         0  _printf_lli.o ABSOLUTE
    ../clib/printf_percent.s                 0x00000000   Number         0  _printf_lld.o ABSOLUTE
    ../clib/printf_percent.s                 0x00000000   Number         0  _printf_llu.o ABSOLUTE
    ../clib/printf_percent.s                 0x00000000   Number         0  _printf_ll.o ABSOLUTE
    ../clib/printf_percent.s                 0x00000000   Number         0  _printf_l.o ABSOLUTE
    ../clib/printf_percent.s                 0x00000000   Number         0  _printf_lc.o ABSOLUTE
    ../clib/printf_percent.s                 0x00000000   Number         0  _printf_ls.o ABSOLUTE
    ../clib/printf_percent.s                 0x00000000   Number         0  _printf_llo.o ABSOLUTE
    ../clib/printf_percent.s                 0x00000000   Number         0  _printf_llx.o ABSOLUTE
    ../clib/printf_percent.s                 0x00000000   Number         0  _printf_percent_end.o ABSOLUTE
    ../clib/signal.c                         0x00000000   Number         0  defsig_rtmem_outer.o ABSOLUTE
    ../clib/signal.c                         0x00000000   Number         0  defsig_rtmem_formal.o ABSOLUTE
    ../clib/signal.c                         0x00000000   Number         0  defsig_exit.o ABSOLUTE
    ../clib/signal.c                         0x00000000   Number         0  defsig_rtmem_inner.o ABSOLUTE
    ../clib/signal.c                         0x00000000   Number         0  __raise.o ABSOLUTE
    ../clib/signal.c                         0x00000000   Number         0  defsig_general.o ABSOLUTE
    ../clib/signal.c                         0x00000000   Number         0  defsig_abrt_inner.o ABSOLUTE
    ../clib/signal.c                         0x00000000   Number         0  defsig_fpe_inner.o ABSOLUTE
    ../clib/signal.c                         0x00000000   Number         0  defsig_rtred_inner.o ABSOLUTE
    ../clib/signal.c                         0x00000000   Number         0  defsig_stak_inner.o ABSOLUTE
    ../clib/signal.c                         0x00000000   Number         0  defsig_pvfn_inner.o ABSOLUTE
    ../clib/signal.c                         0x00000000   Number         0  defsig_cppl_inner.o ABSOLUTE
    ../clib/signal.c                         0x00000000   Number         0  defsig_segv_inner.o ABSOLUTE
    ../clib/signal.c                         0x00000000   Number         0  defsig_other.o ABSOLUTE
    ../clib/signal.s                         0x00000000   Number         0  defsig.o ABSOLUTE
    ../clib/stdlib.c                         0x00000000   Number         0  exit.o ABSOLUTE
    ../fplib/fpinit.s                        0x00000000   Number         0  fpinit.o ABSOLUTE
    ../fplib/istatus.s                       0x00000000   Number         0  istatus.o ABSOLUTE
    ../fplib/printf1.s                       0x00000000   Number         0  printf1.o ABSOLUTE
    ../fplib/printf2.s                       0x00000000   Number         0  printf2.o ABSOLUTE
    ../fplib/printf2a.s                      0x00000000   Number         0  printf2a.o ABSOLUTE
    ../fplib/printf2b.s                      0x00000000   Number         0  printf2b.o ABSOLUTE
    ../fplib/usenofp.s                       0x00000000   Number         0  usenofp.o ABSOLUTE
    ../mathlib/fpclassify.c                  0x00000000   Number         0  fpclassify.o ABSOLUTE
    RTE/Device/MK64FN1M0xxx12/startup_MK64F12.s 0x00000000   Number         0  startup_mk64f12.o ABSOLUTE
    dc.s                                     0x00000000   Number         0  dc.o ABSOLUTE
    main.c                                   0x00000000   Number         0  main.o ABSOLUTE
    pwm.c                                    0x00000000   Number         0  pwm.o ABSOLUTE
    system_MK64F12.c                         0x00000000   Number         0  system_mk64f12.o ABSOLUTE
    uart.c                                   0x00000000   Number         0  uart.o ABSOLUTE
    RESET                                    0x00000000   Section     1024  startup_mk64f12.o(RESET)
    .ARM.__at_0x400                          0x00000400   Section       16  startup_mk64f12.o(.ARM.__at_0x400)
    !!!main                                  0x00000410   Section        8  __main.o(!!!main)
    !!!scatter                               0x00000418   Section       52  __scatter.o(!!!scatter)
    !!handler_zi                             0x0000044c   Section       28  __scatter_zi.o(!!handler_zi)
    .ARM.Collect$$libinit$$00000000          0x00000468   Section        2  libinit.o(.ARM.Collect$$libinit$$00000000)
    .ARM.Collect$$libinit$$00000001          0x0000046a   Section        4  libinit2.o(.ARM.Collect$$libinit$$00000001)
    .ARM.Collect$$libinit$$00000004          0x0000046e   Section        0  libinit2.o(.ARM.Collect$$libinit$$00000004)
    .ARM.Collect$$libinit$$0000000A          0x0000046e   Section        0  libinit2.o(.ARM.Collect$$libinit$$0000000A)
    .ARM.Collect$$libinit$$0000000C          0x0000046e   Section        0  libinit2.o(.ARM.Collect$$libinit$$0000000C)
    .ARM.Collect$$libinit$$0000000E          0x0000046e   Section        0  libinit2.o(.ARM.Collect$$libinit$$0000000E)
    .ARM.Collect$$libinit$$00000011          0x0000046e   Section        0  libinit2.o(.ARM.Collect$$libinit$$00000011)
    .ARM.Collect$$libinit$$00000013          0x0000046e   Section        0  libinit2.o(.ARM.Collect$$libinit$$00000013)
    .ARM.Collect$$libinit$$00000015          0x0000046e   Section        0  libinit2.o(.ARM.Collect$$libinit$$00000015)
    .ARM.Collect$$libinit$$00000017          0x0000046e   Section        0  libinit2.o(.ARM.Collect$$libinit$$00000017)
    .ARM.Collect$$libinit$$00000019          0x0000046e   Section        0  libinit2.o(.ARM.Collect$$libinit$$00000019)
    .ARM.Collect$$libinit$$0000001B          0x0000046e   Section        0  libinit2.o(.ARM.Collect$$libinit$$0000001B)
    .ARM.Collect$$libinit$$0000001D          0x0000046e   Section        0  libinit2.o(.ARM.Collect$$libinit$$0000001D)
    .ARM.Collect$$libinit$$0000001F          0x0000046e   Section        0  libinit2.o(.ARM.Collect$$libinit$$0000001F)
    .ARM.Collect$$libinit$$00000021          0x0000046e   Section        0  libinit2.o(.ARM.Collect$$libinit$$00000021)
    .ARM.Collect$$libinit$$00000023          0x0000046e   Section        0  libinit2.o(.ARM.Collect$$libinit$$00000023)
    .ARM.Collect$$libinit$$00000025          0x0000046e   Section        0  libinit2.o(.ARM.Collect$$libinit$$00000025)
    .ARM.Collect$$libinit$$0000002C          0x0000046e   Section        0  libinit2.o(.ARM.Collect$$libinit$$0000002C)
    .ARM.Collect$$libinit$$0000002E          0x0000046e   Section        0  libinit2.o(.ARM.Collect$$libinit$$0000002E)
    .ARM.Collect$$libinit$$00000030          0x0000046e   Section        0  libinit2.o(.ARM.Collect$$libinit$$00000030)
    .ARM.Collect$$libinit$$00000032          0x0000046e   Section        0  libinit2.o(.ARM.Collect$$libinit$$00000032)
    .ARM.Collect$$libinit$$00000033          0x0000046e   Section        2  libinit2.o(.ARM.Collect$$libinit$$00000033)
    .ARM.Collect$$libshutdown$$00000000      0x00000470   Section        2  libshutdown.o(.ARM.Collect$$libshutdown$$00000000)
    .ARM.Collect$$libshutdown$$00000002      0x00000472   Section        0  libshutdown2.o(.ARM.Collect$$libshutdown$$00000002)
    .ARM.Collect$$libshutdown$$00000004      0x00000472   Section        0  libshutdown2.o(.ARM.Collect$$libshutdown$$00000004)
    .ARM.Collect$$libshutdown$$00000007      0x00000472   Section        0  libshutdown2.o(.ARM.Collect$$libshutdown$$00000007)
    .ARM.Collect$$libshutdown$$0000000A      0x00000472   Section        0  libshutdown2.o(.ARM.Collect$$libshutdown$$0000000A)
    .ARM.Collect$$libshutdown$$0000000C      0x00000472   Section        0  libshutdown2.o(.ARM.Collect$$libshutdown$$0000000C)
    .ARM.Collect$$libshutdown$$0000000F      0x00000472   Section        0  libshutdown2.o(.ARM.Collect$$libshutdown$$0000000F)
    .ARM.Collect$$libshutdown$$00000010      0x00000472   Section        2  libshutdown2.o(.ARM.Collect$$libshutdown$$00000010)
    .ARM.Collect$$rtentry$$00000000          0x00000474   Section        0  __rtentry.o(.ARM.Collect$$rtentry$$00000000)
    .ARM.Collect$$rtentry$$00000002          0x00000474   Section        0  __rtentry2.o(.ARM.Collect$$rtentry$$00000002)
    .ARM.Collect$$rtentry$$00000004          0x00000474   Section        6  __rtentry4.o(.ARM.Collect$$rtentry$$00000004)
    .ARM.Collect$$rtentry$$00000009          0x0000047a   Section        0  __rtentry2.o(.ARM.Collect$$rtentry$$00000009)
    .ARM.Collect$$rtentry$$0000000A          0x0000047a   Section        4  __rtentry2.o(.ARM.Collect$$rtentry$$0000000A)
    .ARM.Collect$$rtentry$$0000000C          0x0000047e   Section        0  __rtentry2.o(.ARM.Collect$$rtentry$$0000000C)
    .ARM.Collect$$rtentry$$0000000D          0x0000047e   Section        8  __rtentry2.o(.ARM.Collect$$rtentry$$0000000D)
    .ARM.Collect$$rtexit$$00000000           0x00000486   Section        2  rtexit.o(.ARM.Collect$$rtexit$$00000000)
    .ARM.Collect$$rtexit$$00000002           0x00000488   Section        0  rtexit2.o(.ARM.Collect$$rtexit$$00000002)
    .ARM.Collect$$rtexit$$00000003           0x00000488   Section        4  rtexit2.o(.ARM.Collect$$rtexit$$00000003)
    .ARM.Collect$$rtexit$$00000004           0x0000048c   Section        6  rtexit2.o(.ARM.Collect$$rtexit$$00000004)
    $v0                                      0x00000494   Number         0  startup_mk64f12.o(.text)
    .text                                    0x00000494   Section       72  startup_mk64f12.o(.text)
    .text                                    0x000004dc   Section        0  heapauxi.o(.text)
    .text                                    0x000004e2   Section       74  sys_stackheap_outer.o(.text)
    .text                                    0x0000052c   Section        0  exit.o(.text)
    .text                                    0x00000540   Section        8  libspace.o(.text)
    .text                                    0x00000548   Section        0  sys_exit.o(.text)
    .text                                    0x00000554   Section        2  use_no_semi.o(.text)
    .text                                    0x00000556   Section        0  indicate_semi.o(.text)
    [Anonymous Symbol]                       0x00000558   Section        0  pwm.o(.text.FTM0_PWM_Init)
    [Anonymous Symbol]                       0x00000604   Section        0  system_mk64f12.o(.text.SystemInit)
    [Anonymous Symbol]                       0x000006ec   Section        0  uart.o(.text.UART0_Init)
    [Anonymous Symbol]                       0x000007bc   Section        0  uart.o(.text.UART0_Put)
    [Anonymous Symbol]                       0x000007e0   Section        0  uart.o(.text.UART0_Putchar)
    [Anonymous Symbol]                       0x00000814   Section        0  main.o(.text.delay)
    [Anonymous Symbol]                       0x0000083c   Section        0  main.o(.text.main)
    $v0                                      0x000009a2   Number         0  fpinit.o(x$fpl$fpinit)
    x$fpl$fpinit                             0x000009a2   Section       26  fpinit.o(x$fpl$fpinit)
    .L.str                                   0x000009bc   Data          14  main.o(.rodata.str1.1)
    [Anonymous Symbol]                       0x000009bc   Section        0  main.o(.rodata.str1.1)
    .bss                                     0x20000000   Section       96  libspace.o(.bss)
    Heap_Mem                                 0x20000060   Data           0  startup_mk64f12.o(HEAP)
    Stack_Mem                                0x20000060   Data        1024  startup_mk64f12.o(STACK)
    HEAP                                     0x20000060   Section        0  startup_mk64f12.o(HEAP)
    STACK                                    0x20000060   Section     1024  startup_mk64f12.o(STACK)
    __initial_sp                             0x20000460   Data           0  startup_mk64f12.o(STACK)

    Global Symbols

    Symbol Name                              Value     Ov Type        Size  Object(Section)

    BuildAttributes$$THM_ISAv4$E$P$D$K$B$S$7EM$VFPi3$EXTD16$VFPS$VFMA$PE$A:L22UL41UL21$X:L11$S22US41US21$IEEE1$IW$~IW$USESV6$~STKCKD$USESV7$~SHL$OTIME$ROPI$IEEEJ$EBA8$UX$STANDARDLIB$REQ8$PRES8$EABIv2 0x00000000   Number         0  anon$$obj.o ABSOLUTE
    __Vectors                                0x00000000   Data           4  startup_mk64f12.o(RESET)
    _printf_flags                            0x00000000   Number         0  printf_stubs.o ABSOLUTE
    _printf_return_value                     0x00000000   Number         0  printf_stubs.o ABSOLUTE
    _printf_sizespec                         0x00000000   Number         0  printf_stubs.o ABSOLUTE
    _printf_widthprec                        0x00000000   Number         0  printf_stubs.o ABSOLUTE
    __ARM_exceptions_init                     - Undefined Weak Reference
    __alloca_initialize                       - Undefined Weak Reference
    __arm_preinit_                            - Undefined Weak Reference
    __cpp_initialize__aeabi_                  - Undefined Weak Reference
    __cxa_finalize                            - Undefined Weak Reference
    __sigvec_lookup                           - Undefined Weak Reference
    _atexit_init                              - Undefined Weak Reference
    _call_atexit_fns                          - Undefined Weak Reference
    _clock_init                               - Undefined Weak Reference
    _fp_trap_init                             - Undefined Weak Reference
    _fp_trap_shutdown                         - Undefined Weak Reference
    _get_lc_collate                           - Undefined Weak Reference
    _get_lc_monetary                          - Undefined Weak Reference
    _get_lc_time                              - Undefined Weak Reference
    _getenv_init                              - Undefined Weak Reference
    _handle_redirection                       - Undefined Weak Reference
    _init_alloc                               - Undefined Weak Reference
    _init_user_alloc                          - Undefined Weak Reference
    _initio                                   - Undefined Weak Reference
    _printf_mbtowc                            - Undefined Weak Reference
    _printf_wc                                - Undefined Weak Reference
    _rand_init                                - Undefined Weak Reference
    _signal_finish                            - Undefined Weak Reference
    _signal_init                              - Undefined Weak Reference
    _terminate_alloc                          - Undefined Weak Reference
    _terminate_user_alloc                     - Undefined Weak Reference
    _terminateio                              - Undefined Weak Reference
    __Vectors_End                            0x00000400   Data           0  startup_mk64f12.o(RESET)
    __Vectors_Size                           0x00000400   Number         0  startup_mk64f12.o ABSOLUTE
    __main                                   0x00000411   Thumb Code     8  __main.o(!!!main)
    __scatterload                            0x00000419   Thumb Code     0  __scatter.o(!!!scatter)
    __scatterload_rt2                        0x00000419   Thumb Code    44  __scatter.o(!!!scatter)
    __scatterload_rt2_thumb_only             0x00000419   Thumb Code     0  __scatter.o(!!!scatter)
    __scatterload_null                       0x00000427   Thumb Code     0  __scatter.o(!!!scatter)
    __scatterload_zeroinit                   0x0000044d   Thumb Code    28  __scatter_zi.o(!!handler_zi)
    __rt_lib_init                            0x00000469   Thumb Code     0  libinit.o(.ARM.Collect$$libinit$$00000000)
    __rt_lib_init_fp_1                       0x0000046b   Thumb Code     0  libinit2.o(.ARM.Collect$$libinit$$00000001)
    __rt_lib_init_alloca_1                   0x0000046f   Thumb Code     0  libinit2.o(.ARM.Collect$$libinit$$0000002E)
    __rt_lib_init_argv_1                     0x0000046f   Thumb Code     0  libinit2.o(.ARM.Collect$$libinit$$0000002C)
    __rt_lib_init_atexit_1                   0x0000046f   Thumb Code     0  libinit2.o(.ARM.Collect$$libinit$$0000001B)
    __rt_lib_init_clock_1                    0x0000046f   Thumb Code     0  libinit2.o(.ARM.Collect$$libinit$$00000021)
    __rt_lib_init_cpp_1                      0x0000046f   Thumb Code     0  libinit2.o(.ARM.Collect$$libinit$$00000032)
    __rt_lib_init_exceptions_1               0x0000046f   Thumb Code     0  libinit2.o(.ARM.Collect$$libinit$$00000030)
    __rt_lib_init_fp_trap_1                  0x0000046f   Thumb Code     0  libinit2.o(.ARM.Collect$$libinit$$0000001F)
    __rt_lib_init_getenv_1                   0x0000046f   Thumb Code     0  libinit2.o(.ARM.Collect$$libinit$$00000023)
    __rt_lib_init_heap_1                     0x0000046f   Thumb Code     0  libinit2.o(.ARM.Collect$$libinit$$0000000A)
    __rt_lib_init_lc_collate_1               0x0000046f   Thumb Code     0  libinit2.o(.ARM.Collect$$libinit$$00000011)
    __rt_lib_init_lc_ctype_1                 0x0000046f   Thumb Code     0  libinit2.o(.ARM.Collect$$libinit$$00000013)
    __rt_lib_init_lc_monetary_1              0x0000046f   Thumb Code     0  libinit2.o(.ARM.Collect$$libinit$$00000015)
    __rt_lib_init_lc_numeric_1               0x0000046f   Thumb Code     0  libinit2.o(.ARM.Collect$$libinit$$00000017)
    __rt_lib_init_lc_time_1                  0x0000046f   Thumb Code     0  libinit2.o(.ARM.Collect$$libinit$$00000019)
    __rt_lib_init_preinit_1                  0x0000046f   Thumb Code     0  libinit2.o(.ARM.Collect$$libinit$$00000004)
    __rt_lib_init_rand_1                     0x0000046f   Thumb Code     0  libinit2.o(.ARM.Collect$$libinit$$0000000E)
    __rt_lib_init_return                     0x0000046f   Thumb Code     0  libinit2.o(.ARM.Collect$$libinit$$00000033)
    __rt_lib_init_signal_1                   0x0000046f   Thumb Code     0  libinit2.o(.ARM.Collect$$libinit$$0000001D)
    __rt_lib_init_stdio_1                    0x0000046f   Thumb Code     0  libinit2.o(.ARM.Collect$$libinit$$00000025)
    __rt_lib_init_user_alloc_1               0x0000046f   Thumb Code     0  libinit2.o(.ARM.Collect$$libinit$$0000000C)
    __rt_lib_shutdown                        0x00000471   Thumb Code     0  libshutdown.o(.ARM.Collect$$libshutdown$$00000000)
    __rt_lib_shutdown_cpp_1                  0x00000473   Thumb Code     0  libshutdown2.o(.ARM.Collect$$libshutdown$$00000002)
    __rt_lib_shutdown_fp_trap_1              0x00000473   Thumb Code     0  libshutdown2.o(.ARM.Collect$$libshutdown$$00000007)
    __rt_lib_shutdown_heap_1                 0x00000473   Thumb Code     0  libshutdown2.o(.ARM.Collect$$libshutdown$$0000000F)
    __rt_lib_shutdown_return                 0x00000473   Thumb Code     0  libshutdown2.o(.ARM.Collect$$libshutdown$$00000010)
    __rt_lib_shutdown_signal_1               0x00000473   Thumb Code     0  libshutdown2.o(.ARM.Collect$$libshutdown$$0000000A)
    __rt_lib_shutdown_stdio_1                0x00000473   Thumb Code     0  libshutdown2.o(.ARM.Collect$$libshutdown$$00000004)
    __rt_lib_shutdown_user_alloc_1           0x00000473   Thumb Code     0  libshutdown2.o(.ARM.Collect$$libshutdown$$0000000C)
    __rt_entry                               0x00000475   Thumb Code     0  __rtentry.o(.ARM.Collect$$rtentry$$00000000)
    __rt_entry_presh_1                       0x00000475   Thumb Code     0  __rtentry2.o(.ARM.Collect$$rtentry$$00000002)
    __rt_entry_sh                            0x00000475   Thumb Code     0  __rtentry4.o(.ARM.Collect$$rtentry$$00000004)
    __rt_entry_li                            0x0000047b   Thumb Code     0  __rtentry2.o(.ARM.Collect$$rtentry$$0000000A)
    __rt_entry_postsh_1                      0x0000047b   Thumb Code     0  __rtentry2.o(.ARM.Collect$$rtentry$$00000009)
    __rt_entry_main                          0x0000047f   Thumb Code     0  __rtentry2.o(.ARM.Collect$$rtentry$$0000000D)
    __rt_entry_postli_1                      0x0000047f   Thumb Code     0  __rtentry2.o(.ARM.Collect$$rtentry$$0000000C)
    __rt_exit                                0x00000487   Thumb Code     0  rtexit.o(.ARM.Collect$$rtexit$$00000000)
    __rt_exit_ls                             0x00000489   Thumb Code     0  rtexit2.o(.ARM.Collect$$rtexit$$00000003)
    __rt_exit_prels_1                        0x00000489   Thumb Code     0  rtexit2.o(.ARM.Collect$$rtexit$$00000002)
    __rt_exit_exit                           0x0000048d   Thumb Code     0  rtexit2.o(.ARM.Collect$$rtexit$$00000004)
    init_data_bss                            0x00000495   Thumb Code     2  startup_mk64f12.o(.text)
    Reset_Handler                            0x00000497   Thumb Code    12  startup_mk64f12.o(.text)
    NMI_Handler                              0x000004a3   Thumb Code     2  startup_mk64f12.o(.text)
    HardFault_Handler                        0x000004a5   Thumb Code     2  startup_mk64f12.o(.text)
    MemManage_Handler                        0x000004a7   Thumb Code     2  startup_mk64f12.o(.text)
    BusFault_Handler                         0x000004a9   Thumb Code     2  startup_mk64f12.o(.text)
    UsageFault_Handler                       0x000004ab   Thumb Code     2  startup_mk64f12.o(.text)
    SVC_Handler                              0x000004ad   Thumb Code     2  startup_mk64f12.o(.text)
    DebugMon_Handler                         0x000004af   Thumb Code     2  startup_mk64f12.o(.text)
    PendSV_Handler                           0x000004b1   Thumb Code     2  startup_mk64f12.o(.text)
    SysTick_Handler                          0x000004b3   Thumb Code     2  startup_mk64f12.o(.text)
    ADC0_IRQHandler                          0x000004b5   Thumb Code     0  startup_mk64f12.o(.text)
    ADC1_IRQHandler                          0x000004b5   Thumb Code     0  startup_mk64f12.o(.text)
    CAN0_Bus_Off_IRQHandler                  0x000004b5   Thumb Code     0  startup_mk64f12.o(.text)
    CAN0_Error_IRQHandler                    0x000004b5   Thumb Code     0  startup_mk64f12.o(.text)
    CAN0_ORed_Message_buffer_IRQHandler      0x000004b5   Thumb Code     0  startup_mk64f12.o(.text)
    CAN0_Rx_Warning_IRQHandler               0x000004b5   Thumb Code     0  startup_mk64f12.o(.text)
    CAN0_Tx_Warning_IRQHandler               0x000004b5   Thumb Code     0  startup_mk64f12.o(.text)
    CAN0_Wake_Up_IRQHandler                  0x000004b5   Thumb Code     0  startup_mk64f12.o(.text)
    CMP0_IRQHandler                          0x000004b5   Thumb Code     0  startup_mk64f12.o(.text)
    CMP1_IRQHandler                          0x000004b5   Thumb Code     0  startup_mk64f12.o(.text)
    CMP2_IRQHandler                          0x000004b5   Thumb Code     0  startup_mk64f12.o(.text)
    CMT_IRQHandler                           0x000004b5   Thumb Code     0  startup_mk64f12.o(.text)
    DAC0_IRQHandler                          0x000004b5   Thumb Code     0  startup_mk64f12.o(.text)
    DAC1_IRQHandler                          0x000004b5   Thumb Code     0  startup_mk64f12.o(.text)
    DMA0_IRQHandler                          0x000004b5   Thumb Code     0  startup_mk64f12.o(.text)
    DMA10_IRQHandler                         0x000004b5   Thumb Code     0  startup_mk64f12.o(.text)
    DMA11_IRQHandler                         0x000004b5   Thumb Code     0  startup_mk64f12.o(.text)
    DMA12_IRQHandler                         0x000004b5   Thumb Code     0  startup_mk64f12.o(.text)
    DMA13_IRQHandler                         0x000004b5   Thumb Code     0  startup_mk64f12.o(.text)
    DMA14_IRQHandler                         0x000004b5   Thumb Code     0  startup_mk64f12.o(.text)
    DMA15_IRQHandler                         0x000004b5   Thumb Code     0  startup_mk64f12.o(.text)
    DMA1_IRQHandler                          0x000004b5   Thumb Code     0  startup_mk64f12.o(.text)
    DMA2_IRQHandler                          0x000004b5   Thumb Code     0  startup_mk64f12.o(.text)
    DMA3_IRQHandler                          0x000004b5   Thumb Code     0  startup_mk64f12.o(.text)
    DMA4_IRQHandler                          0x000004b5   Thumb Code     0  startup_mk64f12.o(.text)
    DMA5_IRQHandler                          0x000004b5   Thumb Code     0  startup_mk64f12.o(.text)
    DMA6_IRQHandler                          0x000004b5   Thumb Code     0  startup_mk64f12.o(.text)
    DMA7_IRQHandler                          0x000004b5   Thumb Code     0  startup_mk64f12.o(.text)
    DMA8_IRQHandler                          0x000004b5   Thumb Code     0  startup_mk64f12.o(.text)
    DMA9_IRQHandler                          0x000004b5   Thumb Code     0  startup_mk64f12.o(.text)
    DMA_Error_IRQHandler                     0x000004b5   Thumb Code     0  startup_mk64f12.o(.text)
    DefaultISR                               0x000004b5   Thumb Code     0  startup_mk64f12.o(.text)
    ENET_1588_Timer_IRQHandler               0x000004b5   Thumb Code     0  startup_mk64f12.o(.text)
    ENET_Error_IRQHandler                    0x000004b5   Thumb Code     0  startup_mk64f12.o(.text)
    ENET_Receive_IRQHandler                  0x000004b5   Thumb Code     0  startup_mk64f12.o(.text)
    ENET_Transmit_IRQHandler                 0x000004b5   Thumb Code     0  startup_mk64f12.o(.text)
    FTFE_IRQHandler                          0x000004b5   Thumb Code     0  startup_mk64f12.o(.text)
    FTM0_IRQHandler                          0x000004b5   Thumb Code     0  startup_mk64f12.o(.text)
    FTM1_IRQHandler                          0x000004b5   Thumb Code     0  startup_mk64f12.o(.text)
    FTM2_IRQHandler                          0x000004b5   Thumb Code     0  startup_mk64f12.o(.text)
    FTM3_IRQHandler                          0x000004b5   Thumb Code     0  startup_mk64f12.o(.text)
    I2C0_IRQHandler                          0x000004b5   Thumb Code     0  startup_mk64f12.o(.text)
    I2C1_IRQHandler                          0x000004b5   Thumb Code     0  startup_mk64f12.o(.text)
    I2C2_IRQHandler                          0x000004b5   Thumb Code     0  startup_mk64f12.o(.text)
    I2S0_Rx_IRQHandler                       0x000004b5   Thumb Code     0  startup_mk64f12.o(.text)
    I2S0_Tx_IRQHandler                       0x000004b5   Thumb Code     0  startup_mk64f12.o(.text)
    LLW_IRQHandler                           0x000004b5   Thumb Code     0  startup_mk64f12.o(.text)
    LPTimer_IRQHandler                       0x000004b5   Thumb Code     0  startup_mk64f12.o(.text)
    LVD_LVW_IRQHandler                       0x000004b5   Thumb Code     0  startup_mk64f12.o(.text)
    MCG_IRQHandler                           0x000004b5   Thumb Code     0  startup_mk64f12.o(.text)
    MCM_IRQHandler                           0x000004b5   Thumb Code     0  startup_mk64f12.o(.text)
    PDB0_IRQHandler                          0x000004b5   Thumb Code     0  startup_mk64f12.o(.text)
    PIT0_IRQHandler                          0x000004b5   Thumb Code     0  startup_mk64f12.o(.text)
    PIT1_IRQHandler                          0x000004b5   Thumb Code     0  startup_mk64f12.o(.text)
    PIT2_IRQHandler                          0x000004b5   Thumb Code     0  startup_mk64f12.o(.text)
    PIT3_IRQHandler                          0x000004b5   Thumb Code     0  startup_mk64f12.o(.text)
    PORTA_IRQHandler                         0x000004b5   Thumb Code     0  startup_mk64f12.o(.text)
    PORTB_IRQHandler                         0x000004b5   Thumb Code     0  startup_mk64f12.o(.text)
    PORTC_IRQHandler                         0x000004b5   Thumb Code     0  startup_mk64f12.o(.text)
    PORTD_IRQHandler                         0x000004b5   Thumb Code     0  startup_mk64f12.o(.text)
    PORTE_IRQHandler                         0x000004b5   Thumb Code     0  startup_mk64f12.o(.text)
    RNG_IRQHandler                           0x000004b5   Thumb Code     0  startup_mk64f12.o(.text)
    RTC_IRQHandler                           0x000004b5   Thumb Code     0  startup_mk64f12.o(.text)
    RTC_Seconds_IRQHandler                   0x000004b5   Thumb Code     0  startup_mk64f12.o(.text)
    Read_Collision_IRQHandler                0x000004b5   Thumb Code     0  startup_mk64f12.o(.text)
    Reserved71_IRQHandler                    0x000004b5   Thumb Code     0  startup_mk64f12.o(.text)
    SDHC_IRQHandler                          0x000004b5   Thumb Code     0  startup_mk64f12.o(.text)
    SPI0_IRQHandler                          0x000004b5   Thumb Code     0  startup_mk64f12.o(.text)
    SPI1_IRQHandler                          0x000004b5   Thumb Code     0  startup_mk64f12.o(.text)
    SPI2_IRQHandler                          0x000004b5   Thumb Code     0  startup_mk64f12.o(.text)
    SWI_IRQHandler                           0x000004b5   Thumb Code     0  startup_mk64f12.o(.text)
    UART0_ERR_IRQHandler                     0x000004b5   Thumb Code     0  startup_mk64f12.o(.text)
    UART0_LON_IRQHandler                     0x000004b5   Thumb Code     0  startup_mk64f12.o(.text)
    UART0_RX_TX_IRQHandler                   0x000004b5   Thumb Code     0  startup_mk64f12.o(.text)
    UART1_ERR_IRQHandler                     0x000004b5   Thumb Code     0  startup_mk64f12.o(.text)
    UART1_RX_TX_IRQHandler                   0x000004b5   Thumb Code     0  startup_mk64f12.o(.text)
    UART2_ERR_IRQHandler                     0x000004b5   Thumb Code     0  startup_mk64f12.o(.text)
    UART2_RX_TX_IRQHandler                   0x000004b5   Thumb Code     0  startup_mk64f12.o(.text)
    UART3_ERR_IRQHandler                     0x000004b5   Thumb Code     0  startup_mk64f12.o(.text)
    UART3_RX_TX_IRQHandler                   0x000004b5   Thumb Code     0  startup_mk64f12.o(.text)
    UART4_ERR_IRQHandler                     0x000004b5   Thumb Code     0  startup_mk64f12.o(.text)
    UART4_RX_TX_IRQHandler                   0x000004b5   Thumb Code     0  startup_mk64f12.o(.text)
    UART5_ERR_IRQHandler                     0x000004b5   Thumb Code     0  startup_mk64f12.o(.text)
    UART5_RX_TX_IRQHandler                   0x000004b5   Thumb Code     0  startup_mk64f12.o(.text)
    USB0_IRQHandler                          0x000004b5   Thumb Code     0  startup_mk64f12.o(.text)
    USBDCD_IRQHandler                        0x000004b5   Thumb Code     0  startup_mk64f12.o(.text)
    Watchdog_IRQHandler                      0x000004b5   Thumb Code     0  startup_mk64f12.o(.text)
    __user_initial_stackheap                 0x000004b9   Thumb Code     0  startup_mk64f12.o(.text)
    __use_two_region_memory                  0x000004dd   Thumb Code     2  heapauxi.o(.text)
    __rt_heap_escrow$2region                 0x000004df   Thumb Code     2  heapauxi.o(.text)
    __rt_heap_expand$2region                 0x000004e1   Thumb Code     2  heapauxi.o(.text)
    __user_setup_stackheap                   0x000004e3   Thumb Code    74  sys_stackheap_outer.o(.text)
    exit                                     0x0000052d   Thumb Code    18  exit.o(.text)
    __user_libspace                          0x00000541   Thumb Code     8  libspace.o(.text)
    __user_perproc_libspace                  0x00000541   Thumb Code     0  libspace.o(.text)
    __user_perthread_libspace                0x00000541   Thumb Code     0  libspace.o(.text)
    _sys_exit                                0x00000549   Thumb Code     8  sys_exit.o(.text)
    __I$use$semihosting                      0x00000555   Thumb Code     0  use_no_semi.o(.text)
    __use_no_semihosting_swi                 0x00000555   Thumb Code     2  use_no_semi.o(.text)
    __semihosting_library_function           0x00000557   Thumb Code     0  indicate_semi.o(.text)
    FTM0_PWM_Init                            0x00000559   Thumb Code   170  pwm.o(.text.FTM0_PWM_Init)
    SystemInit                               0x00000605   Thumb Code   230  system_mk64f12.o(.text.SystemInit)
    UART0_Init                               0x000006ed   Thumb Code   206  uart.o(.text.UART0_Init)
    UART0_Put                                0x000007bd   Thumb Code    36  uart.o(.text.UART0_Put)
    UART0_Putchar                            0x000007e1   Thumb Code    50  uart.o(.text.UART0_Putchar)
    delay                                    0x00000815   Thumb Code    40  main.o(.text.delay)
    main                                     0x0000083d   Thumb Code   358  main.o(.text.main)
    _fp_init                                 0x000009a3   Thumb Code    26  fpinit.o(x$fpl$fpinit)
    __fplib_config_fpu_vfp                   0x000009bb   Thumb Code     0  fpinit.o(x$fpl$fpinit)
    __fplib_config_pureend_doubles           0x000009bb   Thumb Code     0  fpinit.o(x$fpl$fpinit)
    Region$$Table$$Base                      0x000009cc   Number         0  anon$$obj.o(Region$$Table)
    Region$$Table$$Limit                     0x000009dc   Number         0  anon$$obj.o(Region$$Table)
    __libspace_start                         0x20000000   Data          96  libspace.o(.bss)
    __temporary_stack_top$libspace           0x20000060   Data           0  libspace.o(.bss)



==============================================================================

Memory Map of the image

  Image Entry point : 0x00000497

  Load Region LR_1 (Base: 0x00000000, Size: 0x000009dc, Max: 0xffffffff, ABSOLUTE)

    Execution Region ER_RO (Exec base: 0x00000000, Load base: 0x00000000, Size: 0x000009dc, Max: 0xffffffff, ABSOLUTE)

    Exec Addr    Load Addr    Size         Type   Attr      Idx    E Section Name        Object

    0x00000000   0x00000000   0x00000400   Data   RO           53    RESET               startup_mk64f12.o
    0x00000400   0x00000400   0x00000010   Code   RO           54    .ARM.__at_0x400     startup_mk64f12.o
    0x00000410   0x00000410   0x00000008   Code   RO           81  * !!!main             c_w.l(__main.o)
    0x00000418   0x00000418   0x00000034   Code   RO          416    !!!scatter          c_w.l(__scatter.o)
    0x0000044c   0x0000044c   0x0000001c   Code   RO          418    !!handler_zi        c_w.l(__scatter_zi.o)
    0x00000468   0x00000468   0x00000002   Code   RO          266    .ARM.Collect$$libinit$$00000000  c_w.l(libinit.o)
    0x0000046a   0x0000046a   0x00000004   Code   RO          284    .ARM.Collect$$libinit$$00000001  c_w.l(libinit2.o)
    0x0000046e   0x0000046e   0x00000000   Code   RO          287    .ARM.Collect$$libinit$$00000004  c_w.l(libinit2.o)
    0x0000046e   0x0000046e   0x00000000   Code   RO          290    .ARM.Collect$$libinit$$0000000A  c_w.l(libinit2.o)
    0x0000046e   0x0000046e   0x00000000   Code   RO          292    .ARM.Collect$$libinit$$0000000C  c_w.l(libinit2.o)
    0x0000046e   0x0000046e   0x00000000   Code   RO          294    .ARM.Collect$$libinit$$0000000E  c_w.l(libinit2.o)
    0x0000046e   0x0000046e   0x00000000   Code   RO          297    .ARM.Collect$$libinit$$00000011  c_w.l(libinit2.o)
    0x0000046e   0x0000046e   0x00000000   Code   RO          299    .ARM.Collect$$libinit$$00000013  c_w.l(libinit2.o)
    0x0000046e   0x0000046e   0x00000000   Code   RO          301    .ARM.Collect$$libinit$$00000015  c_w.l(libinit2.o)
    0x0000046e   0x0000046e   0x00000000   Code   RO          303    .ARM.Collect$$libinit$$00000017  c_w.l(libinit2.o)
    0x0000046e   0x0000046e   0x00000000   Code   RO          305    .ARM.Collect$$libinit$$00000019  c_w.l(libinit2.o)
    0x0000046e   0x0000046e   0x00000000   Code   RO          307    .ARM.Collect$$libinit$$0000001B  c_w.l(libinit2.o)
    0x0000046e   0x0000046e   0x00000000   Code   RO          309    .ARM.Collect$$libinit$$0000001D  c_w.l(libinit2.o)
    0x0000046e   0x0000046e   0x00000000   Code   RO          311    .ARM.Collect$$libinit$$0000001F  c_w.l(libinit2.o)
    0x0000046e   0x0000046e   0x00000000   Code   RO          313    .ARM.Collect$$libinit$$00000021  c_w.l(libinit2.o)
    0x0000046e   0x0000046e   0x00000000   Code   RO          315    .ARM.Collect$$libinit$$00000023  c_w.l(libinit2.o)
    0x0000046e   0x0000046e   0x00000000   Code   RO          317    .ARM.Collect$$libinit$$00000025  c_w.l(libinit2.o)
    0x0000046e   0x0000046e   0x00000000   Code   RO          321    .ARM.Collect$$libinit$$0000002C  c_w.l(libinit2.o)
    0x0000046e   0x0000046e   0x00000000   Code   RO          323    .ARM.Collect$$libinit$$0000002E  c_w.l(libinit2.o)
    0x0000046e   0x0000046e   0x00000000   Code   RO          325    .ARM.Collect$$libinit$$00000030  c_w.l(libinit2.o)
    0x0000046e   0x0000046e   0x00000000   Code   RO          327    .ARM.Collect$$libinit$$00000032  c_w.l(libinit2.o)
    0x0000046e   0x0000046e   0x00000002   Code   RO          328    .ARM.Collect$$libinit$$00000033  c_w.l(libinit2.o)
    0x00000470   0x00000470   0x00000002   Code   RO          352    .ARM.Collect$$libshutdown$$00000000  c_w.l(libshutdown.o)
    0x00000472   0x00000472   0x00000000   Code   RO          367    .ARM.Collect$$libshutdown$$00000002  c_w.l(libshutdown2.o)
    0x00000472   0x00000472   0x00000000   Code   RO          369    .ARM.Collect$$libshutdown$$00000004  c_w.l(libshutdown2.o)
    0x00000472   0x00000472   0x00000000   Code   RO          372    .ARM.Collect$$libshutdown$$00000007  c_w.l(libshutdown2.o)
    0x00000472   0x00000472   0x00000000   Code   RO          375    .ARM.Collect$$libshutdown$$0000000A  c_w.l(libshutdown2.o)
    0x00000472   0x00000472   0x00000000   Code   RO          377    .ARM.Collect$$libshutdown$$0000000C  c_w.l(libshutdown2.o)
    0x00000472   0x00000472   0x00000000   Code   RO          380    .ARM.Collect$$libshutdown$$0000000F  c_w.l(libshutdown2.o)
    0x00000472   0x00000472   0x00000002   Code   RO          381    .ARM.Collect$$libshutdown$$00000010  c_w.l(libshutdown2.o)
    0x00000474   0x00000474   0x00000000   Code   RO           83    .ARM.Collect$$rtentry$$00000000  c_w.l(__rtentry.o)
    0x00000474   0x00000474   0x00000000   Code   RO          184    .ARM.Collect$$rtentry$$00000002  c_w.l(__rtentry2.o)
    0x00000474   0x00000474   0x00000006   Code   RO          196    .ARM.Collect$$rtentry$$00000004  c_w.l(__rtentry4.o)
    0x0000047a   0x0000047a   0x00000000   Code   RO          186    .ARM.Collect$$rtentry$$00000009  c_w.l(__rtentry2.o)
    0x0000047a   0x0000047a   0x00000004   Code   RO          187    .ARM.Collect$$rtentry$$0000000A  c_w.l(__rtentry2.o)
    0x0000047e   0x0000047e   0x00000000   Code   RO          189    .ARM.Collect$$rtentry$$0000000C  c_w.l(__rtentry2.o)
    0x0000047e   0x0000047e   0x00000008   Code   RO          190    .ARM.Collect$$rtentry$$0000000D  c_w.l(__rtentry2.o)
    0x00000486   0x00000486   0x00000002   Code   RO          275    .ARM.Collect$$rtexit$$00000000  c_w.l(rtexit.o)
    0x00000488   0x00000488   0x00000000   Code   RO          330    .ARM.Collect$$rtexit$$00000002  c_w.l(rtexit2.o)
    0x00000488   0x00000488   0x00000004   Code   RO          331    .ARM.Collect$$rtexit$$00000003  c_w.l(rtexit2.o)
    0x0000048c   0x0000048c   0x00000006   Code   RO          332    .ARM.Collect$$rtexit$$00000004  c_w.l(rtexit2.o)
    0x00000492   0x00000492   0x00000002   PAD
    0x00000494   0x00000494   0x00000048   Code   RO           55  * .text               startup_mk64f12.o
    0x000004dc   0x000004dc   0x00000006   Code   RO           79    .text               c_w.l(heapauxi.o)
    0x000004e2   0x000004e2   0x0000004a   Code   RO          218    .text               c_w.l(sys_stackheap_outer.o)
    0x0000052c   0x0000052c   0x00000012   Code   RO          259    .text               c_w.l(exit.o)
    0x0000053e   0x0000053e   0x00000002   PAD
    0x00000540   0x00000540   0x00000008   Code   RO          272    .text               c_w.l(libspace.o)
    0x00000548   0x00000548   0x0000000c   Code   RO          342    .text               c_w.l(sys_exit.o)
    0x00000554   0x00000554   0x00000002   Code   RO          357    .text               c_w.l(use_no_semi.o)
    0x00000556   0x00000556   0x00000000   Code   RO          359    .text               c_w.l(indicate_semi.o)
    0x00000556   0x00000556   0x00000002   PAD
    0x00000558   0x00000558   0x000000aa   Code   RO           17    .text.FTM0_PWM_Init  pwm.o
    0x00000602   0x00000602   0x00000002   PAD
    0x00000604   0x00000604   0x000000e6   Code   RO           64    .text.SystemInit    system_mk64f12.o
    0x000006ea   0x000006ea   0x00000002   PAD
    0x000006ec   0x000006ec   0x000000ce   Code   RO           26    .text.UART0_Init    uart.o
    0x000007ba   0x000007ba   0x00000002   PAD
    0x000007bc   0x000007bc   0x00000024   Code   RO           38    .text.UART0_Put     uart.o
    0x000007e0   0x000007e0   0x00000032   Code   RO           34    .text.UART0_Putchar  uart.o
    0x00000812   0x00000812   0x00000002   PAD
    0x00000814   0x00000814   0x00000028   Code   RO            4    .text.delay         main.o
    0x0000083c   0x0000083c   0x00000166   Code   RO            2    .text.main          main.o
    0x000009a2   0x000009a2   0x0000001a   Code   RO          340    x$fpl$fpinit        fz_wm.l(fpinit.o)
    0x000009bc   0x000009bc   0x0000000e   Data   RO            6    .rodata.str1.1      main.o
    0x000009ca   0x000009ca   0x00000002   PAD
    0x000009cc   0x000009cc   0x00000010   Data   RO          415    Region$$Table       anon$$obj.o


    Execution Region ER_RW (Exec base: 0x20000000, Load base: 0x000009dc, Size: 0x00000000, Max: 0xffffffff, ABSOLUTE)

    **** No section assigned to this execution region ****


    Execution Region ER_ZI (Exec base: 0x20000000, Load base: 0x000009dc, Size: 0x00000460, Max: 0xffffffff, ABSOLUTE)

    Exec Addr    Load Addr    Size         Type   Attr      Idx    E Section Name        Object

    0x20000000        -       0x00000060   Zero   RW          273    .bss                c_w.l(libspace.o)
    0x20000060        -       0x00000000   Zero   RW           52    HEAP                startup_mk64f12.o
    0x20000060        -       0x00000400   Zero   RW           51    STACK               startup_mk64f12.o


==============================================================================

Image component sizes


      Code (inc. data)   RO Data    RW Data    ZI Data      Debug   Object Name

       398          0         14          0          0       2228   main.o
       170          0          0          0          0       2528   pwm.o
        88         44       1024          0       1024       1156   startup_mk64f12.o
       230          0          0          0          0       3385   system_mk64f12.o
       292          0          0          0          0       3600   uart.o

    ----------------------------------------------------------------------
      1186         44       1056          0       1024      12897   Object Totals
         0          0         16          0          0          0   (incl. Generated)
         8          0          2          0          0          0   (incl. Padding)

    ----------------------------------------------------------------------

      Code (inc. data)   RO Data    RW Data    ZI Data      Debug   Library Member Name

         8          0          0          0          0         68   __main.o
         0          0          0          0          0          0   __rtentry.o
        12          0          0          0          0          0   __rtentry2.o
         6          0          0          0          0          0   __rtentry4.o
        52          8          0          0          0          0   __scatter.o
        28          0          0          0          0          0   __scatter_zi.o
        18          0          0          0          0         80   exit.o
         6          0          0          0          0        152   heapauxi.o
         0          0          0          0          0          0   indicate_semi.o
         2          0          0          0          0          0   libinit.o
         6          0          0          0          0          0   libinit2.o
         2          0          0          0          0          0   libshutdown.o
         2          0          0          0          0          0   libshutdown2.o
         8          4          0          0         96         68   libspace.o
         2          0          0          0          0          0   rtexit.o
        10          0          0          0          0          0   rtexit2.o
        12          4          0          0          0         68   sys_exit.o
        74          0          0          0          0         80   sys_stackheap_outer.o
         2          0          0          0          0         68   use_no_semi.o
        26          0          0          0          0        116   fpinit.o

    ----------------------------------------------------------------------
       282         16          0          0         96        700   Library Totals
         6          0          0          0          0          0   (incl. Padding)

    ----------------------------------------------------------------------

      Code (inc. data)   RO Data    RW Data    ZI Data      Debug   Library Name

       250         16          0          0         96        584   c_w.l
        26          0          0          0          0        116   fz_wm.l

    ----------------------------------------------------------------------
       282         16          0          0         96        700   Library Totals

    ----------------------------------------------------------------------

==============================================================================


      Code (inc. data)   RO Data    RW Data    ZI Data      Debug   

      1468         60       1056          0       1120      13325   Grand Totals
      1468         60       1056          0       1120      13325   ELF Image Totals
      1468         60       1056          0          0          0   ROM Totals

==============================================================================

    Total RO  Size (Code + RO Data)                 2524 (   2.46kB)
    Total RW  Size (RW Data + ZI Data)              1120 (   1.09kB)
    Total ROM Size (Code + RO Data + RW Data)       2524 (   2.46kB)

==============================================================================

