Component: ARM Compiler 5.06 update 7 (build 960) Tool: armlink [4d3601]

==============================================================================

Section Cross References

    camera.o(i.ADC0_IRQHandler) refers to camera.o(.data) for ADC0VAL
    camera.o(i.ADC0_Init) refers to camera.o(i.__NVIC_EnableIRQ) for __NVIC_EnableIRQ
    camera.o(i.Camera_Init) refers to camera.o(i.GPIO_Init) for GPIO_Init
    camera.o(i.Camera_Init) refers to camera.o(i.FTM2_Init) for FTM2_Init
    camera.o(i.Camera_Init) refers to camera.o(i.ADC0_Init) for ADC0_Init
    camera.o(i.Camera_Init) refers to camera.o(i.PIT_Init) for PIT_Init
    camera.o(i.FTM2_IRQHandler) refers to camera.o(.data) for clkval
    camera.o(i.FTM2_IRQHandler) refers to camera.o(.bss) for line
    camera.o(i.FTM2_Init) refers to camera.o(i.__NVIC_EnableIRQ) for __NVIC_EnableIRQ
    camera.o(i.GPIO_Init) refers to led.o(i.LED_Init) for LED_Init
    camera.o(i.Get_Line) refers to camera.o(.data) for line_ready
    camera.o(i.Get_Line) refers to camera.o(.bss) for line
    camera.o(i.PIT_Init) refers to camera.o(i.__NVIC_EnableIRQ) for __NVIC_EnableIRQ
    led.o(i.Flash_LED) refers to led.o(i.LED_On) for LED_On
    led.o(i.Flash_LED) refers to led.o(i.Delay) for Delay
    led.o(i.Flash_LED) refers to led.o(i.LED_Off) for LED_Off
    led.o(i.LED_Init) refers to led.o(i.LED_Off) for LED_Off
    main.o(i.Car_Init) refers to uart.o(i.UART0_Init) for UART0_Init
    main.o(i.Car_Init) refers to camera.o(i.Camera_Init) for Camera_Init
    main.o(i.Car_Init) refers to uart.o(i.UART3_Init) for UART3_Init
    main.o(i.Car_Init) refers to pwm.o(i.PWM_Init) for PWM_Init
    main.o(i.Car_Init) refers to pwm.o(i.Servo_Init) for Servo_Init
    main.o(i.Car_Init) refers to led.o(i.LED_Init) for LED_Init
    main.o(i.Car_Init) refers to pwm.o(i.EN_init) for EN_init
    main.o(i.main) refers to main.o(i.Car_Init) for Car_Init
    main.o(i.main) refers to pwm.o(i.Set_Servo_Position) for Set_Servo_Position
    main.o(i.main) refers to pwm.o(i.Spin_Left_Motor) for Spin_Left_Motor
    main.o(i.main) refers to pwm.o(i.Spin_Right_Motor) for Spin_Right_Motor
    main.o(i.main) refers to main.o(i.process_line_data) for process_line_data
    main.o(i.main) refers to dflt_clz.o(x$fpl$dflt) for __aeabi_i2d
    main.o(i.main) refers to drleqf.o(x$fpl$drleqf) for __aeabi_cdrcmple
    main.o(i.main) refers to dleqf.o(x$fpl$dleqf) for __aeabi_cdcmple
    main.o(i.main) refers to dflt_clz.o(x$fpl$dfltu) for __aeabi_ui2d
    main.o(i.main) refers to daddsub_clz.o(x$fpl$dadd) for __aeabi_dadd
    main.o(i.main) refers to daddsub_clz.o(x$fpl$drsb) for __aeabi_drsub
    main.o(i.main) refers to dmul.o(x$fpl$dmul) for __aeabi_dmul
    main.o(i.main) refers to daddsub_clz.o(x$fpl$dsub) for __aeabi_dsub
    main.o(i.main) refers to ddiv.o(x$fpl$ddiv) for __aeabi_ddiv
    main.o(i.main) refers to dfixu.o(x$fpl$dfixu) for __aeabi_d2uiz
    main.o(i.main) refers to main.o(.data) for MIN_MOTOR_SPEED
    main.o(i.process_line_data) refers to camera.o(i.Get_Line) for Get_Line
    main.o(i.process_line_data) refers to main.o(.bss) for line_data
    pwm.o(i.PWM_Init) refers to pwm.o(i.FTM0_PWM_Init) for FTM0_PWM_Init
    pwm.o(i.Servo_Init) refers to pwm.o(i.FTM3_PWM_Init) for FTM3_PWM_Init
    pwm.o(i.Set_Servo_Position) refers to dmul.o(x$fpl$dmul) for __aeabi_dmul
    pwm.o(i.Set_Servo_Position) refers to ddiv.o(x$fpl$ddiv) for __aeabi_ddiv
    pwm.o(i.Set_Servo_Position) refers to dfixu.o(x$fpl$dfixu) for __aeabi_d2uiz
    uart.o(i.UART0_Put) refers to uart.o(i.UART0_Putchar) for UART0_Putchar
    uart.o(i.UART0_PutNumU) refers to _printf_percent.o(.ARM.Collect$$_printf_percent$$00000000) for _printf_percent
    uart.o(i.UART0_PutNumU) refers to _printf_u.o(.ARM.Collect$$_printf_percent$$0000000A) for _printf_u
    uart.o(i.UART0_PutNumU) refers to _printf_dec.o(.text) for _printf_int_dec
    uart.o(i.UART0_PutNumU) refers to noretval__2sprintf.o(.text) for __2sprintf
    uart.o(i.UART0_PutNumU) refers to uart.o(i.UART0_Put) for UART0_Put
    uart.o(i.UART3_GetString) refers to uart.o(i.UART3_Getchar) for UART3_Getchar
    uart.o(i.UART3_Put) refers to uart.o(i.UART3_Putchar) for UART3_Putchar
    uart.o(i.UART3_PutNumU) refers to _printf_percent.o(.ARM.Collect$$_printf_percent$$00000000) for _printf_percent
    uart.o(i.UART3_PutNumU) refers to _printf_u.o(.ARM.Collect$$_printf_percent$$0000000A) for _printf_u
    uart.o(i.UART3_PutNumU) refers to _printf_dec.o(.text) for _printf_int_dec
    uart.o(i.UART3_PutNumU) refers to noretval__2sprintf.o(.text) for __2sprintf
    uart.o(i.UART3_PutNumU) refers to uart.o(i.UART3_Put) for UART3_Put
    startup_mk64f12.o(STACK) refers (Special) to heapauxi.o(.text) for __use_two_region_memory
    startup_mk64f12.o(HEAP) refers (Special) to heapauxi.o(.text) for __use_two_region_memory
    startup_mk64f12.o(RESET) refers (Special) to heapauxi.o(.text) for __use_two_region_memory
    startup_mk64f12.o(RESET) refers to startup_mk64f12.o(STACK) for __initial_sp
    startup_mk64f12.o(RESET) refers to startup_mk64f12.o(.text) for Reset_Handler
    startup_mk64f12.o(RESET) refers to camera.o(i.ADC0_IRQHandler) for ADC0_IRQHandler
    startup_mk64f12.o(RESET) refers to camera.o(i.FTM2_IRQHandler) for FTM2_IRQHandler
    startup_mk64f12.o(RESET) refers to camera.o(i.PIT0_IRQHandler) for PIT0_IRQHandler
    startup_mk64f12.o(RESET) refers to pwm.o(i.FTM3_IRQHandler) for FTM3_IRQHandler
    startup_mk64f12.o(.ARM.__at_0x400) refers (Special) to heapauxi.o(.text) for __use_two_region_memory
    startup_mk64f12.o(.text) refers (Special) to heapauxi.o(.text) for __use_two_region_memory
    startup_mk64f12.o(.text) refers to system_mk64f12.o(i.SystemInit) for SystemInit
    startup_mk64f12.o(.text) refers to __main.o(!!!main) for __main
    startup_mk64f12.o(.text) refers to startup_mk64f12.o(HEAP) for Heap_Mem
    startup_mk64f12.o(.text) refers to startup_mk64f12.o(STACK) for Stack_Mem
    system_mk64f12.o(i.SystemCoreClockUpdate) refers to system_mk64f12.o(.data) for SystemCoreClock
    __2sprintf.o(.text) refers to _printf_char_common.o(.text) for _printf_char_common
    __2sprintf.o(.text) refers to _sputc.o(.text) for _sputc
    noretval__2sprintf.o(.text) refers to _printf_char_common.o(.text) for _printf_char_common
    noretval__2sprintf.o(.text) refers to _sputc.o(.text) for _sputc
    __printf.o(.text) refers to _printf_percent.o(.ARM.Collect$$_printf_percent$$00000000) for _printf_percent
    _printf_dec.o(.text) refers to _printf_intcommon.o(.text) for _printf_int_common
    __printf_flags.o(.text) refers to _printf_percent.o(.ARM.Collect$$_printf_percent$$00000000) for _printf_percent
    __printf_flags.o(.text) refers to __printf_flags.o(.constdata) for .constdata
    __printf_ss.o(.text) refers to _printf_percent.o(.ARM.Collect$$_printf_percent$$00000000) for _printf_percent
    __printf_flags_ss.o(.text) refers to _printf_percent.o(.ARM.Collect$$_printf_percent$$00000000) for _printf_percent
    __printf_flags_ss.o(.text) refers to __printf_flags_ss.o(.constdata) for .constdata
    __printf_wp.o(.text) refers to __printf_wp.o(i._is_digit) for _is_digit
    __printf_wp.o(.text) refers to _printf_percent.o(.ARM.Collect$$_printf_percent$$00000000) for _printf_percent
    __printf_flags_wp.o(.text) refers to __printf_wp.o(i._is_digit) for _is_digit
    __printf_flags_wp.o(.text) refers to _printf_percent.o(.ARM.Collect$$_printf_percent$$00000000) for _printf_percent
    __printf_flags_wp.o(.text) refers to __printf_flags_wp.o(.constdata) for .constdata
    __printf_ss_wp.o(.text) refers to __printf_wp.o(i._is_digit) for _is_digit
    __printf_ss_wp.o(.text) refers to _printf_percent.o(.ARM.Collect$$_printf_percent$$00000000) for _printf_percent
    __printf_flags_ss_wp.o(.text) refers to __printf_wp.o(i._is_digit) for _is_digit
    __printf_flags_ss_wp.o(.text) refers to _printf_percent.o(.ARM.Collect$$_printf_percent$$00000000) for _printf_percent
    __printf_flags_ss_wp.o(.text) refers to __printf_flags_ss_wp.o(.constdata) for .constdata
    _printf_u.o(.ARM.Collect$$_printf_percent$$0000000A) refers (Weak) to _printf_dec.o(.text) for _printf_int_dec
    _printf_percent.o(.ARM.Collect$$_printf_percent$$00000000) refers (Special) to _printf_percent_end.o(.ARM.Collect$$_printf_percent$$00000017) for _printf_percent_end
    __main.o(!!!main) refers to __rtentry.o(.ARM.Collect$$rtentry$$00000000) for __rt_entry
    daddsub_clz.o(x$fpl$dadd) refers (Special) to usenofp.o(x$fpl$usenofp) for __I$use$fp
    daddsub_clz.o(x$fpl$dadd) refers to daddsub_clz.o(x$fpl$dsub) for _dsub1
    daddsub_clz.o(x$fpl$dadd) refers to dretinf.o(x$fpl$dretinf) for __fpl_dretinf
    daddsub_clz.o(x$fpl$dadd) refers to dnaninf.o(x$fpl$dnaninf) for __fpl_dnaninf
    daddsub_clz.o(x$fpl$drsb) refers (Special) to usenofp.o(x$fpl$usenofp) for __I$use$fp
    daddsub_clz.o(x$fpl$drsb) refers to daddsub_clz.o(x$fpl$dadd) for _dadd1
    daddsub_clz.o(x$fpl$drsb) refers to daddsub_clz.o(x$fpl$dsub) for _dsub1
    daddsub_clz.o(x$fpl$dsub) refers (Special) to usenofp.o(x$fpl$usenofp) for __I$use$fp
    daddsub_clz.o(x$fpl$dsub) refers to daddsub_clz.o(x$fpl$dadd) for _dadd1
    daddsub_clz.o(x$fpl$dsub) refers to dnaninf.o(x$fpl$dnaninf) for __fpl_dnaninf
    ddiv.o(x$fpl$drdiv) refers (Special) to usenofp.o(x$fpl$usenofp) for __I$use$fp
    ddiv.o(x$fpl$drdiv) refers to ddiv.o(x$fpl$ddiv) for ddiv_entry
    ddiv.o(x$fpl$ddiv) refers (Special) to usenofp.o(x$fpl$usenofp) for __I$use$fp
    ddiv.o(x$fpl$ddiv) refers to dretinf.o(x$fpl$dretinf) for __fpl_dretinf
    ddiv.o(x$fpl$ddiv) refers to dnaninf.o(x$fpl$dnaninf) for __fpl_dnaninf
    dfixu.o(x$fpl$dfixu) refers (Special) to usenofp.o(x$fpl$usenofp) for __I$use$fp
    dfixu.o(x$fpl$dfixu) refers to dnaninf.o(x$fpl$dnaninf) for __fpl_dnaninf
    dfixu.o(x$fpl$dfixur) refers (Special) to usenofp.o(x$fpl$usenofp) for __I$use$fp
    dfixu.o(x$fpl$dfixur) refers to dnaninf.o(x$fpl$dnaninf) for __fpl_dnaninf
    dflt_clz.o(x$fpl$dfltu) refers (Special) to usenofp.o(x$fpl$usenofp) for __I$use$fp
    dflt_clz.o(x$fpl$dflt) refers (Special) to usenofp.o(x$fpl$usenofp) for __I$use$fp
    dflt_clz.o(x$fpl$dfltn) refers (Special) to usenofp.o(x$fpl$usenofp) for __I$use$fp
    dleqf.o(x$fpl$dleqf) refers (Special) to usenofp.o(x$fpl$usenofp) for __I$use$fp
    dleqf.o(x$fpl$dleqf) refers to dnaninf.o(x$fpl$dnaninf) for __fpl_dnaninf
    dleqf.o(x$fpl$dleqf) refers to dcmpi.o(x$fpl$dcmpinf) for __fpl_dcmp_Inf
    dmul.o(x$fpl$dmul) refers (Special) to usenofp.o(x$fpl$usenofp) for __I$use$fp
    dmul.o(x$fpl$dmul) refers to dretinf.o(x$fpl$dretinf) for __fpl_dretinf
    dmul.o(x$fpl$dmul) refers to dnaninf.o(x$fpl$dnaninf) for __fpl_dnaninf
    drleqf.o(x$fpl$drleqf) refers (Special) to usenofp.o(x$fpl$usenofp) for __I$use$fp
    drleqf.o(x$fpl$drleqf) refers to dleqf.o(x$fpl$dleqf) for __fpl_dcmple_InfNaN
    __rtentry.o(.ARM.Collect$$rtentry$$00000000) refers (Special) to __rtentry2.o(.ARM.Collect$$rtentry$$0000000A) for __rt_entry_li
    __rtentry.o(.ARM.Collect$$rtentry$$00000000) refers (Special) to __rtentry2.o(.ARM.Collect$$rtentry$$0000000D) for __rt_entry_main
    __rtentry.o(.ARM.Collect$$rtentry$$00000000) refers (Special) to __rtentry2.o(.ARM.Collect$$rtentry$$0000000C) for __rt_entry_postli_1
    __rtentry.o(.ARM.Collect$$rtentry$$00000000) refers (Special) to __rtentry2.o(.ARM.Collect$$rtentry$$00000009) for __rt_entry_postsh_1
    __rtentry.o(.ARM.Collect$$rtentry$$00000000) refers (Special) to __rtentry2.o(.ARM.Collect$$rtentry$$00000002) for __rt_entry_presh_1
    __rtentry.o(.ARM.Collect$$rtentry$$00000000) refers (Special) to __rtentry4.o(.ARM.Collect$$rtentry$$00000004) for __rt_entry_sh
    _printf_char_common.o(.text) refers to __printf.o(.text) for __printf
    dcmpi.o(x$fpl$dcmpinf) refers (Special) to usenofp.o(x$fpl$usenofp) for __I$use$fp
    dnaninf.o(x$fpl$dnaninf) refers (Special) to usenofp.o(x$fpl$usenofp) for __I$use$fp
    dretinf.o(x$fpl$dretinf) refers (Special) to usenofp.o(x$fpl$usenofp) for __I$use$fp
    __rtentry2.o(.ARM.Collect$$rtentry$$00000008) refers to boardinit2.o(.text) for _platform_post_stackheap_init
    __rtentry2.o(.ARM.Collect$$rtentry$$0000000A) refers to libinit.o(.ARM.Collect$$libinit$$00000000) for __rt_lib_init
    __rtentry2.o(.ARM.Collect$$rtentry$$0000000B) refers to boardinit3.o(.text) for _platform_post_lib_init
    __rtentry2.o(.ARM.Collect$$rtentry$$0000000D) refers to main.o(i.main) for main
    __rtentry2.o(.ARM.Collect$$rtentry$$0000000D) refers to exit.o(.text) for exit
    __rtentry2.o(.ARM.exidx) refers to __rtentry2.o(.ARM.Collect$$rtentry$$00000001) for .ARM.Collect$$rtentry$$00000001
    __rtentry2.o(.ARM.exidx) refers to __rtentry2.o(.ARM.Collect$$rtentry$$00000008) for .ARM.Collect$$rtentry$$00000008
    __rtentry2.o(.ARM.exidx) refers to __rtentry2.o(.ARM.Collect$$rtentry$$0000000A) for .ARM.Collect$$rtentry$$0000000A
    __rtentry2.o(.ARM.exidx) refers to __rtentry2.o(.ARM.Collect$$rtentry$$0000000B) for .ARM.Collect$$rtentry$$0000000B
    __rtentry2.o(.ARM.exidx) refers to __rtentry2.o(.ARM.Collect$$rtentry$$0000000D) for .ARM.Collect$$rtentry$$0000000D
    __rtentry4.o(.ARM.Collect$$rtentry$$00000004) refers to sys_stackheap_outer.o(.text) for __user_setup_stackheap
    __rtentry4.o(.ARM.exidx) refers to __rtentry4.o(.ARM.Collect$$rtentry$$00000004) for .ARM.Collect$$rtentry$$00000004
    sys_stackheap_outer.o(.text) refers to libspace.o(.text) for __user_perproc_libspace
    sys_stackheap_outer.o(.text) refers to startup_mk64f12.o(.text) for __user_initial_stackheap
    exit.o(.text) refers to rtexit.o(.ARM.Collect$$rtexit$$00000000) for __rt_exit
    libinit.o(.ARM.Collect$$libinit$$00000000) refers (Special) to libinit2.o(.ARM.Collect$$libinit$$0000002E) for __rt_lib_init_alloca_1
    libinit.o(.ARM.Collect$$libinit$$00000000) refers (Special) to libinit2.o(.ARM.Collect$$libinit$$0000002C) for __rt_lib_init_argv_1
    libinit.o(.ARM.Collect$$libinit$$00000000) refers (Special) to libinit2.o(.ARM.Collect$$libinit$$0000001B) for __rt_lib_init_atexit_1
    libinit.o(.ARM.Collect$$libinit$$00000000) refers (Special) to libinit2.o(.ARM.Collect$$libinit$$00000021) for __rt_lib_init_clock_1
    libinit.o(.ARM.Collect$$libinit$$00000000) refers (Special) to libinit2.o(.ARM.Collect$$libinit$$00000032) for __rt_lib_init_cpp_1
    libinit.o(.ARM.Collect$$libinit$$00000000) refers (Special) to libinit2.o(.ARM.Collect$$libinit$$00000030) for __rt_lib_init_exceptions_1
    libinit.o(.ARM.Collect$$libinit$$00000000) refers (Special) to libinit2.o(.ARM.Collect$$libinit$$00000001) for __rt_lib_init_fp_1
    libinit.o(.ARM.Collect$$libinit$$00000000) refers (Special) to libinit2.o(.ARM.Collect$$libinit$$0000001F) for __rt_lib_init_fp_trap_1
    libinit.o(.ARM.Collect$$libinit$$00000000) refers (Special) to libinit2.o(.ARM.Collect$$libinit$$00000023) for __rt_lib_init_getenv_1
    libinit.o(.ARM.Collect$$libinit$$00000000) refers (Special) to libinit2.o(.ARM.Collect$$libinit$$0000000A) for __rt_lib_init_heap_1
    libinit.o(.ARM.Collect$$libinit$$00000000) refers (Special) to libinit2.o(.ARM.Collect$$libinit$$00000011) for __rt_lib_init_lc_collate_1
    libinit.o(.ARM.Collect$$libinit$$00000000) refers (Special) to libinit2.o(.ARM.Collect$$libinit$$00000013) for __rt_lib_init_lc_ctype_1
    libinit.o(.ARM.Collect$$libinit$$00000000) refers (Special) to libinit2.o(.ARM.Collect$$libinit$$00000015) for __rt_lib_init_lc_monetary_1
    libinit.o(.ARM.Collect$$libinit$$00000000) refers (Special) to libinit2.o(.ARM.Collect$$libinit$$00000017) for __rt_lib_init_lc_numeric_1
    libinit.o(.ARM.Collect$$libinit$$00000000) refers (Special) to libinit2.o(.ARM.Collect$$libinit$$00000019) for __rt_lib_init_lc_time_1
    libinit.o(.ARM.Collect$$libinit$$00000000) refers (Special) to libinit2.o(.ARM.Collect$$libinit$$00000004) for __rt_lib_init_preinit_1
    libinit.o(.ARM.Collect$$libinit$$00000000) refers (Special) to libinit2.o(.ARM.Collect$$libinit$$0000000E) for __rt_lib_init_rand_1
    libinit.o(.ARM.Collect$$libinit$$00000000) refers (Special) to libinit2.o(.ARM.Collect$$libinit$$00000033) for __rt_lib_init_return
    libinit.o(.ARM.Collect$$libinit$$00000000) refers (Special) to libinit2.o(.ARM.Collect$$libinit$$0000001D) for __rt_lib_init_signal_1
    libinit.o(.ARM.Collect$$libinit$$00000000) refers (Special) to libinit2.o(.ARM.Collect$$libinit$$00000025) for __rt_lib_init_stdio_1
    libinit.o(.ARM.Collect$$libinit$$00000000) refers (Special) to libinit2.o(.ARM.Collect$$libinit$$0000000C) for __rt_lib_init_user_alloc_1
    libspace.o(.text) refers to libspace.o(.bss) for __libspace_start
    rtexit.o(.ARM.Collect$$rtexit$$00000000) refers (Special) to rtexit2.o(.ARM.Collect$$rtexit$$00000004) for __rt_exit_exit
    rtexit.o(.ARM.Collect$$rtexit$$00000000) refers (Special) to rtexit2.o(.ARM.Collect$$rtexit$$00000003) for __rt_exit_ls
    rtexit.o(.ARM.Collect$$rtexit$$00000000) refers (Special) to rtexit2.o(.ARM.Collect$$rtexit$$00000002) for __rt_exit_prels_1
    rtexit.o(.ARM.exidx) refers (Special) to rtexit2.o(.ARM.Collect$$rtexit$$00000004) for __rt_exit_exit
    rtexit.o(.ARM.exidx) refers (Special) to rtexit2.o(.ARM.Collect$$rtexit$$00000003) for __rt_exit_ls
    rtexit.o(.ARM.exidx) refers (Special) to rtexit2.o(.ARM.Collect$$rtexit$$00000002) for __rt_exit_prels_1
    rtexit.o(.ARM.exidx) refers to rtexit.o(.ARM.Collect$$rtexit$$00000000) for .ARM.Collect$$rtexit$$00000000
    libinit2.o(.ARM.Collect$$libinit$$00000001) refers to fpinit.o(x$fpl$fpinit) for _fp_init
    libinit2.o(.ARM.Collect$$libinit$$00000010) refers to libinit2.o(.ARM.Collect$$libinit$$0000000F) for .ARM.Collect$$libinit$$0000000F
    libinit2.o(.ARM.Collect$$libinit$$00000012) refers to libinit2.o(.ARM.Collect$$libinit$$0000000F) for .ARM.Collect$$libinit$$0000000F
    libinit2.o(.ARM.Collect$$libinit$$00000014) refers to libinit2.o(.ARM.Collect$$libinit$$0000000F) for .ARM.Collect$$libinit$$0000000F
    libinit2.o(.ARM.Collect$$libinit$$00000016) refers to libinit2.o(.ARM.Collect$$libinit$$0000000F) for .ARM.Collect$$libinit$$0000000F
    libinit2.o(.ARM.Collect$$libinit$$00000018) refers to libinit2.o(.ARM.Collect$$libinit$$0000000F) for .ARM.Collect$$libinit$$0000000F
    libinit2.o(.ARM.Collect$$libinit$$00000026) refers to argv_veneer.o(.emb_text) for __ARM_argv_veneer
    libinit2.o(.ARM.Collect$$libinit$$00000027) refers to argv_veneer.o(.emb_text) for __ARM_argv_veneer
    rtexit2.o(.ARM.Collect$$rtexit$$00000003) refers to libshutdown.o(.ARM.Collect$$libshutdown$$00000000) for __rt_lib_shutdown
    rtexit2.o(.ARM.Collect$$rtexit$$00000004) refers to sys_exit.o(.text) for _sys_exit
    rtexit2.o(.ARM.exidx) refers to rtexit2.o(.ARM.Collect$$rtexit$$00000001) for .ARM.Collect$$rtexit$$00000001
    rtexit2.o(.ARM.exidx) refers to rtexit2.o(.ARM.Collect$$rtexit$$00000003) for .ARM.Collect$$rtexit$$00000003
    rtexit2.o(.ARM.exidx) refers to rtexit2.o(.ARM.Collect$$rtexit$$00000004) for .ARM.Collect$$rtexit$$00000004
    argv_veneer.o(.emb_text) refers to no_argv.o(.text) for __ARM_get_argv
    sys_exit.o(.text) refers (Special) to use_no_semi.o(.text) for __I$use$semihosting
    sys_exit.o(.text) refers (Special) to indicate_semi.o(.text) for __semihosting_library_function
    _get_argv_nomalloc.o(.text) refers (Special) to hrguard.o(.text) for __heap_region$guard
    _get_argv_nomalloc.o(.text) refers to defsig_rtmem_outer.o(.text) for __rt_SIGRTMEM
    _get_argv_nomalloc.o(.text) refers to sys_command.o(.text) for _sys_command_string
    libshutdown.o(.ARM.Collect$$libshutdown$$00000000) refers (Special) to libshutdown2.o(.ARM.Collect$$libshutdown$$00000004) for __rt_lib_shutdown_cpp_1
    libshutdown.o(.ARM.Collect$$libshutdown$$00000000) refers (Special) to libshutdown2.o(.ARM.Collect$$libshutdown$$00000002) for __rt_lib_shutdown_fini_1
    libshutdown.o(.ARM.Collect$$libshutdown$$00000000) refers (Special) to libshutdown2.o(.ARM.Collect$$libshutdown$$00000009) for __rt_lib_shutdown_fp_trap_1
    libshutdown.o(.ARM.Collect$$libshutdown$$00000000) refers (Special) to libshutdown2.o(.ARM.Collect$$libshutdown$$00000011) for __rt_lib_shutdown_heap_1
    libshutdown.o(.ARM.Collect$$libshutdown$$00000000) refers (Special) to libshutdown2.o(.ARM.Collect$$libshutdown$$00000012) for __rt_lib_shutdown_return
    libshutdown.o(.ARM.Collect$$libshutdown$$00000000) refers (Special) to libshutdown2.o(.ARM.Collect$$libshutdown$$0000000C) for __rt_lib_shutdown_signal_1
    libshutdown.o(.ARM.Collect$$libshutdown$$00000000) refers (Special) to libshutdown2.o(.ARM.Collect$$libshutdown$$00000006) for __rt_lib_shutdown_stdio_1
    libshutdown.o(.ARM.Collect$$libshutdown$$00000000) refers (Special) to libshutdown2.o(.ARM.Collect$$libshutdown$$0000000E) for __rt_lib_shutdown_user_alloc_1
    sys_command.o(.text) refers (Special) to use_no_semi.o(.text) for __I$use$semihosting
    sys_command.o(.text) refers (Special) to indicate_semi.o(.text) for __semihosting_library_function
    defsig_rtmem_outer.o(.text) refers to defsig_rtmem_inner.o(.text) for __rt_SIGRTMEM_inner
    defsig_rtmem_outer.o(.text) refers to defsig_exit.o(.text) for __sig_exit
    defsig_rtmem_formal.o(.text) refers to rt_raise.o(.text) for __rt_raise
    rt_raise.o(.text) refers to __raise.o(.text) for __raise
    rt_raise.o(.text) refers to sys_exit.o(.text) for _sys_exit
    defsig_exit.o(.text) refers to sys_exit.o(.text) for _sys_exit
    defsig_rtmem_inner.o(.text) refers to defsig_general.o(.text) for __default_signal_display
    __raise.o(.text) refers to defsig.o(CL$$defsig) for __default_signal_handler
    defsig_general.o(.text) refers to sys_wrch.o(.text) for _ttywrch
    sys_wrch.o(.text) refers (Special) to use_no_semi.o(.text) for __I$use$semihosting
    sys_wrch.o(.text) refers (Special) to indicate_semi.o(.text) for __semihosting_library_function
    defsig.o(CL$$defsig) refers to defsig_rtmem_inner.o(.text) for __rt_SIGRTMEM_inner
    defsig_abrt_inner.o(.text) refers to defsig_general.o(.text) for __default_signal_display
    defsig_fpe_inner.o(.text) refers to defsig_general.o(.text) for __default_signal_display
    defsig_rtred_inner.o(.text) refers to defsig_general.o(.text) for __default_signal_display
    defsig_stak_inner.o(.text) refers to defsig_general.o(.text) for __default_signal_display
    defsig_pvfn_inner.o(.text) refers to defsig_general.o(.text) for __default_signal_display
    defsig_cppl_inner.o(.text) refers to defsig_general.o(.text) for __default_signal_display
    defsig_segv_inner.o(.text) refers to defsig_general.o(.text) for __default_signal_display
    defsig_other.o(.text) refers to defsig_general.o(.text) for __default_signal_display


==============================================================================

Removing Unused input sections from the image.

    Removing camera.o(.rev16_text), (4 bytes).
    Removing camera.o(.revsh_text), (4 bytes).
    Removing camera.o(.rrx_text), (6 bytes).
    Removing led.o(.rev16_text), (4 bytes).
    Removing led.o(.revsh_text), (4 bytes).
    Removing led.o(.rrx_text), (6 bytes).
    Removing led.o(i.Delay), (32 bytes).
    Removing led.o(i.Flash_LED), (20 bytes).
    Removing led.o(i.LED_On), (140 bytes).
    Removing main.o(.rev16_text), (4 bytes).
    Removing main.o(.revsh_text), (4 bytes).
    Removing main.o(.rrx_text), (6 bytes).
    Removing pwm.o(.rev16_text), (4 bytes).
    Removing pwm.o(.revsh_text), (4 bytes).
    Removing pwm.o(.rrx_text), (6 bytes).
    Removing switch.o(.rev16_text), (4 bytes).
    Removing switch.o(.revsh_text), (4 bytes).
    Removing switch.o(.rrx_text), (6 bytes).
    Removing switch.o(i.Switch2_Init), (44 bytes).
    Removing switch.o(i.Switch2_Pressed), (24 bytes).
    Removing switch.o(i.Switch3_Init), (40 bytes).
    Removing switch.o(i.Switch3_Pressed), (24 bytes).
    Removing uart.o(.rev16_text), (4 bytes).
    Removing uart.o(.revsh_text), (4 bytes).
    Removing uart.o(.rrx_text), (6 bytes).
    Removing uart.o(i.UART0_Getchar), (24 bytes).
    Removing uart.o(i.UART0_Put), (22 bytes).
    Removing uart.o(i.UART0_PutNumU), (32 bytes).
    Removing uart.o(i.UART0_Putchar), (24 bytes).
    Removing uart.o(i.UART3_GetString), (34 bytes).
    Removing uart.o(i.UART3_Getchar), (24 bytes).
    Removing uart.o(i.UART3_Put), (22 bytes).
    Removing uart.o(i.UART3_PutNumU), (32 bytes).
    Removing uart.o(i.UART3_Putchar), (24 bytes).
    Removing system_mk64f12.o(.rev16_text), (4 bytes).
    Removing system_mk64f12.o(.revsh_text), (4 bytes).
    Removing system_mk64f12.o(.rrx_text), (6 bytes).
    Removing system_mk64f12.o(i.SystemCoreClockUpdate), (344 bytes).
    Removing system_mk64f12.o(.data), (4 bytes).

39 unused section(s) (total 1008 bytes) removed from the image.

==============================================================================

Image Symbol Table

    Local Symbols

    Symbol Name                              Value     Ov Type        Size  Object(Section)

    RESET                                    0x00000000   Section     1024  startup_mk64f12.o(RESET)
    ../clib/angel/boardlib.s                 0x00000000   Number         0  boardinit2.o ABSOLUTE
    ../clib/angel/boardlib.s                 0x00000000   Number         0  boardinit3.o ABSOLUTE
    ../clib/angel/boardlib.s                 0x00000000   Number         0  boardinit1.o ABSOLUTE
    ../clib/angel/boardlib.s                 0x00000000   Number         0  boardshut.o ABSOLUTE
    ../clib/angel/handlers.s                 0x00000000   Number         0  __scatter_zi.o ABSOLUTE
    ../clib/angel/handlers.s                 0x00000000   Number         0  __scatter_copy.o ABSOLUTE
    ../clib/angel/kernel.s                   0x00000000   Number         0  __rtentry2.o ABSOLUTE
    ../clib/angel/kernel.s                   0x00000000   Number         0  rtexit2.o ABSOLUTE
    ../clib/angel/kernel.s                   0x00000000   Number         0  rtexit.o ABSOLUTE
    ../clib/angel/kernel.s                   0x00000000   Number         0  __rtentry4.o ABSOLUTE
    ../clib/angel/kernel.s                   0x00000000   Number         0  __rtentry.o ABSOLUTE
    ../clib/angel/rt.s                       0x00000000   Number         0  rt_raise.o ABSOLUTE
    ../clib/angel/scatter.s                  0x00000000   Number         0  __scatter.o ABSOLUTE
    ../clib/angel/startup.s                  0x00000000   Number         0  __main.o ABSOLUTE
    ../clib/angel/sys.s                      0x00000000   Number         0  sys_stackheap_outer.o ABSOLUTE
    ../clib/angel/sys.s                      0x00000000   Number         0  use_no_semi.o ABSOLUTE
    ../clib/angel/sys.s                      0x00000000   Number         0  indicate_semi.o ABSOLUTE
    ../clib/angel/sys.s                      0x00000000   Number         0  libspace.o ABSOLUTE
    ../clib/angel/sysapp.c                   0x00000000   Number         0  sys_wrch.o ABSOLUTE
    ../clib/angel/sysapp.c                   0x00000000   Number         0  sys_command.o ABSOLUTE
    ../clib/angel/sysapp.c                   0x00000000   Number         0  sys_exit.o ABSOLUTE
    ../clib/armsys.c                         0x00000000   Number         0  argv_veneer.o ABSOLUTE
    ../clib/armsys.c                         0x00000000   Number         0  _get_argv_nomalloc.o ABSOLUTE
    ../clib/armsys.c                         0x00000000   Number         0  no_argv.o ABSOLUTE
    ../clib/armsys.c                         0x00000000   Number         0  argv_veneer.o ABSOLUTE
    ../clib/heapalloc.c                      0x00000000   Number         0  hrguard.o ABSOLUTE
    ../clib/heapaux.c                        0x00000000   Number         0  heapauxi.o ABSOLUTE
    ../clib/libinit.s                        0x00000000   Number         0  libinit.o ABSOLUTE
    ../clib/libinit.s                        0x00000000   Number         0  libshutdown2.o ABSOLUTE
    ../clib/libinit.s                        0x00000000   Number         0  libshutdown.o ABSOLUTE
    ../clib/libinit.s                        0x00000000   Number         0  libinit2.o ABSOLUTE
    ../clib/printf.c                         0x00000000   Number         0  __printf_ss_wp.o ABSOLUTE
    ../clib/printf.c                         0x00000000   Number         0  __printf_flags_ss_wp.o ABSOLUTE
    ../clib/printf.c                         0x00000000   Number         0  __printf_ss.o ABSOLUTE
    ../clib/printf.c                         0x00000000   Number         0  __printf_nopercent.o ABSOLUTE
    ../clib/printf.c                         0x00000000   Number         0  _sputc.o ABSOLUTE
    ../clib/printf.c                         0x00000000   Number         0  _printf_char_common.o ABSOLUTE
    ../clib/printf.c                         0x00000000   Number         0  _printf_intcommon.o ABSOLUTE
    ../clib/printf.c                         0x00000000   Number         0  __printf_flags.o ABSOLUTE
    ../clib/printf.c                         0x00000000   Number         0  __printf_flags_ss.o ABSOLUTE
    ../clib/printf.c                         0x00000000   Number         0  __printf_wp.o ABSOLUTE
    ../clib/printf.c                         0x00000000   Number         0  __printf_flags_wp.o ABSOLUTE
    ../clib/printf.c                         0x00000000   Number         0  __2sprintf.o ABSOLUTE
    ../clib/printf.c                         0x00000000   Number         0  noretval__2sprintf.o ABSOLUTE
    ../clib/printf.c                         0x00000000   Number         0  __printf.o ABSOLUTE
    ../clib/printf.c                         0x00000000   Number         0  _printf_dec.o ABSOLUTE
    ../clib/printf_percent.s                 0x00000000   Number         0  _printf_percent.o ABSOLUTE
    ../clib/printf_percent.s                 0x00000000   Number         0  _printf_u.o ABSOLUTE
    ../clib/printf_percent.s                 0x00000000   Number         0  _printf_percent_end.o ABSOLUTE
    ../clib/signal.c                         0x00000000   Number         0  __raise.o ABSOLUTE
    ../clib/signal.c                         0x00000000   Number         0  defsig_rtmem_inner.o ABSOLUTE
    ../clib/signal.c                         0x00000000   Number         0  defsig_exit.o ABSOLUTE
    ../clib/signal.c                         0x00000000   Number         0  defsig_rtred_inner.o ABSOLUTE
    ../clib/signal.c                         0x00000000   Number         0  defsig_cppl_inner.o ABSOLUTE
    ../clib/signal.c                         0x00000000   Number         0  defsig_fpe_inner.o ABSOLUTE
    ../clib/signal.c                         0x00000000   Number         0  defsig_pvfn_inner.o ABSOLUTE
    ../clib/signal.c                         0x00000000   Number         0  defsig_abrt_inner.o ABSOLUTE
    ../clib/signal.c                         0x00000000   Number         0  defsig_stak_inner.o ABSOLUTE
    ../clib/signal.c                         0x00000000   Number         0  defsig_segv_inner.o ABSOLUTE
    ../clib/signal.c                         0x00000000   Number         0  defsig_rtmem_outer.o ABSOLUTE
    ../clib/signal.c                         0x00000000   Number         0  defsig_other.o ABSOLUTE
    ../clib/signal.c                         0x00000000   Number         0  defsig_general.o ABSOLUTE
    ../clib/signal.c                         0x00000000   Number         0  defsig_rtmem_formal.o ABSOLUTE
    ../clib/signal.s                         0x00000000   Number         0  defsig.o ABSOLUTE
    ../clib/stdlib.c                         0x00000000   Number         0  exit.o ABSOLUTE
    ../fplib/daddsub.s                       0x00000000   Number         0  daddsub_clz.o ABSOLUTE
    ../fplib/dcmpi.s                         0x00000000   Number         0  dcmpi.o ABSOLUTE
    ../fplib/ddiv.s                          0x00000000   Number         0  ddiv.o ABSOLUTE
    ../fplib/dfixu.s                         0x00000000   Number         0  dfixu.o ABSOLUTE
    ../fplib/dflt.s                          0x00000000   Number         0  dflt_clz.o ABSOLUTE
    ../fplib/dleqf.s                         0x00000000   Number         0  dleqf.o ABSOLUTE
    ../fplib/dmul.s                          0x00000000   Number         0  dmul.o ABSOLUTE
    ../fplib/dnaninf.s                       0x00000000   Number         0  dnaninf.o ABSOLUTE
    ../fplib/dretinf.s                       0x00000000   Number         0  dretinf.o ABSOLUTE
    ../fplib/drleqf.s                        0x00000000   Number         0  drleqf.o ABSOLUTE
    ../fplib/fpinit.s                        0x00000000   Number         0  fpinit.o ABSOLUTE
    ../fplib/usenofp.s                       0x00000000   Number         0  usenofp.o ABSOLUTE
    RTE\Device\MK64FN1M0xxx12\startup_MK64F12.s 0x00000000   Number         0  startup_mk64f12.o ABSOLUTE
    RTE\Device\MK64FN1M0xxx12\system_MK64F12.c 0x00000000   Number         0  system_mk64f12.o ABSOLUTE
    RTE\\Device\\MK64FN1M0xxx12\\system_MK64F12.c 0x00000000   Number         0  system_mk64f12.o ABSOLUTE
    code\\camera.c                           0x00000000   Number         0  camera.o ABSOLUTE
    code\\led.c                              0x00000000   Number         0  led.o ABSOLUTE
    code\\main.c                             0x00000000   Number         0  main.o ABSOLUTE
    code\\pwm.c                              0x00000000   Number         0  pwm.o ABSOLUTE
    code\\switch.c                           0x00000000   Number         0  switch.o ABSOLUTE
    code\\uart.c                             0x00000000   Number         0  uart.o ABSOLUTE
    code\camera.c                            0x00000000   Number         0  camera.o ABSOLUTE
    code\led.c                               0x00000000   Number         0  led.o ABSOLUTE
    code\main.c                              0x00000000   Number         0  main.o ABSOLUTE
    code\pwm.c                               0x00000000   Number         0  pwm.o ABSOLUTE
    code\switch.c                            0x00000000   Number         0  switch.o ABSOLUTE
    code\uart.c                              0x00000000   Number         0  uart.o ABSOLUTE
    dc.s                                     0x00000000   Number         0  dc.o ABSOLUTE
    .ARM.__at_0x400                          0x00000400   Section       16  startup_mk64f12.o(.ARM.__at_0x400)
    !!!main                                  0x00000410   Section        8  __main.o(!!!main)
    !!!scatter                               0x00000418   Section       52  __scatter.o(!!!scatter)
    !!handler_copy                           0x0000044c   Section       26  __scatter_copy.o(!!handler_copy)
    !!handler_zi                             0x00000468   Section       28  __scatter_zi.o(!!handler_zi)
    .ARM.Collect$$libinit$$00000000          0x00000484   Section        2  libinit.o(.ARM.Collect$$libinit$$00000000)
    .ARM.Collect$$libinit$$00000001          0x00000486   Section        4  libinit2.o(.ARM.Collect$$libinit$$00000001)
    .ARM.Collect$$libinit$$00000004          0x0000048a   Section        0  libinit2.o(.ARM.Collect$$libinit$$00000004)
    .ARM.Collect$$libinit$$0000000A          0x0000048a   Section        0  libinit2.o(.ARM.Collect$$libinit$$0000000A)
    .ARM.Collect$$libinit$$0000000C          0x0000048a   Section        0  libinit2.o(.ARM.Collect$$libinit$$0000000C)
    .ARM.Collect$$libinit$$0000000E          0x0000048a   Section        0  libinit2.o(.ARM.Collect$$libinit$$0000000E)
    .ARM.Collect$$libinit$$00000011          0x0000048a   Section        0  libinit2.o(.ARM.Collect$$libinit$$00000011)
    .ARM.Collect$$libinit$$00000013          0x0000048a   Section        0  libinit2.o(.ARM.Collect$$libinit$$00000013)
    .ARM.Collect$$libinit$$00000015          0x0000048a   Section        0  libinit2.o(.ARM.Collect$$libinit$$00000015)
    .ARM.Collect$$libinit$$00000017          0x0000048a   Section        0  libinit2.o(.ARM.Collect$$libinit$$00000017)
    .ARM.Collect$$libinit$$00000019          0x0000048a   Section        0  libinit2.o(.ARM.Collect$$libinit$$00000019)
    .ARM.Collect$$libinit$$0000001B          0x0000048a   Section        0  libinit2.o(.ARM.Collect$$libinit$$0000001B)
    .ARM.Collect$$libinit$$0000001D          0x0000048a   Section        0  libinit2.o(.ARM.Collect$$libinit$$0000001D)
    .ARM.Collect$$libinit$$0000001F          0x0000048a   Section        0  libinit2.o(.ARM.Collect$$libinit$$0000001F)
    .ARM.Collect$$libinit$$00000021          0x0000048a   Section        0  libinit2.o(.ARM.Collect$$libinit$$00000021)
    .ARM.Collect$$libinit$$00000023          0x0000048a   Section        0  libinit2.o(.ARM.Collect$$libinit$$00000023)
    .ARM.Collect$$libinit$$00000025          0x0000048a   Section        0  libinit2.o(.ARM.Collect$$libinit$$00000025)
    .ARM.Collect$$libinit$$0000002C          0x0000048a   Section        0  libinit2.o(.ARM.Collect$$libinit$$0000002C)
    .ARM.Collect$$libinit$$0000002E          0x0000048a   Section        0  libinit2.o(.ARM.Collect$$libinit$$0000002E)
    .ARM.Collect$$libinit$$00000030          0x0000048a   Section        0  libinit2.o(.ARM.Collect$$libinit$$00000030)
    .ARM.Collect$$libinit$$00000032          0x0000048a   Section        0  libinit2.o(.ARM.Collect$$libinit$$00000032)
    .ARM.Collect$$libinit$$00000033          0x0000048a   Section        2  libinit2.o(.ARM.Collect$$libinit$$00000033)
    .ARM.Collect$$libshutdown$$00000000      0x0000048c   Section        2  libshutdown.o(.ARM.Collect$$libshutdown$$00000000)
    .ARM.Collect$$libshutdown$$00000002      0x0000048e   Section        0  libshutdown2.o(.ARM.Collect$$libshutdown$$00000002)
    .ARM.Collect$$libshutdown$$00000004      0x0000048e   Section        0  libshutdown2.o(.ARM.Collect$$libshutdown$$00000004)
    .ARM.Collect$$libshutdown$$00000006      0x0000048e   Section        0  libshutdown2.o(.ARM.Collect$$libshutdown$$00000006)
    .ARM.Collect$$libshutdown$$00000009      0x0000048e   Section        0  libshutdown2.o(.ARM.Collect$$libshutdown$$00000009)
    .ARM.Collect$$libshutdown$$0000000C      0x0000048e   Section        0  libshutdown2.o(.ARM.Collect$$libshutdown$$0000000C)
    .ARM.Collect$$libshutdown$$0000000E      0x0000048e   Section        0  libshutdown2.o(.ARM.Collect$$libshutdown$$0000000E)
    .ARM.Collect$$libshutdown$$00000011      0x0000048e   Section        0  libshutdown2.o(.ARM.Collect$$libshutdown$$00000011)
    .ARM.Collect$$libshutdown$$00000012      0x0000048e   Section        2  libshutdown2.o(.ARM.Collect$$libshutdown$$00000012)
    .ARM.Collect$$rtentry$$00000000          0x00000490   Section        0  __rtentry.o(.ARM.Collect$$rtentry$$00000000)
    .ARM.Collect$$rtentry$$00000002          0x00000490   Section        0  __rtentry2.o(.ARM.Collect$$rtentry$$00000002)
    .ARM.Collect$$rtentry$$00000004          0x00000490   Section        6  __rtentry4.o(.ARM.Collect$$rtentry$$00000004)
    .ARM.Collect$$rtentry$$00000009          0x00000496   Section        0  __rtentry2.o(.ARM.Collect$$rtentry$$00000009)
    .ARM.Collect$$rtentry$$0000000A          0x00000496   Section        4  __rtentry2.o(.ARM.Collect$$rtentry$$0000000A)
    .ARM.Collect$$rtentry$$0000000C          0x0000049a   Section        0  __rtentry2.o(.ARM.Collect$$rtentry$$0000000C)
    .ARM.Collect$$rtentry$$0000000D          0x0000049a   Section        8  __rtentry2.o(.ARM.Collect$$rtentry$$0000000D)
    .ARM.Collect$$rtexit$$00000000           0x000004a2   Section        2  rtexit.o(.ARM.Collect$$rtexit$$00000000)
    .ARM.Collect$$rtexit$$00000002           0x000004a4   Section        0  rtexit2.o(.ARM.Collect$$rtexit$$00000002)
    .ARM.Collect$$rtexit$$00000003           0x000004a4   Section        4  rtexit2.o(.ARM.Collect$$rtexit$$00000003)
    .ARM.Collect$$rtexit$$00000004           0x000004a8   Section        6  rtexit2.o(.ARM.Collect$$rtexit$$00000004)
    .text                                    0x000004b0   Section       72  startup_mk64f12.o(.text)
    $v0                                      0x000004b0   Number         0  startup_mk64f12.o(.text)
    .text                                    0x000004f8   Section        0  heapauxi.o(.text)
    .text                                    0x000004fe   Section       74  sys_stackheap_outer.o(.text)
    .text                                    0x00000548   Section        0  exit.o(.text)
    .text                                    0x0000055c   Section        8  libspace.o(.text)
    .text                                    0x00000564   Section        0  sys_exit.o(.text)
    .text                                    0x00000570   Section        2  use_no_semi.o(.text)
    .text                                    0x00000572   Section        0  indicate_semi.o(.text)
    i.ADC0_IRQHandler                        0x00000574   Section        0  camera.o(i.ADC0_IRQHandler)
    i.ADC0_Init                              0x00000588   Section        0  camera.o(i.ADC0_Init)
    i.Camera_Init                            0x0000063c   Section        0  camera.o(i.Camera_Init)
    i.Car_Init                               0x00000650   Section        0  main.o(i.Car_Init)
    i.EN_init                                0x00000674   Section        0  pwm.o(i.EN_init)
    i.FTM0_PWM_Init                          0x000006ac   Section        0  pwm.o(i.FTM0_PWM_Init)
    i.FTM2_IRQHandler                        0x00000750   Section        0  camera.o(i.FTM2_IRQHandler)
    i.FTM2_Init                              0x00000838   Section        0  camera.o(i.FTM2_Init)
    i.FTM3_IRQHandler                        0x0000090c   Section        0  pwm.o(i.FTM3_IRQHandler)
    i.FTM3_PWM_Init                          0x00000920   Section        0  pwm.o(i.FTM3_PWM_Init)
    i.GPIO_Init                              0x000009a4   Section        0  camera.o(i.GPIO_Init)
    i.Get_Line                               0x000009e8   Section        0  camera.o(i.Get_Line)
    i.LED_Init                               0x00000a18   Section        0  led.o(i.LED_Init)
    i.LED_Off                                0x00000a70   Section        0  led.o(i.LED_Off)
    i.PIT0_IRQHandler                        0x00000a8c   Section        0  camera.o(i.PIT0_IRQHandler)
    i.PIT_Init                               0x00000ab4   Section        0  camera.o(i.PIT_Init)
    i.PWM_Init                               0x00000b24   Section        0  pwm.o(i.PWM_Init)
    i.Servo_Init                             0x00000b2c   Section        0  pwm.o(i.Servo_Init)
    i.Set_Servo_Position                     0x00000b34   Section        0  pwm.o(i.Set_Servo_Position)
    i.Spin_Left_Motor                        0x00000b8c   Section        0  pwm.o(i.Spin_Left_Motor)
    i.Spin_Right_Motor                       0x00000bbc   Section        0  pwm.o(i.Spin_Right_Motor)
    i.SystemInit                             0x00000bec   Section        0  system_mk64f12.o(i.SystemInit)
    i.UART0_Init                             0x00000c8c   Section        0  uart.o(i.UART0_Init)
    i.UART3_Init                             0x00000d20   Section        0  uart.o(i.UART3_Init)
    i.__NVIC_EnableIRQ                       0x00000db4   Section        0  camera.o(i.__NVIC_EnableIRQ)
    __NVIC_EnableIRQ                         0x00000db5   Thumb Code    34  camera.o(i.__NVIC_EnableIRQ)
    i.main                                   0x00000dd8   Section        0  main.o(i.main)
    i.process_line_data                      0x00001334   Section        0  main.o(i.process_line_data)
    x$fpl$dadd                               0x000014ac   Section      336  daddsub_clz.o(x$fpl$dadd)
    $v0                                      0x000014ac   Number         0  daddsub_clz.o(x$fpl$dadd)
    _dadd1                                   0x000014bd   Thumb Code     0  daddsub_clz.o(x$fpl$dadd)
    x$fpl$dcmpinf                            0x000015fc   Section       24  dcmpi.o(x$fpl$dcmpinf)
    $v0                                      0x000015fc   Number         0  dcmpi.o(x$fpl$dcmpinf)
    x$fpl$ddiv                               0x00001614   Section      688  ddiv.o(x$fpl$ddiv)
    $v0                                      0x00001614   Number         0  ddiv.o(x$fpl$ddiv)
    ddiv_entry                               0x0000161b   Thumb Code     0  ddiv.o(x$fpl$ddiv)
    x$fpl$dfixu                              0x000018c4   Section       90  dfixu.o(x$fpl$dfixu)
    $v0                                      0x000018c4   Number         0  dfixu.o(x$fpl$dfixu)
    x$fpl$dflt                               0x0000191e   Section       46  dflt_clz.o(x$fpl$dflt)
    $v0                                      0x0000191e   Number         0  dflt_clz.o(x$fpl$dflt)
    x$fpl$dfltu                              0x0000194c   Section       38  dflt_clz.o(x$fpl$dfltu)
    $v0                                      0x0000194c   Number         0  dflt_clz.o(x$fpl$dfltu)
    x$fpl$dleqf                              0x00001974   Section      120  dleqf.o(x$fpl$dleqf)
    $v0                                      0x00001974   Number         0  dleqf.o(x$fpl$dleqf)
    x$fpl$dmul                               0x000019ec   Section      340  dmul.o(x$fpl$dmul)
    $v0                                      0x000019ec   Number         0  dmul.o(x$fpl$dmul)
    x$fpl$dnaninf                            0x00001b40   Section      156  dnaninf.o(x$fpl$dnaninf)
    $v0                                      0x00001b40   Number         0  dnaninf.o(x$fpl$dnaninf)
    x$fpl$dretinf                            0x00001bdc   Section       12  dretinf.o(x$fpl$dretinf)
    $v0                                      0x00001bdc   Number         0  dretinf.o(x$fpl$dretinf)
    x$fpl$drleqf                             0x00001be8   Section      108  drleqf.o(x$fpl$drleqf)
    $v0                                      0x00001be8   Number         0  drleqf.o(x$fpl$drleqf)
    x$fpl$drsb                               0x00001c54   Section       22  daddsub_clz.o(x$fpl$drsb)
    $v0                                      0x00001c54   Number         0  daddsub_clz.o(x$fpl$drsb)
    x$fpl$dsub                               0x00001c6c   Section      468  daddsub_clz.o(x$fpl$dsub)
    $v0                                      0x00001c6c   Number         0  daddsub_clz.o(x$fpl$dsub)
    _dsub1                                   0x00001c7d   Thumb Code     0  daddsub_clz.o(x$fpl$dsub)
    x$fpl$fpinit                             0x00001e40   Section       10  fpinit.o(x$fpl$fpinit)
    $v0                                      0x00001e40   Number         0  fpinit.o(x$fpl$fpinit)
    x$fpl$usenofp                            0x00001e4a   Section        0  usenofp.o(x$fpl$usenofp)
    .data                                    0x20000000   Section       12  camera.o(.data)
    pixcnt                                   0x20000000   Data           4  camera.o(.data)
    clkval                                   0x20000004   Data           4  camera.o(.data)
    line_ready                               0x20000008   Data           1  camera.o(.data)
    ADC0VAL                                  0x2000000a   Data           2  camera.o(.data)
    .data                                    0x20000010   Section       84  main.o(.data)
    HARD_TURN_OFFSET                         0x20000010   Data           4  main.o(.data)
    car_mode                                 0x20000014   Data           1  main.o(.data)
    previous_mode                            0x20000015   Data           1  main.o(.data)
    MIN_MOTOR_SPEED                          0x20000018   Data           4  main.o(.data)
    MAX_MOTOR_SPEED                          0x2000001c   Data           4  main.o(.data)
    SLIGHT_TURN_PERCENTAGE                   0x20000020   Data           4  main.o(.data)
    HARD_TURN_PERCENTAGE                     0x20000024   Data           4  main.o(.data)
    kp                                       0x20000028   Data           8  main.o(.data)
    kd                                       0x20000030   Data           8  main.o(.data)
    ki                                       0x20000038   Data           8  main.o(.data)
    error                                    0x20000040   Data           8  main.o(.data)
    old_error1                               0x20000048   Data           8  main.o(.data)
    old_error2                               0x20000050   Data           8  main.o(.data)
    previous_servo_duty                      0x20000058   Data           8  main.o(.data)
    current_motor_speed                      0x20000060   Data           4  main.o(.data)
    .bss                                     0x20000064   Section      256  camera.o(.bss)
    line                                     0x20000064   Data         256  camera.o(.bss)
    .bss                                     0x20000164   Section      768  main.o(.bss)
    smoothline                               0x20000164   Data         256  main.o(.bss)
    binline                                  0x20000264   Data         256  main.o(.bss)
    line_data                                0x20000364   Data         256  main.o(.bss)
    .bss                                     0x20000464   Section       96  libspace.o(.bss)
    HEAP                                     0x200004c8   Section        0  startup_mk64f12.o(HEAP)
    STACK                                    0x200004c8   Section     1024  startup_mk64f12.o(STACK)
    Heap_Mem                                 0x200004c8   Data           0  startup_mk64f12.o(HEAP)
    Stack_Mem                                0x200004c8   Data        1024  startup_mk64f12.o(STACK)
    __initial_sp                             0x200008c8   Data           0  startup_mk64f12.o(STACK)

    Global Symbols

    Symbol Name                              Value     Ov Type        Size  Object(Section)

    BuildAttributes$$THM_ISAv4$E$P$D$K$B$S$7EM$VFPi3$EXTD16$VFPS$VFMA$PE$A:L22UL41UL21$X:L11$S22US41US21$IEEE1$IW$USESV6$~STKCKD$USESV7$~SHL$OSPACE$ROPI$EBA8$UX$STANDARDLIB$REQ8$PRES8$EABIv2 0x00000000   Number         0  anon$$obj.o ABSOLUTE
    __ARM_use_no_argv                        0x00000000   Number         0  main.o ABSOLUTE
    __Vectors                                0x00000000   Data           4  startup_mk64f12.o(RESET)
    __ARM_exceptions_init                     - Undefined Weak Reference
    __alloca_initialize                       - Undefined Weak Reference
    __arm_fini_                               - Undefined Weak Reference
    __arm_preinit_                            - Undefined Weak Reference
    __cpp_initialize__aeabi_                  - Undefined Weak Reference
    __cxa_finalize                            - Undefined Weak Reference
    __rt_locale                               - Undefined Weak Reference
    __sigvec_lookup                           - Undefined Weak Reference
    _atexit_init                              - Undefined Weak Reference
    _call_atexit_fns                          - Undefined Weak Reference
    _clock_init                               - Undefined Weak Reference
    _fp_trap_init                             - Undefined Weak Reference
    _fp_trap_shutdown                         - Undefined Weak Reference
    _get_lc_collate                           - Undefined Weak Reference
    _get_lc_ctype                             - Undefined Weak Reference
    _get_lc_monetary                          - Undefined Weak Reference
    _get_lc_numeric                           - Undefined Weak Reference
    _get_lc_time                              - Undefined Weak Reference
    _getenv_init                              - Undefined Weak Reference
    _handle_redirection                       - Undefined Weak Reference
    _init_alloc                               - Undefined Weak Reference
    _init_user_alloc                          - Undefined Weak Reference
    _initio                                   - Undefined Weak Reference
    _printf_post_padding                      - Undefined Weak Reference
    _printf_pre_padding                       - Undefined Weak Reference
    _printf_truncate_signed                   - Undefined Weak Reference
    _printf_truncate_unsigned                 - Undefined Weak Reference
    _rand_init                                - Undefined Weak Reference
    _signal_finish                            - Undefined Weak Reference
    _signal_init                              - Undefined Weak Reference
    _terminate_alloc                          - Undefined Weak Reference
    _terminate_user_alloc                     - Undefined Weak Reference
    _terminateio                              - Undefined Weak Reference
    __Vectors_End                            0x00000400   Data           0  startup_mk64f12.o(RESET)
    __Vectors_Size                           0x00000400   Number         0  startup_mk64f12.o ABSOLUTE
    __main                                   0x00000411   Thumb Code     8  __main.o(!!!main)
    __scatterload                            0x00000419   Thumb Code     0  __scatter.o(!!!scatter)
    __scatterload_rt2                        0x00000419   Thumb Code    44  __scatter.o(!!!scatter)
    __scatterload_rt2_thumb_only             0x00000419   Thumb Code     0  __scatter.o(!!!scatter)
    __scatterload_null                       0x00000427   Thumb Code     0  __scatter.o(!!!scatter)
    __scatterload_copy                       0x0000044d   Thumb Code    26  __scatter_copy.o(!!handler_copy)
    __scatterload_zeroinit                   0x00000469   Thumb Code    28  __scatter_zi.o(!!handler_zi)
    __rt_lib_init                            0x00000485   Thumb Code     0  libinit.o(.ARM.Collect$$libinit$$00000000)
    __rt_lib_init_fp_1                       0x00000487   Thumb Code     0  libinit2.o(.ARM.Collect$$libinit$$00000001)
    __rt_lib_init_alloca_1                   0x0000048b   Thumb Code     0  libinit2.o(.ARM.Collect$$libinit$$0000002E)
    __rt_lib_init_argv_1                     0x0000048b   Thumb Code     0  libinit2.o(.ARM.Collect$$libinit$$0000002C)
    __rt_lib_init_atexit_1                   0x0000048b   Thumb Code     0  libinit2.o(.ARM.Collect$$libinit$$0000001B)
    __rt_lib_init_clock_1                    0x0000048b   Thumb Code     0  libinit2.o(.ARM.Collect$$libinit$$00000021)
    __rt_lib_init_cpp_1                      0x0000048b   Thumb Code     0  libinit2.o(.ARM.Collect$$libinit$$00000032)
    __rt_lib_init_exceptions_1               0x0000048b   Thumb Code     0  libinit2.o(.ARM.Collect$$libinit$$00000030)
    __rt_lib_init_fp_trap_1                  0x0000048b   Thumb Code     0  libinit2.o(.ARM.Collect$$libinit$$0000001F)
    __rt_lib_init_getenv_1                   0x0000048b   Thumb Code     0  libinit2.o(.ARM.Collect$$libinit$$00000023)
    __rt_lib_init_heap_1                     0x0000048b   Thumb Code     0  libinit2.o(.ARM.Collect$$libinit$$0000000A)
    __rt_lib_init_lc_collate_1               0x0000048b   Thumb Code     0  libinit2.o(.ARM.Collect$$libinit$$00000011)
    __rt_lib_init_lc_ctype_1                 0x0000048b   Thumb Code     0  libinit2.o(.ARM.Collect$$libinit$$00000013)
    __rt_lib_init_lc_monetary_1              0x0000048b   Thumb Code     0  libinit2.o(.ARM.Collect$$libinit$$00000015)
    __rt_lib_init_lc_numeric_1               0x0000048b   Thumb Code     0  libinit2.o(.ARM.Collect$$libinit$$00000017)
    __rt_lib_init_lc_time_1                  0x0000048b   Thumb Code     0  libinit2.o(.ARM.Collect$$libinit$$00000019)
    __rt_lib_init_preinit_1                  0x0000048b   Thumb Code     0  libinit2.o(.ARM.Collect$$libinit$$00000004)
    __rt_lib_init_rand_1                     0x0000048b   Thumb Code     0  libinit2.o(.ARM.Collect$$libinit$$0000000E)
    __rt_lib_init_return                     0x0000048b   Thumb Code     0  libinit2.o(.ARM.Collect$$libinit$$00000033)
    __rt_lib_init_signal_1                   0x0000048b   Thumb Code     0  libinit2.o(.ARM.Collect$$libinit$$0000001D)
    __rt_lib_init_stdio_1                    0x0000048b   Thumb Code     0  libinit2.o(.ARM.Collect$$libinit$$00000025)
    __rt_lib_init_user_alloc_1               0x0000048b   Thumb Code     0  libinit2.o(.ARM.Collect$$libinit$$0000000C)
    __rt_lib_shutdown                        0x0000048d   Thumb Code     0  libshutdown.o(.ARM.Collect$$libshutdown$$00000000)
    __rt_lib_shutdown_cpp_1                  0x0000048f   Thumb Code     0  libshutdown2.o(.ARM.Collect$$libshutdown$$00000004)
    __rt_lib_shutdown_fini_1                 0x0000048f   Thumb Code     0  libshutdown2.o(.ARM.Collect$$libshutdown$$00000002)
    __rt_lib_shutdown_fp_trap_1              0x0000048f   Thumb Code     0  libshutdown2.o(.ARM.Collect$$libshutdown$$00000009)
    __rt_lib_shutdown_heap_1                 0x0000048f   Thumb Code     0  libshutdown2.o(.ARM.Collect$$libshutdown$$00000011)
    __rt_lib_shutdown_return                 0x0000048f   Thumb Code     0  libshutdown2.o(.ARM.Collect$$libshutdown$$00000012)
    __rt_lib_shutdown_signal_1               0x0000048f   Thumb Code     0  libshutdown2.o(.ARM.Collect$$libshutdown$$0000000C)
    __rt_lib_shutdown_stdio_1                0x0000048f   Thumb Code     0  libshutdown2.o(.ARM.Collect$$libshutdown$$00000006)
    __rt_lib_shutdown_user_alloc_1           0x0000048f   Thumb Code     0  libshutdown2.o(.ARM.Collect$$libshutdown$$0000000E)
    __rt_entry                               0x00000491   Thumb Code     0  __rtentry.o(.ARM.Collect$$rtentry$$00000000)
    __rt_entry_presh_1                       0x00000491   Thumb Code     0  __rtentry2.o(.ARM.Collect$$rtentry$$00000002)
    __rt_entry_sh                            0x00000491   Thumb Code     0  __rtentry4.o(.ARM.Collect$$rtentry$$00000004)
    __rt_entry_li                            0x00000497   Thumb Code     0  __rtentry2.o(.ARM.Collect$$rtentry$$0000000A)
    __rt_entry_postsh_1                      0x00000497   Thumb Code     0  __rtentry2.o(.ARM.Collect$$rtentry$$00000009)
    __rt_entry_main                          0x0000049b   Thumb Code     0  __rtentry2.o(.ARM.Collect$$rtentry$$0000000D)
    __rt_entry_postli_1                      0x0000049b   Thumb Code     0  __rtentry2.o(.ARM.Collect$$rtentry$$0000000C)
    __rt_exit                                0x000004a3   Thumb Code     0  rtexit.o(.ARM.Collect$$rtexit$$00000000)
    __rt_exit_ls                             0x000004a5   Thumb Code     0  rtexit2.o(.ARM.Collect$$rtexit$$00000003)
    __rt_exit_prels_1                        0x000004a5   Thumb Code     0  rtexit2.o(.ARM.Collect$$rtexit$$00000002)
    __rt_exit_exit                           0x000004a9   Thumb Code     0  rtexit2.o(.ARM.Collect$$rtexit$$00000004)
    init_data_bss                            0x000004b1   Thumb Code     2  startup_mk64f12.o(.text)
    Reset_Handler                            0x000004b3   Thumb Code    12  startup_mk64f12.o(.text)
    NMI_Handler                              0x000004bf   Thumb Code     2  startup_mk64f12.o(.text)
    HardFault_Handler                        0x000004c1   Thumb Code     2  startup_mk64f12.o(.text)
    MemManage_Handler                        0x000004c3   Thumb Code     2  startup_mk64f12.o(.text)
    BusFault_Handler                         0x000004c5   Thumb Code     2  startup_mk64f12.o(.text)
    UsageFault_Handler                       0x000004c7   Thumb Code     2  startup_mk64f12.o(.text)
    SVC_Handler                              0x000004c9   Thumb Code     2  startup_mk64f12.o(.text)
    DebugMon_Handler                         0x000004cb   Thumb Code     2  startup_mk64f12.o(.text)
    PendSV_Handler                           0x000004cd   Thumb Code     2  startup_mk64f12.o(.text)
    SysTick_Handler                          0x000004cf   Thumb Code     2  startup_mk64f12.o(.text)
    ADC1_IRQHandler                          0x000004d1   Thumb Code     0  startup_mk64f12.o(.text)
    CAN0_Bus_Off_IRQHandler                  0x000004d1   Thumb Code     0  startup_mk64f12.o(.text)
    CAN0_Error_IRQHandler                    0x000004d1   Thumb Code     0  startup_mk64f12.o(.text)
    CAN0_ORed_Message_buffer_IRQHandler      0x000004d1   Thumb Code     0  startup_mk64f12.o(.text)
    CAN0_Rx_Warning_IRQHandler               0x000004d1   Thumb Code     0  startup_mk64f12.o(.text)
    CAN0_Tx_Warning_IRQHandler               0x000004d1   Thumb Code     0  startup_mk64f12.o(.text)
    CAN0_Wake_Up_IRQHandler                  0x000004d1   Thumb Code     0  startup_mk64f12.o(.text)
    CMP0_IRQHandler                          0x000004d1   Thumb Code     0  startup_mk64f12.o(.text)
    CMP1_IRQHandler                          0x000004d1   Thumb Code     0  startup_mk64f12.o(.text)
    CMP2_IRQHandler                          0x000004d1   Thumb Code     0  startup_mk64f12.o(.text)
    CMT_IRQHandler                           0x000004d1   Thumb Code     0  startup_mk64f12.o(.text)
    DAC0_IRQHandler                          0x000004d1   Thumb Code     0  startup_mk64f12.o(.text)
    DAC1_IRQHandler                          0x000004d1   Thumb Code     0  startup_mk64f12.o(.text)
    DMA0_IRQHandler                          0x000004d1   Thumb Code     0  startup_mk64f12.o(.text)
    DMA10_IRQHandler                         0x000004d1   Thumb Code     0  startup_mk64f12.o(.text)
    DMA11_IRQHandler                         0x000004d1   Thumb Code     0  startup_mk64f12.o(.text)
    DMA12_IRQHandler                         0x000004d1   Thumb Code     0  startup_mk64f12.o(.text)
    DMA13_IRQHandler                         0x000004d1   Thumb Code     0  startup_mk64f12.o(.text)
    DMA14_IRQHandler                         0x000004d1   Thumb Code     0  startup_mk64f12.o(.text)
    DMA15_IRQHandler                         0x000004d1   Thumb Code     0  startup_mk64f12.o(.text)
    DMA1_IRQHandler                          0x000004d1   Thumb Code     0  startup_mk64f12.o(.text)
    DMA2_IRQHandler                          0x000004d1   Thumb Code     0  startup_mk64f12.o(.text)
    DMA3_IRQHandler                          0x000004d1   Thumb Code     0  startup_mk64f12.o(.text)
    DMA4_IRQHandler                          0x000004d1   Thumb Code     0  startup_mk64f12.o(.text)
    DMA5_IRQHandler                          0x000004d1   Thumb Code     0  startup_mk64f12.o(.text)
    DMA6_IRQHandler                          0x000004d1   Thumb Code     0  startup_mk64f12.o(.text)
    DMA7_IRQHandler                          0x000004d1   Thumb Code     0  startup_mk64f12.o(.text)
    DMA8_IRQHandler                          0x000004d1   Thumb Code     0  startup_mk64f12.o(.text)
    DMA9_IRQHandler                          0x000004d1   Thumb Code     0  startup_mk64f12.o(.text)
    DMA_Error_IRQHandler                     0x000004d1   Thumb Code     0  startup_mk64f12.o(.text)
    DefaultISR                               0x000004d1   Thumb Code     0  startup_mk64f12.o(.text)
    ENET_1588_Timer_IRQHandler               0x000004d1   Thumb Code     0  startup_mk64f12.o(.text)
    ENET_Error_IRQHandler                    0x000004d1   Thumb Code     0  startup_mk64f12.o(.text)
    ENET_Receive_IRQHandler                  0x000004d1   Thumb Code     0  startup_mk64f12.o(.text)
    ENET_Transmit_IRQHandler                 0x000004d1   Thumb Code     0  startup_mk64f12.o(.text)
    FTFE_IRQHandler                          0x000004d1   Thumb Code     0  startup_mk64f12.o(.text)
    FTM0_IRQHandler                          0x000004d1   Thumb Code     0  startup_mk64f12.o(.text)
    FTM1_IRQHandler                          0x000004d1   Thumb Code     0  startup_mk64f12.o(.text)
    I2C0_IRQHandler                          0x000004d1   Thumb Code     0  startup_mk64f12.o(.text)
    I2C1_IRQHandler                          0x000004d1   Thumb Code     0  startup_mk64f12.o(.text)
    I2C2_IRQHandler                          0x000004d1   Thumb Code     0  startup_mk64f12.o(.text)
    I2S0_Rx_IRQHandler                       0x000004d1   Thumb Code     0  startup_mk64f12.o(.text)
    I2S0_Tx_IRQHandler                       0x000004d1   Thumb Code     0  startup_mk64f12.o(.text)
    LLW_IRQHandler                           0x000004d1   Thumb Code     0  startup_mk64f12.o(.text)
    LPTimer_IRQHandler                       0x000004d1   Thumb Code     0  startup_mk64f12.o(.text)
    LVD_LVW_IRQHandler                       0x000004d1   Thumb Code     0  startup_mk64f12.o(.text)
    MCG_IRQHandler                           0x000004d1   Thumb Code     0  startup_mk64f12.o(.text)
    MCM_IRQHandler                           0x000004d1   Thumb Code     0  startup_mk64f12.o(.text)
    PDB0_IRQHandler                          0x000004d1   Thumb Code     0  startup_mk64f12.o(.text)
    PIT1_IRQHandler                          0x000004d1   Thumb Code     0  startup_mk64f12.o(.text)
    PIT2_IRQHandler                          0x000004d1   Thumb Code     0  startup_mk64f12.o(.text)
    PIT3_IRQHandler                          0x000004d1   Thumb Code     0  startup_mk64f12.o(.text)
    PORTA_IRQHandler                         0x000004d1   Thumb Code     0  startup_mk64f12.o(.text)
    PORTB_IRQHandler                         0x000004d1   Thumb Code     0  startup_mk64f12.o(.text)
    PORTC_IRQHandler                         0x000004d1   Thumb Code     0  startup_mk64f12.o(.text)
    PORTD_IRQHandler                         0x000004d1   Thumb Code     0  startup_mk64f12.o(.text)
    PORTE_IRQHandler                         0x000004d1   Thumb Code     0  startup_mk64f12.o(.text)
    RNG_IRQHandler                           0x000004d1   Thumb Code     0  startup_mk64f12.o(.text)
    RTC_IRQHandler                           0x000004d1   Thumb Code     0  startup_mk64f12.o(.text)
    RTC_Seconds_IRQHandler                   0x000004d1   Thumb Code     0  startup_mk64f12.o(.text)
    Read_Collision_IRQHandler                0x000004d1   Thumb Code     0  startup_mk64f12.o(.text)
    Reserved71_IRQHandler                    0x000004d1   Thumb Code     0  startup_mk64f12.o(.text)
    SDHC_IRQHandler                          0x000004d1   Thumb Code     0  startup_mk64f12.o(.text)
    SPI0_IRQHandler                          0x000004d1   Thumb Code     0  startup_mk64f12.o(.text)
    SPI1_IRQHandler                          0x000004d1   Thumb Code     0  startup_mk64f12.o(.text)
    SPI2_IRQHandler                          0x000004d1   Thumb Code     0  startup_mk64f12.o(.text)
    SWI_IRQHandler                           0x000004d1   Thumb Code     0  startup_mk64f12.o(.text)
    UART0_ERR_IRQHandler                     0x000004d1   Thumb Code     0  startup_mk64f12.o(.text)
    UART0_LON_IRQHandler                     0x000004d1   Thumb Code     0  startup_mk64f12.o(.text)
    UART0_RX_TX_IRQHandler                   0x000004d1   Thumb Code     0  startup_mk64f12.o(.text)
    UART1_ERR_IRQHandler                     0x000004d1   Thumb Code     0  startup_mk64f12.o(.text)
    UART1_RX_TX_IRQHandler                   0x000004d1   Thumb Code     0  startup_mk64f12.o(.text)
    UART2_ERR_IRQHandler                     0x000004d1   Thumb Code     0  startup_mk64f12.o(.text)
    UART2_RX_TX_IRQHandler                   0x000004d1   Thumb Code     0  startup_mk64f12.o(.text)
    UART3_ERR_IRQHandler                     0x000004d1   Thumb Code     0  startup_mk64f12.o(.text)
    UART3_RX_TX_IRQHandler                   0x000004d1   Thumb Code     0  startup_mk64f12.o(.text)
    UART4_ERR_IRQHandler                     0x000004d1   Thumb Code     0  startup_mk64f12.o(.text)
    UART4_RX_TX_IRQHandler                   0x000004d1   Thumb Code     0  startup_mk64f12.o(.text)
    UART5_ERR_IRQHandler                     0x000004d1   Thumb Code     0  startup_mk64f12.o(.text)
    UART5_RX_TX_IRQHandler                   0x000004d1   Thumb Code     0  startup_mk64f12.o(.text)
    USB0_IRQHandler                          0x000004d1   Thumb Code     0  startup_mk64f12.o(.text)
    USBDCD_IRQHandler                        0x000004d1   Thumb Code     0  startup_mk64f12.o(.text)
    Watchdog_IRQHandler                      0x000004d1   Thumb Code     0  startup_mk64f12.o(.text)
    __user_initial_stackheap                 0x000004d5   Thumb Code     0  startup_mk64f12.o(.text)
    __use_two_region_memory                  0x000004f9   Thumb Code     2  heapauxi.o(.text)
    __rt_heap_escrow$2region                 0x000004fb   Thumb Code     2  heapauxi.o(.text)
    __rt_heap_expand$2region                 0x000004fd   Thumb Code     2  heapauxi.o(.text)
    __user_setup_stackheap                   0x000004ff   Thumb Code    74  sys_stackheap_outer.o(.text)
    exit                                     0x00000549   Thumb Code    18  exit.o(.text)
    __user_libspace                          0x0000055d   Thumb Code     8  libspace.o(.text)
    __user_perproc_libspace                  0x0000055d   Thumb Code     0  libspace.o(.text)
    __user_perthread_libspace                0x0000055d   Thumb Code     0  libspace.o(.text)
    _sys_exit                                0x00000565   Thumb Code     8  sys_exit.o(.text)
    __I$use$semihosting                      0x00000571   Thumb Code     0  use_no_semi.o(.text)
    __use_no_semihosting_swi                 0x00000571   Thumb Code     2  use_no_semi.o(.text)
    __semihosting_library_function           0x00000573   Thumb Code     0  indicate_semi.o(.text)
    ADC0_IRQHandler                          0x00000575   Thumb Code    10  camera.o(i.ADC0_IRQHandler)
    ADC0_Init                                0x00000589   Thumb Code   172  camera.o(i.ADC0_Init)
    Camera_Init                              0x0000063d   Thumb Code    20  camera.o(i.Camera_Init)
    Car_Init                                 0x00000651   Thumb Code    36  main.o(i.Car_Init)
    EN_init                                  0x00000675   Thumb Code    44  pwm.o(i.EN_init)
    FTM0_PWM_Init                            0x000006ad   Thumb Code   150  pwm.o(i.FTM0_PWM_Init)
    FTM2_IRQHandler                          0x00000751   Thumb Code   202  camera.o(i.FTM2_IRQHandler)
    FTM2_Init                                0x00000839   Thumb Code   202  camera.o(i.FTM2_Init)
    FTM3_IRQHandler                          0x0000090d   Thumb Code    14  pwm.o(i.FTM3_IRQHandler)
    FTM3_PWM_Init                            0x00000921   Thumb Code   120  pwm.o(i.FTM3_PWM_Init)
    GPIO_Init                                0x000009a5   Thumb Code    56  camera.o(i.GPIO_Init)
    Get_Line                                 0x000009e9   Thumb Code    40  camera.o(i.Get_Line)
    LED_Init                                 0x00000a19   Thumb Code    66  led.o(i.LED_Init)
    LED_Off                                  0x00000a71   Thumb Code    18  led.o(i.LED_Off)
    PIT0_IRQHandler                          0x00000a8d   Thumb Code    30  camera.o(i.PIT0_IRQHandler)
    PIT_Init                                 0x00000ab5   Thumb Code    94  camera.o(i.PIT_Init)
    PWM_Init                                 0x00000b25   Thumb Code     8  pwm.o(i.PWM_Init)
    Servo_Init                               0x00000b2d   Thumb Code     8  pwm.o(i.Servo_Init)
    Set_Servo_Position                       0x00000b35   Thumb Code    66  pwm.o(i.Set_Servo_Position)
    Spin_Left_Motor                          0x00000b8d   Thumb Code    42  pwm.o(i.Spin_Left_Motor)
    Spin_Right_Motor                         0x00000bbd   Thumb Code    42  pwm.o(i.Spin_Right_Motor)
    SystemInit                               0x00000bed   Thumb Code   136  system_mk64f12.o(i.SystemInit)
    UART0_Init                               0x00000c8d   Thumb Code   134  uart.o(i.UART0_Init)
    UART3_Init                               0x00000d21   Thumb Code   134  uart.o(i.UART3_Init)
    main                                     0x00000dd9   Thumb Code  1352  main.o(i.main)
    process_line_data                        0x00001335   Thumb Code   362  main.o(i.process_line_data)
    __aeabi_dadd                             0x000014ad   Thumb Code     0  daddsub_clz.o(x$fpl$dadd)
    _dadd                                    0x000014ad   Thumb Code   332  daddsub_clz.o(x$fpl$dadd)
    __fpl_dcmp_Inf                           0x000015fd   Thumb Code    24  dcmpi.o(x$fpl$dcmpinf)
    __aeabi_ddiv                             0x00001615   Thumb Code     0  ddiv.o(x$fpl$ddiv)
    _ddiv                                    0x00001615   Thumb Code   552  ddiv.o(x$fpl$ddiv)
    __aeabi_d2uiz                            0x000018c5   Thumb Code     0  dfixu.o(x$fpl$dfixu)
    _dfixu                                   0x000018c5   Thumb Code    90  dfixu.o(x$fpl$dfixu)
    __aeabi_i2d                              0x0000191f   Thumb Code     0  dflt_clz.o(x$fpl$dflt)
    _dflt                                    0x0000191f   Thumb Code    46  dflt_clz.o(x$fpl$dflt)
    __aeabi_ui2d                             0x0000194d   Thumb Code     0  dflt_clz.o(x$fpl$dfltu)
    _dfltu                                   0x0000194d   Thumb Code    38  dflt_clz.o(x$fpl$dfltu)
    __aeabi_cdcmple                          0x00001975   Thumb Code     0  dleqf.o(x$fpl$dleqf)
    _dcmple                                  0x00001975   Thumb Code   120  dleqf.o(x$fpl$dleqf)
    __fpl_dcmple_InfNaN                      0x000019d7   Thumb Code     0  dleqf.o(x$fpl$dleqf)
    __aeabi_dmul                             0x000019ed   Thumb Code     0  dmul.o(x$fpl$dmul)
    _dmul                                    0x000019ed   Thumb Code   332  dmul.o(x$fpl$dmul)
    __fpl_dnaninf                            0x00001b41   Thumb Code   156  dnaninf.o(x$fpl$dnaninf)
    __fpl_dretinf                            0x00001bdd   Thumb Code    12  dretinf.o(x$fpl$dretinf)
    __aeabi_cdrcmple                         0x00001be9   Thumb Code     0  drleqf.o(x$fpl$drleqf)
    _drcmple                                 0x00001be9   Thumb Code   108  drleqf.o(x$fpl$drleqf)
    __aeabi_drsub                            0x00001c55   Thumb Code     0  daddsub_clz.o(x$fpl$drsb)
    _drsb                                    0x00001c55   Thumb Code    22  daddsub_clz.o(x$fpl$drsb)
    __aeabi_dsub                             0x00001c6d   Thumb Code     0  daddsub_clz.o(x$fpl$dsub)
    _dsub                                    0x00001c6d   Thumb Code   464  daddsub_clz.o(x$fpl$dsub)
    _fp_init                                 0x00001e41   Thumb Code    10  fpinit.o(x$fpl$fpinit)
    __fplib_config_fpu_vfp                   0x00001e49   Thumb Code     0  fpinit.o(x$fpl$fpinit)
    __fplib_config_pureend_doubles           0x00001e49   Thumb Code     0  fpinit.o(x$fpl$fpinit)
    __I$use$fp                               0x00001e4a   Number         0  usenofp.o(x$fpl$usenofp)
    Region$$Table$$Base                      0x00001e4c   Number         0  anon$$obj.o(Region$$Table)
    Region$$Table$$Limit                     0x00001e6c   Number         0  anon$$obj.o(Region$$Table)
    __libspace_start                         0x20000464   Data          96  libspace.o(.bss)
    __temporary_stack_top$libspace           0x200004c4   Data           0  libspace.o(.bss)



==============================================================================

Memory Map of the image

  Image Entry point : 0x000004b3

  Load Region LR_1 (Base: 0x00000000, Size: 0x00001ed0, Max: 0xffffffff, ABSOLUTE)

    Execution Region ER_RO (Exec base: 0x00000000, Load base: 0x00000000, Size: 0x00001e6c, Max: 0xffffffff, ABSOLUTE)

    Exec Addr    Load Addr    Size         Type   Attr      Idx    E Section Name        Object

    0x00000000   0x00000000   0x00000400   Data   RO          427    RESET               startup_mk64f12.o
    0x00000400   0x00000400   0x00000010   Code   RO          428    .ARM.__at_0x400     startup_mk64f12.o
    0x00000410   0x00000410   0x00000008   Code   RO          505  * !!!main             c_w.l(__main.o)
    0x00000418   0x00000418   0x00000034   Code   RO          706    !!!scatter          c_w.l(__scatter.o)
    0x0000044c   0x0000044c   0x0000001a   Code   RO          708    !!handler_copy      c_w.l(__scatter_copy.o)
    0x00000466   0x00000466   0x00000002   PAD
    0x00000468   0x00000468   0x0000001c   Code   RO          710    !!handler_zi        c_w.l(__scatter_zi.o)
    0x00000484   0x00000484   0x00000002   Code   RO          574    .ARM.Collect$$libinit$$00000000  c_w.l(libinit.o)
    0x00000486   0x00000486   0x00000004   Code   RO          580    .ARM.Collect$$libinit$$00000001  c_w.l(libinit2.o)
    0x0000048a   0x0000048a   0x00000000   Code   RO          583    .ARM.Collect$$libinit$$00000004  c_w.l(libinit2.o)
    0x0000048a   0x0000048a   0x00000000   Code   RO          586    .ARM.Collect$$libinit$$0000000A  c_w.l(libinit2.o)
    0x0000048a   0x0000048a   0x00000000   Code   RO          588    .ARM.Collect$$libinit$$0000000C  c_w.l(libinit2.o)
    0x0000048a   0x0000048a   0x00000000   Code   RO          590    .ARM.Collect$$libinit$$0000000E  c_w.l(libinit2.o)
    0x0000048a   0x0000048a   0x00000000   Code   RO          593    .ARM.Collect$$libinit$$00000011  c_w.l(libinit2.o)
    0x0000048a   0x0000048a   0x00000000   Code   RO          595    .ARM.Collect$$libinit$$00000013  c_w.l(libinit2.o)
    0x0000048a   0x0000048a   0x00000000   Code   RO          597    .ARM.Collect$$libinit$$00000015  c_w.l(libinit2.o)
    0x0000048a   0x0000048a   0x00000000   Code   RO          599    .ARM.Collect$$libinit$$00000017  c_w.l(libinit2.o)
    0x0000048a   0x0000048a   0x00000000   Code   RO          601    .ARM.Collect$$libinit$$00000019  c_w.l(libinit2.o)
    0x0000048a   0x0000048a   0x00000000   Code   RO          603    .ARM.Collect$$libinit$$0000001B  c_w.l(libinit2.o)
    0x0000048a   0x0000048a   0x00000000   Code   RO          605    .ARM.Collect$$libinit$$0000001D  c_w.l(libinit2.o)
    0x0000048a   0x0000048a   0x00000000   Code   RO          607    .ARM.Collect$$libinit$$0000001F  c_w.l(libinit2.o)
    0x0000048a   0x0000048a   0x00000000   Code   RO          609    .ARM.Collect$$libinit$$00000021  c_w.l(libinit2.o)
    0x0000048a   0x0000048a   0x00000000   Code   RO          611    .ARM.Collect$$libinit$$00000023  c_w.l(libinit2.o)
    0x0000048a   0x0000048a   0x00000000   Code   RO          613    .ARM.Collect$$libinit$$00000025  c_w.l(libinit2.o)
    0x0000048a   0x0000048a   0x00000000   Code   RO          617    .ARM.Collect$$libinit$$0000002C  c_w.l(libinit2.o)
    0x0000048a   0x0000048a   0x00000000   Code   RO          619    .ARM.Collect$$libinit$$0000002E  c_w.l(libinit2.o)
    0x0000048a   0x0000048a   0x00000000   Code   RO          621    .ARM.Collect$$libinit$$00000030  c_w.l(libinit2.o)
    0x0000048a   0x0000048a   0x00000000   Code   RO          623    .ARM.Collect$$libinit$$00000032  c_w.l(libinit2.o)
    0x0000048a   0x0000048a   0x00000002   Code   RO          624    .ARM.Collect$$libinit$$00000033  c_w.l(libinit2.o)
    0x0000048c   0x0000048c   0x00000002   Code   RO          644    .ARM.Collect$$libshutdown$$00000000  c_w.l(libshutdown.o)
    0x0000048e   0x0000048e   0x00000000   Code   RO          657    .ARM.Collect$$libshutdown$$00000002  c_w.l(libshutdown2.o)
    0x0000048e   0x0000048e   0x00000000   Code   RO          659    .ARM.Collect$$libshutdown$$00000004  c_w.l(libshutdown2.o)
    0x0000048e   0x0000048e   0x00000000   Code   RO          661    .ARM.Collect$$libshutdown$$00000006  c_w.l(libshutdown2.o)
    0x0000048e   0x0000048e   0x00000000   Code   RO          664    .ARM.Collect$$libshutdown$$00000009  c_w.l(libshutdown2.o)
    0x0000048e   0x0000048e   0x00000000   Code   RO          667    .ARM.Collect$$libshutdown$$0000000C  c_w.l(libshutdown2.o)
    0x0000048e   0x0000048e   0x00000000   Code   RO          669    .ARM.Collect$$libshutdown$$0000000E  c_w.l(libshutdown2.o)
    0x0000048e   0x0000048e   0x00000000   Code   RO          672    .ARM.Collect$$libshutdown$$00000011  c_w.l(libshutdown2.o)
    0x0000048e   0x0000048e   0x00000002   Code   RO          673    .ARM.Collect$$libshutdown$$00000012  c_w.l(libshutdown2.o)
    0x00000490   0x00000490   0x00000000   Code   RO          533    .ARM.Collect$$rtentry$$00000000  c_w.l(__rtentry.o)
    0x00000490   0x00000490   0x00000000   Code   RO          549    .ARM.Collect$$rtentry$$00000002  c_w.l(__rtentry2.o)
    0x00000490   0x00000490   0x00000006   Code   RO          561    .ARM.Collect$$rtentry$$00000004  c_w.l(__rtentry4.o)
    0x00000496   0x00000496   0x00000000   Code   RO          551    .ARM.Collect$$rtentry$$00000009  c_w.l(__rtentry2.o)
    0x00000496   0x00000496   0x00000004   Code   RO          552    .ARM.Collect$$rtentry$$0000000A  c_w.l(__rtentry2.o)
    0x0000049a   0x0000049a   0x00000000   Code   RO          554    .ARM.Collect$$rtentry$$0000000C  c_w.l(__rtentry2.o)
    0x0000049a   0x0000049a   0x00000008   Code   RO          555    .ARM.Collect$$rtentry$$0000000D  c_w.l(__rtentry2.o)
    0x000004a2   0x000004a2   0x00000002   Code   RO          578    .ARM.Collect$$rtexit$$00000000  c_w.l(rtexit.o)
    0x000004a4   0x000004a4   0x00000000   Code   RO          626    .ARM.Collect$$rtexit$$00000002  c_w.l(rtexit2.o)
    0x000004a4   0x000004a4   0x00000004   Code   RO          627    .ARM.Collect$$rtexit$$00000003  c_w.l(rtexit2.o)
    0x000004a8   0x000004a8   0x00000006   Code   RO          628    .ARM.Collect$$rtexit$$00000004  c_w.l(rtexit2.o)
    0x000004ae   0x000004ae   0x00000002   PAD
    0x000004b0   0x000004b0   0x00000048   Code   RO          429  * .text               startup_mk64f12.o
    0x000004f8   0x000004f8   0x00000006   Code   RO          503    .text               c_w.l(heapauxi.o)
    0x000004fe   0x000004fe   0x0000004a   Code   RO          565    .text               c_w.l(sys_stackheap_outer.o)
    0x00000548   0x00000548   0x00000012   Code   RO          567    .text               c_w.l(exit.o)
    0x0000055a   0x0000055a   0x00000002   PAD
    0x0000055c   0x0000055c   0x00000008   Code   RO          575    .text               c_w.l(libspace.o)
    0x00000564   0x00000564   0x0000000c   Code   RO          636    .text               c_w.l(sys_exit.o)
    0x00000570   0x00000570   0x00000002   Code   RO          647    .text               c_w.l(use_no_semi.o)
    0x00000572   0x00000572   0x00000000   Code   RO          649    .text               c_w.l(indicate_semi.o)
    0x00000572   0x00000572   0x00000002   PAD
    0x00000574   0x00000574   0x00000014   Code   RO            4    i.ADC0_IRQHandler   camera.o
    0x00000588   0x00000588   0x000000b4   Code   RO            5    i.ADC0_Init         camera.o
    0x0000063c   0x0000063c   0x00000014   Code   RO            6    i.Camera_Init       camera.o
    0x00000650   0x00000650   0x00000024   Code   RO          178    i.Car_Init          main.o
    0x00000674   0x00000674   0x00000038   Code   RO          223    i.EN_init           pwm.o
    0x000006ac   0x000006ac   0x000000a4   Code   RO          224    i.FTM0_PWM_Init     pwm.o
    0x00000750   0x00000750   0x000000e8   Code   RO            7    i.FTM2_IRQHandler   camera.o
    0x00000838   0x00000838   0x000000d4   Code   RO            8    i.FTM2_Init         camera.o
    0x0000090c   0x0000090c   0x00000014   Code   RO          225    i.FTM3_IRQHandler   pwm.o
    0x00000920   0x00000920   0x00000084   Code   RO          226    i.FTM3_PWM_Init     pwm.o
    0x000009a4   0x000009a4   0x00000044   Code   RO            9    i.GPIO_Init         camera.o
    0x000009e8   0x000009e8   0x00000030   Code   RO           10    i.Get_Line          camera.o
    0x00000a18   0x00000a18   0x00000058   Code   RO          128    i.LED_Init          led.o
    0x00000a70   0x00000a70   0x0000001c   Code   RO          129    i.LED_Off           led.o
    0x00000a8c   0x00000a8c   0x00000028   Code   RO           11    i.PIT0_IRQHandler   camera.o
    0x00000ab4   0x00000ab4   0x00000070   Code   RO           12    i.PIT_Init          camera.o
    0x00000b24   0x00000b24   0x00000008   Code   RO          227    i.PWM_Init          pwm.o
    0x00000b2c   0x00000b2c   0x00000008   Code   RO          228    i.Servo_Init        pwm.o
    0x00000b34   0x00000b34   0x00000058   Code   RO          229    i.Set_Servo_Position  pwm.o
    0x00000b8c   0x00000b8c   0x00000030   Code   RO          230    i.Spin_Left_Motor   pwm.o
    0x00000bbc   0x00000bbc   0x00000030   Code   RO          231    i.Spin_Right_Motor  pwm.o
    0x00000bec   0x00000bec   0x000000a0   Code   RO          439    i.SystemInit        system_mk64f12.o
    0x00000c8c   0x00000c8c   0x00000094   Code   RO          345    i.UART0_Init        uart.o
    0x00000d20   0x00000d20   0x00000094   Code   RO          351    i.UART3_Init        uart.o
    0x00000db4   0x00000db4   0x00000022   Code   RO           13    i.__NVIC_EnableIRQ  camera.o
    0x00000dd6   0x00000dd6   0x00000002   PAD
    0x00000dd8   0x00000dd8   0x0000055c   Code   RO          179    i.main              main.o
    0x00001334   0x00001334   0x00000178   Code   RO          180    i.process_line_data  main.o
    0x000014ac   0x000014ac   0x00000150   Code   RO          507    x$fpl$dadd          fz_wm.l(daddsub_clz.o)
    0x000015fc   0x000015fc   0x00000018   Code   RO          541    x$fpl$dcmpinf       fz_wm.l(dcmpi.o)
    0x00001614   0x00001614   0x000002b0   Code   RO          514    x$fpl$ddiv          fz_wm.l(ddiv.o)
    0x000018c4   0x000018c4   0x0000005a   Code   RO          517    x$fpl$dfixu         fz_wm.l(dfixu.o)
    0x0000191e   0x0000191e   0x0000002e   Code   RO          522    x$fpl$dflt          fz_wm.l(dflt_clz.o)
    0x0000194c   0x0000194c   0x00000026   Code   RO          521    x$fpl$dfltu         fz_wm.l(dflt_clz.o)
    0x00001972   0x00001972   0x00000002   PAD
    0x00001974   0x00001974   0x00000078   Code   RO          527    x$fpl$dleqf         fz_wm.l(dleqf.o)
    0x000019ec   0x000019ec   0x00000154   Code   RO          529    x$fpl$dmul          fz_wm.l(dmul.o)
    0x00001b40   0x00001b40   0x0000009c   Code   RO          543    x$fpl$dnaninf       fz_wm.l(dnaninf.o)
    0x00001bdc   0x00001bdc   0x0000000c   Code   RO          545    x$fpl$dretinf       fz_wm.l(dretinf.o)
    0x00001be8   0x00001be8   0x0000006c   Code   RO          531    x$fpl$drleqf        fz_wm.l(drleqf.o)
    0x00001c54   0x00001c54   0x00000016   Code   RO          508    x$fpl$drsb          fz_wm.l(daddsub_clz.o)
    0x00001c6a   0x00001c6a   0x00000002   PAD
    0x00001c6c   0x00001c6c   0x000001d4   Code   RO          509    x$fpl$dsub          fz_wm.l(daddsub_clz.o)
    0x00001e40   0x00001e40   0x0000000a   Code   RO          634    x$fpl$fpinit        fz_wm.l(fpinit.o)
    0x00001e4a   0x00001e4a   0x00000000   Code   RO          547    x$fpl$usenofp       fz_wm.l(usenofp.o)
    0x00001e4a   0x00001e4a   0x00000002   PAD
    0x00001e4c   0x00001e4c   0x00000020   Data   RO          704    Region$$Table       anon$$obj.o


    Execution Region ER_RW (Exec base: 0x20000000, Load base: 0x00001e6c, Size: 0x00000064, Max: 0xffffffff, ABSOLUTE)

    Exec Addr    Load Addr    Size         Type   Attr      Idx    E Section Name        Object

    0x20000000   0x00001e6c   0x0000000c   Data   RW           15    .data               camera.o
    0x2000000c   0x00001e78   0x00000004   PAD
    0x20000010   0x00001e7c   0x00000054   Data   RW          182    .data               main.o


    Execution Region ER_ZI (Exec base: 0x20000064, Load base: 0x00001ed0, Size: 0x00000864, Max: 0xffffffff, ABSOLUTE)

    Exec Addr    Load Addr    Size         Type   Attr      Idx    E Section Name        Object

    0x20000064        -       0x00000100   Zero   RW           14    .bss                camera.o
    0x20000164        -       0x00000300   Zero   RW          181    .bss                main.o
    0x20000464        -       0x00000060   Zero   RW          576    .bss                c_w.l(libspace.o)
    0x200004c4   0x00001ed0   0x00000004   PAD
    0x200004c8        -       0x00000000   Zero   RW          426    HEAP                startup_mk64f12.o
    0x200004c8        -       0x00000400   Zero   RW          425    STACK               startup_mk64f12.o


==============================================================================

Image component sizes


      Code (inc. data)   RO Data    RW Data    ZI Data      Debug   Object Name

       966        106          0         12        256     356290   camera.o
       116         32          0          0          0        901   led.o
      1784        166          0         84        768       3954   main.o
       572         78          0          0          0      33093   pwm.o
        88         44       1024          0       1024       1140   startup_mk64f12.o
       160         24          0          0          0        565   system_mk64f12.o
       296         28          0          0          0       1018   uart.o

    ----------------------------------------------------------------------
      3984        478       1056        100       2048     396961   Object Totals
         0          0         32          0          0          0   (incl. Generated)
         2          0          0          4          0          0   (incl. Padding)

    ----------------------------------------------------------------------

      Code (inc. data)   RO Data    RW Data    ZI Data      Debug   Library Member Name

         8          0          0          0          0         68   __main.o
         0          0          0          0          0          0   __rtentry.o
        12          0          0          0          0          0   __rtentry2.o
         6          0          0          0          0          0   __rtentry4.o
        52          8          0          0          0          0   __scatter.o
        26          0          0          0          0          0   __scatter_copy.o
        28          0          0          0          0          0   __scatter_zi.o
        18          0          0          0          0         80   exit.o
         6          0          0          0          0        152   heapauxi.o
         0          0          0          0          0          0   indicate_semi.o
         2          0          0          0          0          0   libinit.o
         6          0          0          0          0          0   libinit2.o
         2          0          0          0          0          0   libshutdown.o
         2          0          0          0          0          0   libshutdown2.o
         8          4          0          0         96         68   libspace.o
         2          0          0          0          0          0   rtexit.o
        10          0          0          0          0          0   rtexit2.o
        12          4          0          0          0         68   sys_exit.o
        74          0          0          0          0         80   sys_stackheap_outer.o
         2          0          0          0          0         68   use_no_semi.o
       826         16          0          0          0        492   daddsub_clz.o
        24          0          0          0          0        116   dcmpi.o
       688        140          0          0          0        256   ddiv.o
        90          4          0          0          0        140   dfixu.o
        84          0          0          0          0        232   dflt_clz.o
       120          4          0          0          0        140   dleqf.o
       340         12          0          0          0        152   dmul.o
       156          4          0          0          0        140   dnaninf.o
        12          0          0          0          0        116   dretinf.o
       108          0          0          0          0        128   drleqf.o
        10          0          0          0          0        116   fpinit.o
         0          0          0          0          0          0   usenofp.o

    ----------------------------------------------------------------------
      2748        196          0          0        100       2612   Library Totals
        14          0          0          0          4          0   (incl. Padding)

    ----------------------------------------------------------------------

      Code (inc. data)   RO Data    RW Data    ZI Data      Debug   Library Name

       276         16          0          0         96        584   c_w.l
      2458        180          0          0          0       2028   fz_wm.l

    ----------------------------------------------------------------------
      2748        196          0          0        100       2612   Library Totals

    ----------------------------------------------------------------------

==============================================================================


      Code (inc. data)   RO Data    RW Data    ZI Data      Debug   

      6732        674       1056        100       2148     395817   Grand Totals
      6732        674       1056        100       2148     395817   ELF Image Totals
      6732        674       1056        100          0          0   ROM Totals

==============================================================================

    Total RO  Size (Code + RO Data)                 7788 (   7.61kB)
    Total RW  Size (RW Data + ZI Data)              2248 (   2.20kB)
    Total ROM Size (Code + RO Data + RW Data)       7888 (   7.70kB)

==============================================================================

