Component: ARM Compiler 6.15 Tool: armlink [5dd79300]

==============================================================================

Section Cross References

    camera.o(.text.Camera_Init) refers to camera.o(.text.GPIO_Init) for GPIO_Init
    camera.o(.text.Camera_Init) refers to camera.o(.text.FTM2_Init) for FTM2_Init
    camera.o(.text.Camera_Init) refers to camera.o(.text.ADC0_Init) for ADC0_Init
    camera.o(.text.Camera_Init) refers to camera.o(.text.PIT_Init) for PIT_Init
    camera.o(.ARM.exidx.text.Camera_Init) refers to camera.o(.text.Camera_Init) for [Anonymous Symbol]
    camera.o(.text.GPIO_Init) refers to led.o(.text.LED_Init) for LED_Init
    camera.o(.ARM.exidx.text.GPIO_Init) refers to camera.o(.text.GPIO_Init) for [Anonymous Symbol]
    camera.o(.text.FTM2_Init) refers to camera.o(.text.__NVIC_EnableIRQ) for __NVIC_EnableIRQ
    camera.o(.ARM.exidx.text.FTM2_Init) refers to camera.o(.text.FTM2_Init) for [Anonymous Symbol]
    camera.o(.text.ADC0_Init) refers to camera.o(.text.__NVIC_EnableIRQ) for __NVIC_EnableIRQ
    camera.o(.ARM.exidx.text.ADC0_Init) refers to camera.o(.text.ADC0_Init) for [Anonymous Symbol]
    camera.o(.text.PIT_Init) refers to camera.o(.text.__NVIC_EnableIRQ) for __NVIC_EnableIRQ
    camera.o(.ARM.exidx.text.PIT_Init) refers to camera.o(.text.PIT_Init) for [Anonymous Symbol]
    camera.o(.text.Get_Line) refers to camera.o(.text.__NVIC_DisableIRQ) for __NVIC_DisableIRQ
    camera.o(.text.Get_Line) refers to camera.o(.bss.line_ready) for line_ready
    camera.o(.text.Get_Line) refers to camera.o(.text.__NVIC_EnableIRQ) for __NVIC_EnableIRQ
    camera.o(.text.Get_Line) refers to camera.o(.bss.line) for line
    camera.o(.text.Get_Line) refers to rt_memcpy_v6.o(.text) for __aeabi_memcpy
    camera.o(.ARM.exidx.text.Get_Line) refers to camera.o(.text.Get_Line) for [Anonymous Symbol]
    camera.o(.ARM.exidx.text.__NVIC_DisableIRQ) refers to camera.o(.text.__NVIC_DisableIRQ) for [Anonymous Symbol]
    camera.o(.ARM.exidx.text.__NVIC_EnableIRQ) refers to camera.o(.text.__NVIC_EnableIRQ) for [Anonymous Symbol]
    camera.o(.text.ADC0_IRQHandler) refers to camera.o(.bss.ADC0VAL) for ADC0VAL
    camera.o(.ARM.exidx.text.ADC0_IRQHandler) refers to camera.o(.text.ADC0_IRQHandler) for [Anonymous Symbol]
    camera.o(.text.FTM2_IRQHandler) refers to camera.o(.data.pixcnt) for pixcnt
    camera.o(.text.FTM2_IRQHandler) refers to camera.o(.bss.ADC0VAL) for ADC0VAL
    camera.o(.text.FTM2_IRQHandler) refers to camera.o(.bss.line) for line
    camera.o(.text.FTM2_IRQHandler) refers to camera.o(.bss.line_ready) for line_ready
    camera.o(.ARM.exidx.text.FTM2_IRQHandler) refers to camera.o(.text.FTM2_IRQHandler) for [Anonymous Symbol]
    camera.o(.ARM.exidx.text.PIT0_IRQHandler) refers to camera.o(.text.PIT0_IRQHandler) for [Anonymous Symbol]
    led.o(.ARM.exidx.text.LED_Off) refers to led.o(.text.LED_Off) for [Anonymous Symbol]
    led.o(.text.LED_Init) refers to led.o(.text.LED_Off) for LED_Off
    led.o(.ARM.exidx.text.LED_Init) refers to led.o(.text.LED_Init) for [Anonymous Symbol]
    led.o(.ARM.exidx.text.Delay) refers to led.o(.text.Delay) for [Anonymous Symbol]
    led.o(.text.Flash_LED) refers to led.o(.text.LED_On) for LED_On
    led.o(.text.Flash_LED) refers to led.o(.text.Delay) for Delay
    led.o(.text.Flash_LED) refers to led.o(.text.LED_Off) for LED_Off
    led.o(.ARM.exidx.text.Flash_LED) refers to led.o(.text.Flash_LED) for [Anonymous Symbol]
    led.o(.ARM.exidx.text.LED_On) refers to led.o(.text.LED_On) for [Anonymous Symbol]
    main.o(.text.Car_Init) refers to uart.o(.text.UART0_Init) for UART0_Init
    main.o(.text.Car_Init) refers to camera.o(.text.Camera_Init) for Camera_Init
    main.o(.text.Car_Init) refers to uart.o(.text.UART3_Init) for UART3_Init
    main.o(.text.Car_Init) refers to pwm.o(.text.PWM_Init) for PWM_Init
    main.o(.text.Car_Init) refers to pwm.o(.text.Servo_Init) for Servo_Init
    main.o(.text.Car_Init) refers to led.o(.text.LED_Init) for LED_Init
    main.o(.text.Car_Init) refers to pwm.o(.text.EN_init) for EN_init
    main.o(.ARM.exidx.text.Car_Init) refers to main.o(.text.Car_Init) for [Anonymous Symbol]
    main.o(.text.main) refers to main.o(.text.Car_Init) for Car_Init
    main.o(.text.main) refers to main.o(.text.get_calibration_values) for get_calibration_values
    main.o(.text.main) refers to main.o(.bss.car_mode) for car_mode
    main.o(.text.main) refers to pwm.o(.text.Spin_Left_Motor) for Spin_Left_Motor
    main.o(.text.main) refers to pwm.o(.text.Spin_Right_Motor) for Spin_Right_Motor
    main.o(.text.main) refers to main.o(.text.process_line_data) for process_line_data
    main.o(.text.main) refers to dflt_clz.o(x$fpl$dflt) for __aeabi_i2d
    main.o(.text.main) refers to main.o(.data.kp) for kp
    main.o(.text.main) refers to dmul.o(x$fpl$dmul) for __aeabi_dmul
    main.o(.text.main) refers to daddsub_clz.o(x$fpl$dadd) for __aeabi_dadd
    main.o(.text.main) refers to main.o(.data.ki) for ki
[...]
    ../clib/scanf.c                          0x00000000   Number         0  scanf_infnan.o ABSOLUTE
    ../clib/scanf.c                          0x00000000   Number         0  _chval.o ABSOLUTE
    ../clib/signal.c                         0x00000000   Number         0  defsig_rtmem_outer.o ABSOLUTE
    ../clib/signal.c                         0x00000000   Number         0  defsig_rtmem_formal.o ABSOLUTE
    ../clib/signal.c                         0x00000000   Number         0  defsig_exit.o ABSOLUTE
    ../clib/signal.c                         0x00000000   Number         0  defsig_rtmem_inner.o ABSOLUTE
    ../clib/signal.c                         0x00000000   Number         0  __raise.o ABSOLUTE
    ../clib/signal.c                         0x00000000   Number         0  defsig_general.o ABSOLUTE
    ../clib/signal.c                         0x00000000   Number         0  defsig_abrt_inner.o ABSOLUTE
    ../clib/signal.c                         0x00000000   Number         0  defsig_fpe_inner.o ABSOLUTE
    ../clib/signal.c                         0x00000000   Number         0  defsig_rtred_inner.o ABSOLUTE
    ../clib/signal.c                         0x00000000   Number         0  defsig_stak_inner.o ABSOLUTE
    ../clib/signal.c                         0x00000000   Number         0  defsig_pvfn_inner.o ABSOLUTE
    ../clib/signal.c                         0x00000000   Number         0  defsig_cppl_inner.o ABSOLUTE
    ../clib/signal.c                         0x00000000   Number         0  defsig_segv_inner.o ABSOLUTE
    ../clib/signal.c                         0x00000000   Number         0  defsig_other.o ABSOLUTE
    ../clib/signal.s                         0x00000000   Number         0  defsig.o ABSOLUTE
    ../clib/stdlib.c                         0x00000000   Number         0  exit.o ABSOLUTE
    ../clib/string.c                         0x00000000   Number         0  strlen.o ABSOLUTE
    ../fplib/d2f.s                           0x00000000   Number         0  d2f.o ABSOLUTE
    ../fplib/daddsub.s                       0x00000000   Number         0  daddsub_clz.o ABSOLUTE
    ../fplib/dcheck1.s                       0x00000000   Number         0  dcheck1.o ABSOLUTE
    ../fplib/dcmp.s                          0x00000000   Number         0  dcmp.o ABSOLUTE
    ../fplib/dcmpi.s                         0x00000000   Number         0  dcmpi.o ABSOLUTE
    ../fplib/ddiv.s                          0x00000000   Number         0  ddiv.o ABSOLUTE
    ../fplib/deqf.s                          0x00000000   Number         0  deqf.o ABSOLUTE
    ../fplib/dfix.s                          0x00000000   Number         0  dfix.o ABSOLUTE
    ../fplib/dflt.s                          0x00000000   Number         0  dflt_clz.o ABSOLUTE
    ../fplib/dgeqf.s                         0x00000000   Number         0  dgeqf.o ABSOLUTE
    ../fplib/dleqf.s                         0x00000000   Number         0  dleqf.o ABSOLUTE
    ../fplib/dmul.s                          0x00000000   Number         0  dmul.o ABSOLUTE
    ../fplib/dnaninf.s                       0x00000000   Number         0  dnaninf.o ABSOLUTE
    ../fplib/dretinf.s                       0x00000000   Number         0  dretinf.o ABSOLUTE
    ../fplib/drleqf.s                        0x00000000   Number         0  drleqf.o ABSOLUTE
    ../fplib/fpconst.s                       0x00000000   Number         0  fpconst.o ABSOLUTE
    ../fplib/fpinit.s                        0x00000000   Number         0  fpinit.o ABSOLUTE
    ../fplib/fretinf.s                       0x00000000   Number         0  fretinf.o ABSOLUTE
    ../fplib/istatus.s                       0x00000000   Number         0  istatus.o ABSOLUTE
    ../fplib/retnan.s                        0x00000000   Number         0  retnan.o ABSOLUTE
    ../fplib/scalbn.s                        0x00000000   Number         0  scalbn.o ABSOLUTE
    ../fplib/scanf1.s                        0x00000000   Number         0  scanf1.o ABSOLUTE
    ../fplib/scanf2.s                        0x00000000   Number         0  scanf2.o ABSOLUTE
    ../fplib/scanf2a.s                       0x00000000   Number         0  scanf2a.o ABSOLUTE
    ../fplib/scanf2b.s                       0x00000000   Number         0  scanf2b.o ABSOLUTE
    ../fplib/trapv.s                         0x00000000   Number         0  trapv.o ABSOLUTE
    ../fplib/usenofp.s                       0x00000000   Number         0  usenofp.o ABSOLUTE
    ../mathlib/dunder.c                      0x00000000   Number         0  dunder.o ABSOLUTE
    ../mathlib/frexp.c                       0x00000000   Number         0  frexp.o ABSOLUTE
    ../mathlib/ldexp.c                       0x00000000   Number         0  ldexp.o ABSOLUTE
    ../mathlib/narrow.c                      0x00000000   Number         0  narrow.o ABSOLUTE
    ../mathlib/strtod.c                      0x00000000   Number         0  strtod.o ABSOLUTE
    RTE/Device/MK64FN1M0xxx12/startup_MK64F12.s 0x00000000   Number         0  startup_mk64f12.o ABSOLUTE
    camera.c                                 0x00000000   Number         0  camera.o ABSOLUTE
    dc.s                                     0x00000000   Number         0  dc.o ABSOLUTE
    led.c                                    0x00000000   Number         0  led.o ABSOLUTE
    main.c                                   0x00000000   Number         0  main.o ABSOLUTE
    pwm.c                                    0x00000000   Number         0  pwm.o ABSOLUTE
    switch.c                                 0x00000000   Number         0  switch.o ABSOLUTE
    system_MK64F12.c                         0x00000000   Number         0  system_mk64f12.o ABSOLUTE
    uart.c                                   0x00000000   Number         0  uart.o ABSOLUTE
    RESET                                    0x00000000   Section     1024  startup_mk64f12.o(RESET)
    .ARM.__at_0x400                          0x00000400   Section       16  startup_mk64f12.o(.ARM.__at_0x400)
    !!!main                                  0x00000410   Section        8  __main.o(!!!main)
    !!!scatter                               0x00000418   Section       52  __scatter.o(!!!scatter)
    !!handler_copy                           0x0000044c   Section       26  __scatter_copy.o(!!handler_copy)
    !!handler_zi                             0x00000468   Section       28  __scatter_zi.o(!!handler_zi)
    .ARM.Collect$$_printf_percent$$00000000  0x00000484   Section        0  _printf_percent.o(.ARM.Collect$$_printf_percent$$00000000)
    .ARM.Collect$$_printf_percent$$0000000A  0x00000484   Section        6  _printf_u.o(.ARM.Collect$$_printf_percent$$0000000A)
    .ARM.Collect$$_printf_percent$$00000017  0x0000048a   Section        4  _printf_percent_end.o(.ARM.Collect$$_printf_percent$$00000017)
    .ARM.Collect$$libinit$$00000000          0x0000048e   Section        2  libinit.o(.ARM.Collect$$libinit$$00000000)
    .ARM.Collect$$libinit$$00000001          0x00000490   Section        4  libinit2.o(.ARM.Collect$$libinit$$00000001)
    .ARM.Collect$$libinit$$00000004          0x00000494   Section        0  libinit2.o(.ARM.Collect$$libinit$$00000004)
    .ARM.Collect$$libinit$$0000000A          0x00000494   Section        0  libinit2.o(.ARM.Collect$$libinit$$0000000A)
    .ARM.Collect$$libinit$$0000000C          0x00000494   Section        0  libinit2.o(.ARM.Collect$$libinit$$0000000C)
    .ARM.Collect$$libinit$$0000000E          0x00000494   Section        0  libinit2.o(.ARM.Collect$$libinit$$0000000E)
    .ARM.Collect$$libinit$$0000000F          0x00000494   Section        6  libinit2.o(.ARM.Collect$$libinit$$0000000F)
    .ARM.Collect$$libinit$$00000011          0x0000049a   Section        0  libinit2.o(.ARM.Collect$$libinit$$00000011)
    .ARM.Collect$$libinit$$00000012          0x0000049a   Section       12  libinit2.o(.ARM.Collect$$libinit$$00000012)
    .ARM.Collect$$libinit$$00000013          0x000004a6   Section        0  libinit2.o(.ARM.Collect$$libinit$$00000013)
    .ARM.Collect$$libinit$$00000015          0x000004a6   Section        0  libinit2.o(.ARM.Collect$$libinit$$00000015)
    .ARM.Collect$$libinit$$00000016          0x000004a6   Section       10  libinit2.o(.ARM.Collect$$libinit$$00000016)
    .ARM.Collect$$libinit$$00000017          0x000004b0   Section        0  libinit2.o(.ARM.Collect$$libinit$$00000017)
    .ARM.Collect$$libinit$$00000019          0x000004b0   Section        0  libinit2.o(.ARM.Collect$$libinit$$00000019)
    .ARM.Collect$$libinit$$0000001B          0x000004b0   Section        0  libinit2.o(.ARM.Collect$$libinit$$0000001B)
    .ARM.Collect$$libinit$$0000001D          0x000004b0   Section        0  libinit2.o(.ARM.Collect$$libinit$$0000001D)
    .ARM.Collect$$libinit$$0000001F          0x000004b0   Section        0  libinit2.o(.ARM.Collect$$libinit$$0000001F)
    .ARM.Collect$$libinit$$00000021          0x000004b0   Section        0  libinit2.o(.ARM.Collect$$libinit$$00000021)
    .ARM.Collect$$libinit$$00000023          0x000004b0   Section        0  libinit2.o(.ARM.Collect$$libinit$$00000023)
    .ARM.Collect$$libinit$$00000025          0x000004b0   Section        0  libinit2.o(.ARM.Collect$$libinit$$00000025)
    .ARM.Collect$$libinit$$0000002C          0x000004b0   Section        0  libinit2.o(.ARM.Collect$$libinit$$0000002C)
    .ARM.Collect$$libinit$$0000002E          0x000004b0   Section        0  libinit2.o(.ARM.Collect$$libinit$$0000002E)
    .ARM.Collect$$libinit$$00000030          0x000004b0   Section        0  libinit2.o(.ARM.Collect$$libinit$$00000030)
    .ARM.Collect$$libinit$$00000032          0x000004b0   Section        0  libinit2.o(.ARM.Collect$$libinit$$00000032)
    .ARM.Collect$$libinit$$00000033          0x000004b0   Section        2  libinit2.o(.ARM.Collect$$libinit$$00000033)
    .ARM.Collect$$libshutdown$$00000000      0x000004b2   Section        2  libshutdown.o(.ARM.Collect$$libshutdown$$00000000)
    .ARM.Collect$$libshutdown$$00000002      0x000004b4   Section        0  libshutdown2.o(.ARM.Collect$$libshutdown$$00000002)
    .ARM.Collect$$libshutdown$$00000004      0x000004b4   Section        0  libshutdown2.o(.ARM.Collect$$libshutdown$$00000004)
    .ARM.Collect$$libshutdown$$00000007      0x000004b4   Section        0  libshutdown2.o(.ARM.Collect$$libshutdown$$00000007)
    .ARM.Collect$$libshutdown$$0000000A      0x000004b4   Section        0  libshutdown2.o(.ARM.Collect$$libshutdown$$0000000A)
    .ARM.Collect$$libshutdown$$0000000C      0x000004b4   Section        0  libshutdown2.o(.ARM.Collect$$libshutdown$$0000000C)
    .ARM.Collect$$libshutdown$$0000000F      0x000004b4   Section        0  libshutdown2.o(.ARM.Collect$$libshutdown$$0000000F)
    .ARM.Collect$$libshutdown$$00000010      0x000004b4   Section        2  libshutdown2.o(.ARM.Collect$$libshutdown$$00000010)
    .ARM.Collect$$rtentry$$00000000          0x000004b6   Section        0  __rtentry.o(.ARM.Collect$$rtentry$$00000000)
    .ARM.Collect$$rtentry$$00000002          0x000004b6   Section        0  __rtentry2.o(.ARM.Collect$$rtentry$$00000002)
    .ARM.Collect$$rtentry$$00000004          0x000004b6   Section        6  __rtentry4.o(.ARM.Collect$$rtentry$$00000004)
    .ARM.Collect$$rtentry$$00000009          0x000004bc   Section        0  __rtentry2.o(.ARM.Collect$$rtentry$$00000009)
    .ARM.Collect$$rtentry$$0000000A          0x000004bc   Section        4  __rtentry2.o(.ARM.Collect$$rtentry$$0000000A)
    .ARM.Collect$$rtentry$$0000000C          0x000004c0   Section        0  __rtentry2.o(.ARM.Collect$$rtentry$$0000000C)
    .ARM.Collect$$rtentry$$0000000D          0x000004c0   Section        8  __rtentry2.o(.ARM.Collect$$rtentry$$0000000D)
    .ARM.Collect$$rtexit$$00000000           0x000004c8   Section        2  rtexit.o(.ARM.Collect$$rtexit$$00000000)
    .ARM.Collect$$rtexit$$00000002           0x000004ca   Section        0  rtexit2.o(.ARM.Collect$$rtexit$$00000002)
    .ARM.Collect$$rtexit$$00000003           0x000004ca   Section        4  rtexit2.o(.ARM.Collect$$rtexit$$00000003)
    .ARM.Collect$$rtexit$$00000004           0x000004ce   Section        6  rtexit2.o(.ARM.Collect$$rtexit$$00000004)
    $v0                                      0x000004d4   Number         0  startup_mk64f12.o(.text)
    .text                                    0x000004d4   Section       72  startup_mk64f12.o(.text)
    .text                                    0x0000051c   Section        0  _printf_dec.o(.text)
    .text                                    0x00000594   Section      138  rt_memcpy_v6.o(.text)
    .text                                    0x0000061e   Section        0  heapauxi.o(.text)
    .text                                    0x00000624   Section        0  _printf_intcommon.o(.text)
    _local_sscanf                            0x000006d9   Thumb Code    68  strtod.o(.text)
    .text                                    0x000006d8   Section        0  strtod.o(.text)
    .text                                    0x00000788   Section      100  rt_memcpy_w.o(.text)
    .text                                    0x000007ec   Section        0  isspace.o(.text)
    .text                                    0x000007fe   Section        0  _sgetc.o(.text)
    .text                                    0x0000083e   Section       74  sys_stackheap_outer.o(.text)
    .text                                    0x00000888   Section       16  rt_ctype_table.o(.text)
    _fp_value                                0x00000899   Thumb Code   588  scanf_fp.o(.text)
    .text                                    0x00000898   Section        0  scanf_fp.o(.text)
    .text                                    0x00000d90   Section        0  exit.o(.text)
    .text                                    0x00000da8   Section      124  strcmpv7em.o(.text)
    .text                                    0x00000e24   Section        8  libspace.o(.text)
    .text                                    0x00000e2c   Section        8  rt_locale_intlibspace.o(.text)
    .text                                    0x00000e34   Section        8  rt_errno_addr_intlibspace.o(.text)
    .text                                    0x00000e3c   Section       38  llshl.o(.text)
    .text                                    0x00000e64   Section        0  bigflt0.o(.text)
    .text                                    0x00000f48   Section        0  _rserrno.o(.text)
    .text                                    0x00000f60   Section        0  scanf_hexfp.o(.text)
    .text                                    0x00001280   Section        0  scanf_infnan.o(.text)
    .text                                    0x000013b4   Section        0  sys_exit.o(.text)
    .text                                    0x000013c0   Section        0  _chval.o(.text)
    .text                                    0x000013dc   Section        2  use_no_semi.o(.text)
    .text                                    0x000013de   Section        0  indicate_semi.o(.text)
    [Anonymous Symbol]                       0x000013e0   Section        0  camera.o(.text.ADC0_IRQHandler)
    [Anonymous Symbol]                       0x000013f8   Section        0  camera.o(.text.ADC0_Init)
    [Anonymous Symbol]                       0x0000149c   Section        0  camera.o(.text.Camera_Init)
    [Anonymous Symbol]                       0x000014b0   Section        0  main.o(.text.Car_Init)
    [Anonymous Symbol]                       0x000014d0   Section        0  pwm.o(.text.EN_init)
    [Anonymous Symbol]                       0x0000150c   Section        0  pwm.o(.text.FTM0_PWM_Init)
    [Anonymous Symbol]                       0x000015a0   Section        0  camera.o(.text.FTM2_IRQHandler)
    [Anonymous Symbol]                       0x0000165c   Section        0  camera.o(.text.FTM2_Init)
    [Anonymous Symbol]                       0x0000171c   Section        0  pwm.o(.text.FTM3_IRQHandler)
    [Anonymous Symbol]                       0x00001730   Section        0  pwm.o(.text.FTM3_PWM_Init)
    [Anonymous Symbol]                       0x00001794   Section        0  camera.o(.text.GPIO_Init)
    [Anonymous Symbol]                       0x000017d4   Section        0  camera.o(.text.Get_Line)
    [Anonymous Symbol]                       0x00001818   Section        0  led.o(.text.LED_Init)
    [Anonymous Symbol]                       0x00001870   Section        0  led.o(.text.LED_Off)
    [Anonymous Symbol]                       0x00001888   Section        0  camera.o(.text.PIT0_IRQHandler)
    [Anonymous Symbol]                       0x000018b0   Section        0  camera.o(.text.PIT_Init)
    [Anonymous Symbol]                       0x00001914   Section        0  pwm.o(.text.PWM_Init)
    [Anonymous Symbol]                       0x0000191c   Section        0  pwm.o(.text.Servo_Init)
    [Anonymous Symbol]                       0x00001928   Section        0  pwm.o(.text.Set_Servo_Position)
    [Anonymous Symbol]                       0x00001968   Section        0  pwm.o(.text.Spin_Left_Motor)
    [Anonymous Symbol]                       0x000019a0   Section        0  pwm.o(.text.Spin_Right_Motor)
    [Anonymous Symbol]                       0x000019d8   Section        0  system_mk64f12.o(.text.SystemInit)
    [Anonymous Symbol]                       0x00001a74   Section        0  uart.o(.text.UART0_Init)
    [Anonymous Symbol]                       0x00001af4   Section        0  uart.o(.text.UART3_GetString)
    [Anonymous Symbol]                       0x00001b10   Section        0  uart.o(.text.UART3_Getchar)
    [Anonymous Symbol]                       0x00001b24   Section        0  uart.o(.text.UART3_Init)
    [Anonymous Symbol]                       0x00001ba4   Section        0  uart.o(.text.UART3_Put)
    [Anonymous Symbol]                       0x00001bc0   Section        0  uart.o(.text.UART3_Putchar)
    __NVIC_DisableIRQ                        0x00001bd9   Thumb Code    24  camera.o(.text.__NVIC_DisableIRQ)
    [Anonymous Symbol]                       0x00001bd8   Section        0  camera.o(.text.__NVIC_DisableIRQ)
    __NVIC_EnableIRQ                         0x00001bf1   Thumb Code    22  camera.o(.text.__NVIC_EnableIRQ)
    [Anonymous Symbol]                       0x00001bf0   Section        0  camera.o(.text.__NVIC_EnableIRQ)
    __NVIC_EnableIRQ                         0x00001c09   Thumb Code    14  pwm.o(.text.__NVIC_EnableIRQ)
    [Anonymous Symbol]                       0x00001c08   Section        0  pwm.o(.text.__NVIC_EnableIRQ)
    [Anonymous Symbol]                       0x00001c18   Section        0  main.o(.text.get_calibration_values)
    [Anonymous Symbol]                       0x00001c90   Section        0  main.o(.text.main)
    [Anonymous Symbol]                       0x00001e78   Section        0  main.o(.text.process_line_data)
    CL$$btod_div_common                      0x00001fac   Section      824  btod.o(CL$$btod_div_common)
    CL$$btod_e2d                             0x000022e4   Section      132  btod.o(CL$$btod_e2d)
    CL$$btod_e2e                             0x00002368   Section      220  btod.o(CL$$btod_e2e)
    CL$$btod_ediv                            0x00002444   Section       42  btod.o(CL$$btod_ediv)
    CL$$btod_edivd                           0x0000246e   Section       42  btod.o(CL$$btod_edivd)
    CL$$btod_emul                            0x00002498   Section       42  btod.o(CL$$btod_emul)
    CL$$btod_emuld                           0x000024c2   Section       42  btod.o(CL$$btod_emuld)
    CL$$btod_mult_common                     0x000024ec   Section      580  btod.o(CL$$btod_mult_common)
    i.__hardfp___mathlib_tofloat             0x00002730   Section        0  narrow.o(i.__hardfp___mathlib_tofloat)
    i.__hardfp_ldexp                         0x00002828   Section        0  ldexp.o(i.__hardfp_ldexp)
    i.__hardfp_strtod                        0x000028f8   Section        0  strtod.o(i.__hardfp_strtod)
    i.__mathlib_dbl_overflow                 0x00002920   Section        0  dunder.o(i.__mathlib_dbl_overflow)
    i.__mathlib_dbl_underflow                0x00002940   Section        0  dunder.o(i.__mathlib_dbl_underflow)
    i.__mathlib_narrow                       0x00002960   Section        0  narrow.o(i.__mathlib_narrow)
    i.__support_ldexp                        0x00002972   Section        0  ldexp.o(i.__support_ldexp)
    i._is_digit                              0x00002986   Section        0  __printf_wp.o(i._is_digit)
    i.frexp                                  0x00002998   Section        0  frexp.o(i.frexp)
    locale$$code                             0x00002a24   Section       44  lc_numeric_c.o(locale$$code)
    locale$$code                             0x00002a50   Section       44  lc_ctype_c.o(locale$$code)
    $v0                                      0x00002a7c   Number         0  d2f.o(x$fpl$d2f)
    x$fpl$d2f                                0x00002a7c   Section       98  d2f.o(x$fpl$d2f)
    $v0                                      0x00002ae0   Number         0  daddsub_clz.o(x$fpl$dadd)
    x$fpl$dadd                               0x00002ae0   Section      336  daddsub_clz.o(x$fpl$dadd)
    _dadd1                                   0x00002af1   Thumb Code     0  daddsub_clz.o(x$fpl$dadd)
    $v0                                      0x00002c30   Number         0  dcheck1.o(x$fpl$dcheck1)
    x$fpl$dcheck1                            0x00002c30   Section       16  dcheck1.o(x$fpl$dcheck1)
    $v0                                      0x00002c40   Number         0  dcmpi.o(x$fpl$dcmpinf)
    x$fpl$dcmpinf                            0x00002c40   Section       24  dcmpi.o(x$fpl$dcmpinf)
    $v0                                      0x00002c58   Number         0  ddiv.o(x$fpl$ddiv)
    x$fpl$ddiv                               0x00002c58   Section      688  ddiv.o(x$fpl$ddiv)
    ddiv_entry                               0x00002c5f   Thumb Code     0  ddiv.o(x$fpl$ddiv)
    $v0                                      0x00002f08   Number         0  deqf.o(x$fpl$deqf)
    x$fpl$deqf                               0x00002f08   Section      120  deqf.o(x$fpl$deqf)
    $v0                                      0x00002f80   Number         0  dfix.o(x$fpl$dfix)
    x$fpl$dfix                               0x00002f80   Section       94  dfix.o(x$fpl$dfix)
    $v0                                      0x00002fde   Number         0  dflt_clz.o(x$fpl$dflt)
    x$fpl$dflt                               0x00002fde   Section       46  dflt_clz.o(x$fpl$dflt)
    $v0                                      0x0000300c   Number         0  dgeqf.o(x$fpl$dgeqf)
    x$fpl$dgeqf                              0x0000300c   Section      120  dgeqf.o(x$fpl$dgeqf)
    $v0                                      0x00003084   Number         0  dleqf.o(x$fpl$dleqf)
    x$fpl$dleqf                              0x00003084   Section      120  dleqf.o(x$fpl$dleqf)
    $v0                                      0x000030fc   Number         0  dmul.o(x$fpl$dmul)
    x$fpl$dmul                               0x000030fc   Section      340  dmul.o(x$fpl$dmul)
    $v0                                      0x00003250   Number         0  dnaninf.o(x$fpl$dnaninf)
    x$fpl$dnaninf                            0x00003250   Section      156  dnaninf.o(x$fpl$dnaninf)
    $v0                                      0x000032ec   Number         0  dretinf.o(x$fpl$dretinf)
    x$fpl$dretinf                            0x000032ec   Section       12  dretinf.o(x$fpl$dretinf)
    $v0                                      0x000032f8   Number         0  drleqf.o(x$fpl$drleqf)
    x$fpl$drleqf                             0x000032f8   Section      108  drleqf.o(x$fpl$drleqf)
    $v0                                      0x00003364   Number         0  daddsub_clz.o(x$fpl$dsub)
    x$fpl$dsub                               0x00003364   Section      468  daddsub_clz.o(x$fpl$dsub)
    _dsub1                                   0x00003375   Thumb Code     0  daddsub_clz.o(x$fpl$dsub)
    $v0                                      0x00003538   Number         0  dcmp.o(x$fpl$fcmp)
    x$fpl$fcmp                               0x00003538   Section       84  dcmp.o(x$fpl$fcmp)
    $v0                                      0x0000358c   Number         0  fpinit.o(x$fpl$fpinit)
    x$fpl$fpinit                             0x0000358c   Section       26  fpinit.o(x$fpl$fpinit)
    $v0                                      0x000035a6   Number         0  fretinf.o(x$fpl$fretinf)
    x$fpl$fretinf                            0x000035a6   Section       10  fretinf.o(x$fpl$fretinf)
    $v0                                      0x000035b0   Number         0  istatus.o(x$fpl$ieeestatus)
    x$fpl$ieeestatus                         0x000035b0   Section        6  istatus.o(x$fpl$ieeestatus)
    $v0                                      0x000035b6   Number         0  retnan.o(x$fpl$retnan)
    x$fpl$retnan                             0x000035b6   Section      100  retnan.o(x$fpl$retnan)
    $v0                                      0x0000361a   Number         0  scalbn.o(x$fpl$scalbn)
    x$fpl$scalbn                             0x0000361a   Section       92  scalbn.o(x$fpl$scalbn)
    $v0                                      0x00003676   Number         0  scanf1.o(x$fpl$scanf1)
    x$fpl$scanf1                             0x00003676   Section        4  scanf1.o(x$fpl$scanf1)
    $v0                                      0x0000367a   Number         0  scanf2.o(x$fpl$scanf2)
    x$fpl$scanf2                             0x0000367a   Section        8  scanf2.o(x$fpl$scanf2)
    $v0                                      0x00003682   Number         0  trapv.o(x$fpl$trapveneer)
    x$fpl$trapveneer                         0x00003682   Section       48  trapv.o(x$fpl$trapveneer)
    x$fpl$usenofp                            0x000036b2   Section        0  usenofp.o(x$fpl$usenofp)
    tenpwrs_x                                0x000036b4   Data          60  bigflt0.o(.constdata)
    .constdata                               0x000036b4   Section      148  bigflt0.o(.constdata)
    tenpwrs_i                                0x000036f0   Data          64  bigflt0.o(.constdata)
    c$$dinf                                  0x00003768   Section        8  fpconst.o(c$$dinf)
    c$$dmax                                  0x00003770   Section        8  fpconst.o(c$$dmax)
    locale$$data                             0x00003778   Section       28  lc_numeric_c.o(locale$$data)
    __lcnum_c_name                           0x0000377c   Data           2  lc_numeric_c.o(locale$$data)
    __lcnum_c_start                          0x00003784   Data           0  lc_numeric_c.o(locale$$data)
    __lcnum_c_point                          0x00003790   Data           0  lc_numeric_c.o(locale$$data)
    __lcnum_c_thousands                      0x00003792   Data           0  lc_numeric_c.o(locale$$data)
    __lcnum_c_grouping                       0x00003793   Data           0  lc_numeric_c.o(locale$$data)
    __lcnum_c_end                            0x00003794   Data           0  lc_numeric_c.o(locale$$data)
    locale$$data                             0x00003794   Section      272  lc_ctype_c.o(locale$$data)
    __lcctype_c_name                         0x00003798   Data           2  lc_ctype_c.o(locale$$data)
    __lcctype_c_start                        0x000037a0   Data           0  lc_ctype_c.o(locale$$data)
    __lcctype_c_end                          0x000038a4   Data           0  lc_ctype_c.o(locale$$data)
    kd                                       0x20000000   Data           8  main.o(.data.kd)
    [Anonymous Symbol]                       0x20000000   Section        0  main.o(.data.kd)
    ki                                       0x20000008   Data           8  main.o(.data.ki)
    [Anonymous Symbol]                       0x20000008   Section        0  main.o(.data.ki)
    kp                                       0x20000010   Data           8  main.o(.data.kp)
    [Anonymous Symbol]                       0x20000010   Section        0  main.o(.data.kp)
    pixcnt                                   0x20000018   Data           4  camera.o(.data.pixcnt)
    [Anonymous Symbol]                       0x20000018   Section        0  camera.o(.data.pixcnt)
    .bss                                     0x20000020   Section       96  libspace.o(.bss)
    ADC0VAL                                  0x20000080   Data           2  camera.o(.bss.ADC0VAL)
    [Anonymous Symbol]                       0x20000080   Section        0  camera.o(.bss.ADC0VAL)
    binline                                  0x20000082   Data         256  main.o(.bss.binline)
    [Anonymous Symbol]                       0x20000082   Section        0  main.o(.bss.binline)
    car_mode                                 0x20000182   Data           1  main.o(.bss.car_mode)
    [Anonymous Symbol]                       0x20000182   Section        0  main.o(.bss.car_mode)
    line                                     0x20000184   Data         256  camera.o(.bss.line)
    [Anonymous Symbol]                       0x20000184   Section        0  camera.o(.bss.line)
    line_data                                0x20000284   Data         256  main.o(.bss.line_data)
    [Anonymous Symbol]                       0x20000284   Section        0  main.o(.bss.line_data)
    line_ready                               0x20000384   Data           1  camera.o(.bss.line_ready)
    [Anonymous Symbol]                       0x20000384   Section        0  camera.o(.bss.line_ready)
    old_error1                               0x20000388   Data           8  main.o(.bss.old_error1)
    [Anonymous Symbol]                       0x20000388   Section        0  main.o(.bss.old_error1)
    old_error2                               0x20000390   Data           8  main.o(.bss.old_error2)
    [Anonymous Symbol]                       0x20000390   Section        0  main.o(.bss.old_error2)
    smoothline                               0x20000398   Data         256  main.o(.bss.smoothline)
    [Anonymous Symbol]                       0x20000398   Section        0  main.o(.bss.smoothline)
    Heap_Mem                                 0x20000498   Data           0  startup_mk64f12.o(HEAP)
    Stack_Mem                                0x20000498   Data        1024  startup_mk64f12.o(STACK)
    HEAP                                     0x20000498   Section        0  startup_mk64f12.o(HEAP)
    STACK                                    0x20000498   Section     1024  startup_mk64f12.o(STACK)
    __initial_sp                             0x20000898   Data           0  startup_mk64f12.o(STACK)

    Global Symbols

    Symbol Name                              Value     Ov Type        Size  Object(Section)

    BuildAttributes$$THM_ISAv4$E$P$D$K$B$S$7EM$VFPi3$EXTD16$VFPS$VFMA$PE$A:L22UL41UL21$X:L11$S22US41US21$IEEE1$IW$~IW$USESV6$~STKCKD$USESV7$~SHL$OTIME$ROPI$IEEEX$EBA8$UX$STANDARDLIB$REQ8$PRES8$EABIv2 0x00000000   Number         0  anon$$obj.o ABSOLUTE
    __Vectors                                0x00000000   Data           4  startup_mk64f12.o(RESET)
    __ARM_exceptions_init                     - Undefined Weak Reference
    __alloca_initialize                       - Undefined Weak Reference
    __arm_preinit_                            - Undefined Weak Reference
    __cpp_initialize__aeabi_                  - Undefined Weak Reference
    __cxa_finalize                            - Undefined Weak Reference
    __sigvec_lookup                           - Undefined Weak Reference
    _atexit_init                              - Undefined Weak Reference
    _call_atexit_fns                          - Undefined Weak Reference
    _clock_init                               - Undefined Weak Reference
    _fp_trap_init                             - Undefined Weak Reference
    _fp_trap_shutdown                         - Undefined Weak Reference
    _get_lc_collate                           - Undefined Weak Reference
    _get_lc_monetary                          - Undefined Weak Reference
    _get_lc_time                              - Undefined Weak Reference
    _getenv_init                              - Undefined Weak Reference
    _handle_redirection                       - Undefined Weak Reference
    _init_alloc                               - Undefined Weak Reference
    _init_user_alloc                          - Undefined Weak Reference
    _initio                                   - Undefined Weak Reference
    _printf_post_padding                      - Undefined Weak Reference
    _printf_pre_padding                       - Undefined Weak Reference
    _printf_truncate_signed                   - Undefined Weak Reference
    _printf_truncate_unsigned                 - Undefined Weak Reference
    _rand_init                                - Undefined Weak Reference
    _signal_finish                            - Undefined Weak Reference
    _signal_init                              - Undefined Weak Reference
    _terminate_alloc                          - Undefined Weak Reference
    _terminate_user_alloc                     - Undefined Weak Reference
    _terminateio                              - Undefined Weak Reference
    __Vectors_End                            0x00000400   Data           0  startup_mk64f12.o(RESET)
    __Vectors_Size                           0x00000400   Number         0  startup_mk64f12.o ABSOLUTE
    __main                                   0x00000411   Thumb Code     8  __main.o(!!!main)
    __scatterload                            0x00000419   Thumb Code     0  __scatter.o(!!!scatter)
    __scatterload_rt2                        0x00000419   Thumb Code    44  __scatter.o(!!!scatter)
    __scatterload_rt2_thumb_only             0x00000419   Thumb Code     0  __scatter.o(!!!scatter)
    __scatterload_null                       0x00000427   Thumb Code     0  __scatter.o(!!!scatter)
    __scatterload_copy                       0x0000044d   Thumb Code    26  __scatter_copy.o(!!handler_copy)
    __scatterload_zeroinit                   0x00000469   Thumb Code    28  __scatter_zi.o(!!handler_zi)
    _printf_percent                          0x00000485   Thumb Code     0  _printf_percent.o(.ARM.Collect$$_printf_percent$$00000000)
    _printf_u                                0x00000485   Thumb Code     0  _printf_u.o(.ARM.Collect$$_printf_percent$$0000000A)
    _printf_percent_end                      0x0000048b   Thumb Code     0  _printf_percent_end.o(.ARM.Collect$$_printf_percent$$00000017)
    __rt_lib_init                            0x0000048f   Thumb Code     0  libinit.o(.ARM.Collect$$libinit$$00000000)
    __rt_lib_init_fp_1                       0x00000491   Thumb Code     0  libinit2.o(.ARM.Collect$$libinit$$00000001)
    __rt_lib_init_heap_1                     0x00000495   Thumb Code     0  libinit2.o(.ARM.Collect$$libinit$$0000000A)
    __rt_lib_init_lc_common                  0x00000495   Thumb Code     0  libinit2.o(.ARM.Collect$$libinit$$0000000F)
    __rt_lib_init_preinit_1                  0x00000495   Thumb Code     0  libinit2.o(.ARM.Collect$$libinit$$00000004)
    __rt_lib_init_rand_1                     0x00000495   Thumb Code     0  libinit2.o(.ARM.Collect$$libinit$$0000000E)
    __rt_lib_init_user_alloc_1               0x00000495   Thumb Code     0  libinit2.o(.ARM.Collect$$libinit$$0000000C)
    __rt_lib_init_lc_collate_1               0x0000049b   Thumb Code     0  libinit2.o(.ARM.Collect$$libinit$$00000011)
    __rt_lib_init_lc_ctype_2                 0x0000049b   Thumb Code     0  libinit2.o(.ARM.Collect$$libinit$$00000012)
    __rt_lib_init_lc_ctype_1                 0x000004a7   Thumb Code     0  libinit2.o(.ARM.Collect$$libinit$$00000013)
    __rt_lib_init_lc_monetary_1              0x000004a7   Thumb Code     0  libinit2.o(.ARM.Collect$$libinit$$00000015)
    __rt_lib_init_lc_numeric_2               0x000004a7   Thumb Code     0  libinit2.o(.ARM.Collect$$libinit$$00000016)
    __rt_lib_init_alloca_1                   0x000004b1   Thumb Code     0  libinit2.o(.ARM.Collect$$libinit$$0000002E)
    __rt_lib_init_argv_1                     0x000004b1   Thumb Code     0  libinit2.o(.ARM.Collect$$libinit$$0000002C)
    __rt_lib_init_atexit_1                   0x000004b1   Thumb Code     0  libinit2.o(.ARM.Collect$$libinit$$0000001B)
    __rt_lib_init_clock_1                    0x000004b1   Thumb Code     0  libinit2.o(.ARM.Collect$$libinit$$00000021)
    __rt_lib_init_cpp_1                      0x000004b1   Thumb Code     0  libinit2.o(.ARM.Collect$$libinit$$00000032)
    __rt_lib_init_exceptions_1               0x000004b1   Thumb Code     0  libinit2.o(.ARM.Collect$$libinit$$00000030)
    __rt_lib_init_fp_trap_1                  0x000004b1   Thumb Code     0  libinit2.o(.ARM.Collect$$libinit$$0000001F)
    __rt_lib_init_getenv_1                   0x000004b1   Thumb Code     0  libinit2.o(.ARM.Collect$$libinit$$00000023)
    __rt_lib_init_lc_numeric_1               0x000004b1   Thumb Code     0  libinit2.o(.ARM.Collect$$libinit$$00000017)
    __rt_lib_init_lc_time_1                  0x000004b1   Thumb Code     0  libinit2.o(.ARM.Collect$$libinit$$00000019)
    __rt_lib_init_return                     0x000004b1   Thumb Code     0  libinit2.o(.ARM.Collect$$libinit$$00000033)
    __rt_lib_init_signal_1                   0x000004b1   Thumb Code     0  libinit2.o(.ARM.Collect$$libinit$$0000001D)
    __rt_lib_init_stdio_1                    0x000004b1   Thumb Code     0  libinit2.o(.ARM.Collect$$libinit$$00000025)
    __rt_lib_shutdown                        0x000004b3   Thumb Code     0  libshutdown.o(.ARM.Collect$$libshutdown$$00000000)
    __rt_lib_shutdown_cpp_1                  0x000004b5   Thumb Code     0  libshutdown2.o(.ARM.Collect$$libshutdown$$00000002)
    __rt_lib_shutdown_fp_trap_1              0x000004b5   Thumb Code     0  libshutdown2.o(.ARM.Collect$$libshutdown$$00000007)
    __rt_lib_shutdown_heap_1                 0x000004b5   Thumb Code     0  libshutdown2.o(.ARM.Collect$$libshutdown$$0000000F)
    __rt_lib_shutdown_return                 0x000004b5   Thumb Code     0  libshutdown2.o(.ARM.Collect$$libshutdown$$00000010)
    __rt_lib_shutdown_signal_1               0x000004b5   Thumb Code     0  libshutdown2.o(.ARM.Collect$$libshutdown$$0000000A)
    __rt_lib_shutdown_stdio_1                0x000004b5   Thumb Code     0  libshutdown2.o(.ARM.Collect$$libshutdown$$00000004)
    __rt_lib_shutdown_user_alloc_1           0x000004b5   Thumb Code     0  libshutdown2.o(.ARM.Collect$$libshutdown$$0000000C)
    __rt_entry                               0x000004b7   Thumb Code     0  __rtentry.o(.ARM.Collect$$rtentry$$00000000)
    __rt_entry_presh_1                       0x000004b7   Thumb Code     0  __rtentry2.o(.ARM.Collect$$rtentry$$00000002)
    __rt_entry_sh                            0x000004b7   Thumb Code     0  __rtentry4.o(.ARM.Collect$$rtentry$$00000004)
    __rt_entry_li                            0x000004bd   Thumb Code     0  __rtentry2.o(.ARM.Collect$$rtentry$$0000000A)
    __rt_entry_postsh_1                      0x000004bd   Thumb Code     0  __rtentry2.o(.ARM.Collect$$rtentry$$00000009)
    __rt_entry_main                          0x000004c1   Thumb Code     0  __rtentry2.o(.ARM.Collect$$rtentry$$0000000D)
    __rt_entry_postli_1                      0x000004c1   Thumb Code     0  __rtentry2.o(.ARM.Collect$$rtentry$$0000000C)
    __rt_exit                                0x000004c9   Thumb Code     0  rtexit.o(.ARM.Collect$$rtexit$$00000000)
    __rt_exit_ls                             0x000004cb   Thumb Code     0  rtexit2.o(.ARM.Collect$$rtexit$$00000003)
    __rt_exit_prels_1                        0x000004cb   Thumb Code     0  rtexit2.o(.ARM.Collect$$rtexit$$00000002)
    __rt_exit_exit                           0x000004cf   Thumb Code     0  rtexit2.o(.ARM.Collect$$rtexit$$00000004)
    init_data_bss                            0x000004d5   Thumb Code     2  startup_mk64f12.o(.text)
    Reset_Handler                            0x000004d7   Thumb Code    12  startup_mk64f12.o(.text)
    NMI_Handler                              0x000004e3   Thumb Code     2  startup_mk64f12.o(.text)
    HardFault_Handler                        0x000004e5   Thumb Code     2  startup_mk64f12.o(.text)
    MemManage_Handler                        0x000004e7   Thumb Code     2  startup_mk64f12.o(.text)
    BusFault_Handler                         0x000004e9   Thumb Code     2  startup_mk64f12.o(.text)
    UsageFault_Handler                       0x000004eb   Thumb Code     2  startup_mk64f12.o(.text)
    SVC_Handler                              0x000004ed   Thumb Code     2  startup_mk64f12.o(.text)
    DebugMon_Handler                         0x000004ef   Thumb Code     2  startup_mk64f12.o(.text)
    PendSV_Handler                           0x000004f1   Thumb Code     2  startup_mk64f12.o(.text)
    SysTick_Handler                          0x000004f3   Thumb Code     2  startup_mk64f12.o(.text)
    ADC1_IRQHandler                          0x000004f5   Thumb Code     0  startup_mk64f12.o(.text)
    CAN0_Bus_Off_IRQHandler                  0x000004f5   Thumb Code     0  startup_mk64f12.o(.text)
    CAN0_Error_IRQHandler                    0x000004f5   Thumb Code     0  startup_mk64f12.o(.text)
    CAN0_ORed_Message_buffer_IRQHandler      0x000004f5   Thumb Code     0  startup_mk64f12.o(.text)
    CAN0_Rx_Warning_IRQHandler               0x000004f5   Thumb Code     0  startup_mk64f12.o(.text)
    CAN0_Tx_Warning_IRQHandler               0x000004f5   Thumb Code     0  startup_mk64f12.o(.text)
    CAN0_Wake_Up_IRQHandler                  0x000004f5   Thumb Code     0  startup_mk64f12.o(.text)
    CMP0_IRQHandler                          0x000004f5   Thumb Code     0  startup_mk64f12.o(.text)
    CMP1_IRQHandler                          0x000004f5   Thumb Code     0  startup_mk64f12.o(.text)
    CMP2_IRQHandler                          0x000004f5   Thumb Code     0  startup_mk64f12.o(.text)
    CMT_IRQHandler                           0x000004f5   Thumb Code     0  startup_mk64f12.o(.text)
    DAC0_IRQHandler                          0x000004f5   Thumb Code     0  startup_mk64f12.o(.text)
    DAC1_IRQHandler                          0x000004f5   Thumb Code     0  startup_mk64f12.o(.text)
    DMA0_IRQHandler                          0x000004f5   Thumb Code     0  startup_mk64f12.o(.text)
    DMA10_IRQHandler                         0x000004f5   Thumb Code     0  startup_mk64f12.o(.text)
    DMA11_IRQHandler                         0x000004f5   Thumb Code     0  startup_mk64f12.o(.text)
    DMA12_IRQHandler                         0x000004f5   Thumb Code     0  startup_mk64f12.o(.text)
    DMA13_IRQHandler                         0x000004f5   Thumb Code     0  startup_mk64f12.o(.text)
    DMA14_IRQHandler                         0x000004f5   Thumb Code     0  startup_mk64f12.o(.text)
    DMA15_IRQHandler                         0x000004f5   Thumb Code     0  startup_mk64f12.o(.text)
    DMA1_IRQHandler                          0x000004f5   Thumb Code     0  startup_mk64f12.o(.text)
    DMA2_IRQHandler                          0x000004f5   Thumb Code     0  startup_mk64f12.o(.text)
    DMA3_IRQHandler                          0x000004f5   Thumb Code     0  startup_mk64f12.o(.text)
    DMA4_IRQHandler                          0x000004f5   Thumb Code     0  startup_mk64f12.o(.text)
    DMA5_IRQHandler                          0x000004f5   Thumb Code     0  startup_mk64f12.o(.text)
    DMA6_IRQHandler                          0x000004f5   Thumb Code     0  startup_mk64f12.o(.text)
    DMA7_IRQHandler                          0x000004f5   Thumb Code     0  startup_mk64f12.o(.text)
    DMA8_IRQHandler                          0x000004f5   Thumb Code     0  startup_mk64f12.o(.text)
    DMA9_IRQHandler                          0x000004f5   Thumb Code     0  startup_mk64f12.o(.text)
    DMA_Error_IRQHandler                     0x000004f5   Thumb Code     0  startup_mk64f12.o(.text)
    DefaultISR                               0x000004f5   Thumb Code     0  startup_mk64f12.o(.text)
    ENET_1588_Timer_IRQHandler               0x000004f5   Thumb Code     0  startup_mk64f12.o(.text)
    ENET_Error_IRQHandler                    0x000004f5   Thumb Code     0  startup_mk64f12.o(.text)
    ENET_Receive_IRQHandler                  0x000004f5   Thumb Code     0  startup_mk64f12.o(.text)
    ENET_Transmit_IRQHandler                 0x000004f5   Thumb Code     0  startup_mk64f12.o(.text)
    FTFE_IRQHandler                          0x000004f5   Thumb Code     0  startup_mk64f12.o(.text)
    FTM0_IRQHandler                          0x000004f5   Thumb Code     0  startup_mk64f12.o(.text)
    FTM1_IRQHandler                          0x000004f5   Thumb Code     0  startup_mk64f12.o(.text)
    I2C0_IRQHandler                          0x000004f5   Thumb Code     0  startup_mk64f12.o(.text)
    I2C1_IRQHandler                          0x000004f5   Thumb Code     0  startup_mk64f12.o(.text)
    I2C2_IRQHandler                          0x000004f5   Thumb Code     0  startup_mk64f12.o(.text)
    I2S0_Rx_IRQHandler                       0x000004f5   Thumb Code     0  startup_mk64f12.o(.text)
    I2S0_Tx_IRQHandler                       0x000004f5   Thumb Code     0  startup_mk64f12.o(.text)
    LLW_IRQHandler                           0x000004f5   Thumb Code     0  startup_mk64f12.o(.text)
    LPTimer_IRQHandler                       0x000004f5   Thumb Code     0  startup_mk64f12.o(.text)
    LVD_LVW_IRQHandler                       0x000004f5   Thumb Code     0  startup_mk64f12.o(.text)
    MCG_IRQHandler                           0x000004f5   Thumb Code     0  startup_mk64f12.o(.text)
    MCM_IRQHandler                           0x000004f5   Thumb Code     0  startup_mk64f12.o(.text)
    PDB0_IRQHandler                          0x000004f5   Thumb Code     0  startup_mk64f12.o(.text)
    PIT1_IRQHandler                          0x000004f5   Thumb Code     0  startup_mk64f12.o(.text)
    PIT2_IRQHandler                          0x000004f5   Thumb Code     0  startup_mk64f12.o(.text)
    PIT3_IRQHandler                          0x000004f5   Thumb Code     0  startup_mk64f12.o(.text)
    PORTA_IRQHandler                         0x000004f5   Thumb Code     0  startup_mk64f12.o(.text)
    PORTB_IRQHandler                         0x000004f5   Thumb Code     0  startup_mk64f12.o(.text)
    PORTC_IRQHandler                         0x000004f5   Thumb Code     0  startup_mk64f12.o(.text)
    PORTD_IRQHandler                         0x000004f5   Thumb Code     0  startup_mk64f12.o(.text)
    PORTE_IRQHandler                         0x000004f5   Thumb Code     0  startup_mk64f12.o(.text)
    RNG_IRQHandler                           0x000004f5   Thumb Code     0  startup_mk64f12.o(.text)
    RTC_IRQHandler                           0x000004f5   Thumb Code     0  startup_mk64f12.o(.text)
    RTC_Seconds_IRQHandler                   0x000004f5   Thumb Code     0  startup_mk64f12.o(.text)
    Read_Collision_IRQHandler                0x000004f5   Thumb Code     0  startup_mk64f12.o(.text)
    Reserved71_IRQHandler                    0x000004f5   Thumb Code     0  startup_mk64f12.o(.text)
    SDHC_IRQHandler                          0x000004f5   Thumb Code     0  startup_mk64f12.o(.text)
    SPI0_IRQHandler                          0x000004f5   Thumb Code     0  startup_mk64f12.o(.text)
    SPI1_IRQHandler                          0x000004f5   Thumb Code     0  startup_mk64f12.o(.text)
    SPI2_IRQHandler                          0x000004f5   Thumb Code     0  startup_mk64f12.o(.text)
    SWI_IRQHandler                           0x000004f5   Thumb Code     0  startup_mk64f12.o(.text)
    UART0_ERR_IRQHandler                     0x000004f5   Thumb Code     0  startup_mk64f12.o(.text)
    UART0_LON_IRQHandler                     0x000004f5   Thumb Code     0  startup_mk64f12.o(.text)
    UART0_RX_TX_IRQHandler                   0x000004f5   Thumb Code     0  startup_mk64f12.o(.text)
    UART1_ERR_IRQHandler                     0x000004f5   Thumb Code     0  startup_mk64f12.o(.text)
    UART1_RX_TX_IRQHandler                   0x000004f5   Thumb Code     0  startup_mk64f12.o(.text)
    UART2_ERR_IRQHandler                     0x000004f5   Thumb Code     0  startup_mk64f12.o(.text)
    UART2_RX_TX_IRQHandler                   0x000004f5   Thumb Code     0  startup_mk64f12.o(.text)
    UART3_ERR_IRQHandler                     0x000004f5   Thumb Code     0  startup_mk64f12.o(.text)
    UART3_RX_TX_IRQHandler                   0x000004f5   Thumb Code     0  startup_mk64f12.o(.text)
    UART4_ERR_IRQHandler                     0x000004f5   Thumb Code     0  startup_mk64f12.o(.text)
    UART4_RX_TX_IRQHandler                   0x000004f5   Thumb Code     0  startup_mk64f12.o(.text)
    UART5_ERR_IRQHandler                     0x000004f5   Thumb Code     0  startup_mk64f12.o(.text)
    UART5_RX_TX_IRQHandler                   0x000004f5   Thumb Code     0  startup_mk64f12.o(.text)
    USB0_IRQHandler                          0x000004f5   Thumb Code     0  startup_mk64f12.o(.text)
    USBDCD_IRQHandler                        0x000004f5   Thumb Code     0  startup_mk64f12.o(.text)
    Watchdog_IRQHandler                      0x000004f5   Thumb Code     0  startup_mk64f12.o(.text)
    __user_initial_stackheap                 0x000004f9   Thumb Code     0  startup_mk64f12.o(.text)
    _printf_int_dec                          0x0000051d   Thumb Code   104  _printf_dec.o(.text)
    __aeabi_memcpy                           0x00000595   Thumb Code     0  rt_memcpy_v6.o(.text)
    __rt_memcpy                              0x00000595   Thumb Code   138  rt_memcpy_v6.o(.text)
    _memcpy_lastbytes                        0x000005fb   Thumb Code     0  rt_memcpy_v6.o(.text)
    __use_two_region_memory                  0x0000061f   Thumb Code     2  heapauxi.o(.text)
    __rt_heap_escrow$2region                 0x00000621   Thumb Code     2  heapauxi.o(.text)
    __rt_heap_expand$2region                 0x00000623   Thumb Code     2  heapauxi.o(.text)
    _printf_int_common                       0x00000625   Thumb Code   178  _printf_intcommon.o(.text)
    __strtod_int                             0x0000071d   Thumb Code    94  strtod.o(.text)
    __aeabi_memcpy4                          0x00000789   Thumb Code     0  rt_memcpy_w.o(.text)
    __aeabi_memcpy8                          0x00000789   Thumb Code     0  rt_memcpy_w.o(.text)
    __rt_memcpy_w                            0x00000789   Thumb Code   100  rt_memcpy_w.o(.text)
    _memcpy_lastbytes_aligned                0x000007d1   Thumb Code     0  rt_memcpy_w.o(.text)
    isspace                                  0x000007ed   Thumb Code    18  isspace.o(.text)
    _sgetc                                   0x000007ff   Thumb Code    30  _sgetc.o(.text)
    _sbackspace                              0x0000081d   Thumb Code    34  _sgetc.o(.text)
    __user_setup_stackheap                   0x0000083f   Thumb Code    74  sys_stackheap_outer.o(.text)
    __rt_ctype_table                         0x00000889   Thumb Code    16  rt_ctype_table.o(.text)
    _scanf_really_real                       0x00000ae5   Thumb Code   684  scanf_fp.o(.text)
    exit                                     0x00000d91   Thumb Code    18  exit.o(.text)
    strcmp                                   0x00000da9   Thumb Code   124  strcmpv7em.o(.text)
    __user_libspace                          0x00000e25   Thumb Code     8  libspace.o(.text)
    __user_perproc_libspace                  0x00000e25   Thumb Code     0  libspace.o(.text)
    __user_perthread_libspace                0x00000e25   Thumb Code     0  libspace.o(.text)
    __rt_locale                              0x00000e2d   Thumb Code     8  rt_locale_intlibspace.o(.text)
    __aeabi_errno_addr                       0x00000e35   Thumb Code     8  rt_errno_addr_intlibspace.o(.text)
    __errno$intlibspace                      0x00000e35   Thumb Code     0  rt_errno_addr_intlibspace.o(.text)
    __rt_errno_addr$intlibspace              0x00000e35   Thumb Code     0  rt_errno_addr_intlibspace.o(.text)
    __aeabi_llsl                             0x00000e3d   Thumb Code     0  llshl.o(.text)
    _ll_shift_l                              0x00000e3d   Thumb Code    38  llshl.o(.text)
    _btod_etento                             0x00000e65   Thumb Code   224  bigflt0.o(.text)
    __read_errno                             0x00000f49   Thumb Code    10  _rserrno.o(.text)
    __set_errno                              0x00000f53   Thumb Code    12  _rserrno.o(.text)
    _scanf_really_hex_real                   0x00000f61   Thumb Code   786  scanf_hexfp.o(.text)
    _scanf_really_infnan                     0x00001281   Thumb Code   292  scanf_infnan.o(.text)
    _sys_exit                                0x000013b5   Thumb Code     8  sys_exit.o(.text)
    _chval                                   0x000013c1   Thumb Code    28  _chval.o(.text)
    __I$use$semihosting                      0x000013dd   Thumb Code     0  use_no_semi.o(.text)
    __use_no_semihosting_swi                 0x000013dd   Thumb Code     2  use_no_semi.o(.text)
    __semihosting_library_function           0x000013df   Thumb Code     0  indicate_semi.o(.text)
    ADC0_IRQHandler                          0x000013e1   Thumb Code    22  camera.o(.text.ADC0_IRQHandler)
    ADC0_Init                                0x000013f9   Thumb Code   162  camera.o(.text.ADC0_Init)
    Camera_Init                              0x0000149d   Thumb Code    20  camera.o(.text.Camera_Init)
    Car_Init                                 0x000014b1   Thumb Code    32  main.o(.text.Car_Init)
    EN_init                                  0x000014d1   Thumb Code    58  pwm.o(.text.EN_init)
    FTM0_PWM_Init                            0x0000150d   Thumb Code   148  pwm.o(.text.FTM0_PWM_Init)
    FTM2_IRQHandler                          0x000015a1   Thumb Code   186  camera.o(.text.FTM2_IRQHandler)
    FTM2_Init                                0x0000165d   Thumb Code   192  camera.o(.text.FTM2_Init)
    FTM3_IRQHandler                          0x0000171d   Thumb Code    18  pwm.o(.text.FTM3_IRQHandler)
    FTM3_PWM_Init                            0x00001731   Thumb Code   100  pwm.o(.text.FTM3_PWM_Init)
    GPIO_Init                                0x00001795   Thumb Code    64  camera.o(.text.GPIO_Init)
    Get_Line                                 0x000017d5   Thumb Code    66  camera.o(.text.Get_Line)
    LED_Init                                 0x00001819   Thumb Code    86  led.o(.text.LED_Init)
    LED_Off                                  0x00001871   Thumb Code    24  led.o(.text.LED_Off)
    PIT0_IRQHandler                          0x00001889   Thumb Code    38  camera.o(.text.PIT0_IRQHandler)
    PIT_Init                                 0x000018b1   Thumb Code    98  camera.o(.text.PIT_Init)
    PWM_Init                                 0x00001915   Thumb Code     8  pwm.o(.text.PWM_Init)
    Servo_Init                               0x0000191d   Thumb Code     8  pwm.o(.text.Servo_Init)
    Set_Servo_Position                       0x00001929   Thumb Code    64  pwm.o(.text.Set_Servo_Position)
    Spin_Left_Motor                          0x00001969   Thumb Code    56  pwm.o(.text.Spin_Left_Motor)
    Spin_Right_Motor                         0x000019a1   Thumb Code    56  pwm.o(.text.Spin_Right_Motor)
    SystemInit                               0x000019d9   Thumb Code   154  system_mk64f12.o(.text.SystemInit)
    UART0_Init                               0x00001a75   Thumb Code   128  uart.o(.text.UART0_Init)
    UART3_GetString                          0x00001af5   Thumb Code    28  uart.o(.text.UART3_GetString)
    UART3_Getchar                            0x00001b11   Thumb Code    18  uart.o(.text.UART3_Getchar)
    UART3_Init                               0x00001b25   Thumb Code   128  uart.o(.text.UART3_Init)
    UART3_Put                                0x00001ba5   Thumb Code    28  uart.o(.text.UART3_Put)
    UART3_Putchar                            0x00001bc1   Thumb Code    22  uart.o(.text.UART3_Putchar)
    get_calibration_values                   0x00001c19   Thumb Code   120  main.o(.text.get_calibration_values)
    main                                     0x00001c91   Thumb Code   488  main.o(.text.main)
    process_line_data                        0x00001e79   Thumb Code   308  main.o(.text.process_line_data)
    __btod_div_common                        0x00001fad   Thumb Code   696  btod.o(CL$$btod_div_common)
    _e2d                                     0x000022e5   Thumb Code   122  btod.o(CL$$btod_e2d)
    _e2e                                     0x00002369   Thumb Code   220  btod.o(CL$$btod_e2e)
    _btod_ediv                               0x00002445   Thumb Code    42  btod.o(CL$$btod_ediv)
    _btod_edivd                              0x0000246f   Thumb Code    42  btod.o(CL$$btod_edivd)
    _btod_emul                               0x00002499   Thumb Code    42  btod.o(CL$$btod_emul)
    _btod_emuld                              0x000024c3   Thumb Code    42  btod.o(CL$$btod_emuld)
    __btod_mult_common                       0x000024ed   Thumb Code   580  btod.o(CL$$btod_mult_common)
    __hardfp___mathlib_tofloat               0x00002731   Thumb Code   232  narrow.o(i.__hardfp___mathlib_tofloat)
    __hardfp_ldexp                           0x00002829   Thumb Code   200  ldexp.o(i.__hardfp_ldexp)
    __hardfp_strtod                          0x000028f9   Thumb Code    32  strtod.o(i.__hardfp_strtod)
    __mathlib_dbl_overflow                   0x00002921   Thumb Code    24  dunder.o(i.__mathlib_dbl_overflow)
    __mathlib_dbl_underflow                  0x00002941   Thumb Code    24  dunder.o(i.__mathlib_dbl_underflow)
    __mathlib_narrow                         0x00002961   Thumb Code    18  narrow.o(i.__mathlib_narrow)
    __support_ldexp                          0x00002973   Thumb Code    20  ldexp.o(i.__support_ldexp)
    _is_digit                                0x00002987   Thumb Code    14  __printf_wp.o(i._is_digit)
    frexp                                    0x00002999   Thumb Code   118  frexp.o(i.frexp)
    _get_lc_numeric                          0x00002a25   Thumb Code    44  lc_numeric_c.o(locale$$code)
    _get_lc_ctype                            0x00002a51   Thumb Code    44  lc_ctype_c.o(locale$$code)
    __aeabi_d2f                              0x00002a7d   Thumb Code     0  d2f.o(x$fpl$d2f)
    _d2f                                     0x00002a7d   Thumb Code    98  d2f.o(x$fpl$d2f)
    __aeabi_dadd                             0x00002ae1   Thumb Code     0  daddsub_clz.o(x$fpl$dadd)
    _dadd                                    0x00002ae1   Thumb Code   332  daddsub_clz.o(x$fpl$dadd)
    __fpl_dcheck_NaN1                        0x00002c31   Thumb Code    10  dcheck1.o(x$fpl$dcheck1)
    __fpl_dcmp_Inf                           0x00002c41   Thumb Code    24  dcmpi.o(x$fpl$dcmpinf)
    __aeabi_ddiv                             0x00002c59   Thumb Code     0  ddiv.o(x$fpl$ddiv)
    _ddiv                                    0x00002c59   Thumb Code   552  ddiv.o(x$fpl$ddiv)
    __aeabi_cdcmpeq                          0x00002f09   Thumb Code     0  deqf.o(x$fpl$deqf)
    _dcmpeq                                  0x00002f09   Thumb Code   120  deqf.o(x$fpl$deqf)
    __aeabi_d2iz                             0x00002f81   Thumb Code     0  dfix.o(x$fpl$dfix)
    _dfix                                    0x00002f81   Thumb Code    94  dfix.o(x$fpl$dfix)
    __aeabi_i2d                              0x00002fdf   Thumb Code     0  dflt_clz.o(x$fpl$dflt)
    _dflt                                    0x00002fdf   Thumb Code    46  dflt_clz.o(x$fpl$dflt)
    __aeabi_cdcmpge                          0x0000300d   Thumb Code     0  dgeqf.o(x$fpl$dgeqf)
    _dcmpge                                  0x0000300d   Thumb Code   120  dgeqf.o(x$fpl$dgeqf)
    __aeabi_cdcmple                          0x00003085   Thumb Code     0  dleqf.o(x$fpl$dleqf)
    _dcmple                                  0x00003085   Thumb Code   120  dleqf.o(x$fpl$dleqf)
    __fpl_dcmple_InfNaN                      0x000030e7   Thumb Code     0  dleqf.o(x$fpl$dleqf)
    __aeabi_dmul                             0x000030fd   Thumb Code     0  dmul.o(x$fpl$dmul)
    _dmul                                    0x000030fd   Thumb Code   332  dmul.o(x$fpl$dmul)
    __fpl_dnaninf                            0x00003251   Thumb Code   156  dnaninf.o(x$fpl$dnaninf)
    __fpl_dretinf                            0x000032ed   Thumb Code    12  dretinf.o(x$fpl$dretinf)
    __aeabi_cdrcmple                         0x000032f9   Thumb Code     0  drleqf.o(x$fpl$drleqf)
    _drcmple                                 0x000032f9   Thumb Code   108  drleqf.o(x$fpl$drleqf)
    __aeabi_dsub                             0x00003365   Thumb Code     0  daddsub_clz.o(x$fpl$dsub)
    _dsub                                    0x00003365   Thumb Code   464  daddsub_clz.o(x$fpl$dsub)
    __aeabi_dcmpeq                           0x00003539   Thumb Code     0  dcmp.o(x$fpl$fcmp)
    _deq                                     0x00003539   Thumb Code    14  dcmp.o(x$fpl$fcmp)
    _dneq                                    0x00003547   Thumb Code    14  dcmp.o(x$fpl$fcmp)
    __aeabi_dcmpgt                           0x00003555   Thumb Code     0  dcmp.o(x$fpl$fcmp)
    _dgr                                     0x00003555   Thumb Code    14  dcmp.o(x$fpl$fcmp)
    __aeabi_dcmpge                           0x00003563   Thumb Code     0  dcmp.o(x$fpl$fcmp)
    _dgeq                                    0x00003563   Thumb Code    14  dcmp.o(x$fpl$fcmp)
    __aeabi_dcmple                           0x00003571   Thumb Code     0  dcmp.o(x$fpl$fcmp)
    _dleq                                    0x00003571   Thumb Code    14  dcmp.o(x$fpl$fcmp)
    __aeabi_dcmplt                           0x0000357f   Thumb Code     0  dcmp.o(x$fpl$fcmp)
    _dls                                     0x0000357f   Thumb Code    14  dcmp.o(x$fpl$fcmp)
    _fp_init                                 0x0000358d   Thumb Code    26  fpinit.o(x$fpl$fpinit)
    __fplib_config_fpu_vfp                   0x000035a5   Thumb Code     0  fpinit.o(x$fpl$fpinit)
    __fplib_config_pureend_doubles           0x000035a5   Thumb Code     0  fpinit.o(x$fpl$fpinit)
    __fpl_fretinf                            0x000035a7   Thumb Code    10  fretinf.o(x$fpl$fretinf)
    __ieee_status                            0x000035b1   Thumb Code     6  istatus.o(x$fpl$ieeestatus)
    __fpl_return_NaN                         0x000035b7   Thumb Code   100  retnan.o(x$fpl$retnan)
    __ARM_scalbn                             0x0000361b   Thumb Code    92  scalbn.o(x$fpl$scalbn)
    _scanf_real                              0x00003677   Thumb Code     4  scanf1.o(x$fpl$scanf1)
    _scanf_hex_real                          0x0000367b   Thumb Code     4  scanf2.o(x$fpl$scanf2)
    _scanf_infnan                            0x0000367f   Thumb Code     4  scanf2.o(x$fpl$scanf2)
    __fpl_cmpreturn                          0x00003683   Thumb Code    48  trapv.o(x$fpl$trapveneer)
    __I$use$fp                               0x000036b2   Number         0  usenofp.o(x$fpl$usenofp)
    Region$$Table$$Base                      0x00003748   Number         0  anon$$obj.o(Region$$Table)
    Region$$Table$$Limit                     0x00003768   Number         0  anon$$obj.o(Region$$Table)
    __aeabi_HUGE_VAL                         0x00003768   Data           0  fpconst.o(c$$dinf)
    __aeabi_HUGE_VALL                        0x00003768   Data           0  fpconst.o(c$$dinf)
    __aeabi_INFINITY                         0x00003768   Data           0  fpconst.o(c$$dinf)
    __dInf                                   0x00003768   Data           0  fpconst.o(c$$dinf)
    __huge_val                               0x00003768   Data           0  fpconst.o(c$$dinf)
    __dbl_max                                0x00003770   Data           0  fpconst.o(c$$dmax)
    __ctype                                  0x000037a1   Data           0  lc_ctype_c.o(locale$$data)
    __libspace_start                         0x20000020   Data          96  libspace.o(.bss)
    __temporary_stack_top$libspace           0x20000080   Data           0  libspace.o(.bss)



==============================================================================

Memory Map of the image

  Image Entry point : 0x000004d7

  Load Region LR_1 (Base: 0x00000000, Size: 0x000038c4, Max: 0xffffffff, ABSOLUTE)

    Execution Region ER_RO (Exec base: 0x00000000, Load base: 0x00000000, Size: 0x000038a4, Max: 0xffffffff, ABSOLUTE)

    Exec Addr    Load Addr    Size         Type   Attr      Idx    E Section Name        Object

    0x00000000   0x00000000   0x00000400   Data   RO          153    RESET               startup_mk64f12.o
    0x00000400   0x00000400   0x00000010   Code   RO          154    .ARM.__at_0x400     startup_mk64f12.o
    0x00000410   0x00000410   0x00000008   Code   RO          212  * !!!main             c_w.l(__main.o)
    0x00000418   0x00000418   0x00000034   Code   RO          567    !!!scatter          c_w.l(__scatter.o)
    0x0000044c   0x0000044c   0x0000001a   Code   RO          569    !!handler_copy      c_w.l(__scatter_copy.o)
    0x00000466   0x00000466   0x00000002   PAD
    0x00000468   0x00000468   0x0000001c   Code   RO          571    !!handler_zi        c_w.l(__scatter_zi.o)
    0x00000484   0x00000484   0x00000000   Code   RO          207    .ARM.Collect$$_printf_percent$$00000000  c_w.l(_printf_percent.o)
    0x00000484   0x00000484   0x00000006   Code   RO          206    .ARM.Collect$$_printf_percent$$0000000A  c_w.l(_printf_u.o)
    0x0000048a   0x0000048a   0x00000004   Code   RO          251    .ARM.Collect$$_printf_percent$$00000017  c_w.l(_printf_percent_end.o)
    0x0000048e   0x0000048e   0x00000002   Code   RO          312    .ARM.Collect$$libinit$$00000000  c_w.l(libinit.o)
    0x00000490   0x00000490   0x00000004   Code   RO          313    .ARM.Collect$$libinit$$00000001  c_w.l(libinit2.o)
    0x00000494   0x00000494   0x00000000   Code   RO          316    .ARM.Collect$$libinit$$00000004  c_w.l(libinit2.o)
    0x00000494   0x00000494   0x00000000   Code   RO          319    .ARM.Collect$$libinit$$0000000A  c_w.l(libinit2.o)
    0x00000494   0x00000494   0x00000000   Code   RO          321    .ARM.Collect$$libinit$$0000000C  c_w.l(libinit2.o)
    0x00000494   0x00000494   0x00000000   Code   RO          323    .ARM.Collect$$libinit$$0000000E  c_w.l(libinit2.o)
    0x00000494   0x00000494   0x00000006   Code   RO          324    .ARM.Collect$$libinit$$0000000F  c_w.l(libinit2.o)
    0x0000049a   0x0000049a   0x00000000   Code   RO          326    .ARM.Collect$$libinit$$00000011  c_w.l(libinit2.o)
    0x0000049a   0x0000049a   0x0000000c   Code   RO          327    .ARM.Collect$$libinit$$00000012  c_w.l(libinit2.o)
    0x000004a6   0x000004a6   0x00000000   Code   RO          328    .ARM.Collect$$libinit$$00000013  c_w.l(libinit2.o)
    0x000004a6   0x000004a6   0x00000000   Code   RO          330    .ARM.Collect$$libinit$$00000015  c_w.l(libinit2.o)
    0x000004a6   0x000004a6   0x0000000a   Code   RO          331    .ARM.Collect$$libinit$$00000016  c_w.l(libinit2.o)
    0x000004b0   0x000004b0   0x00000000   Code   RO          332    .ARM.Collect$$libinit$$00000017  c_w.l(libinit2.o)
    0x000004b0   0x000004b0   0x00000000   Code   RO          334    .ARM.Collect$$libinit$$00000019  c_w.l(libinit2.o)
    0x000004b0   0x000004b0   0x00000000   Code   RO          336    .ARM.Collect$$libinit$$0000001B  c_w.l(libinit2.o)
    0x000004b0   0x000004b0   0x00000000   Code   RO          338    .ARM.Collect$$libinit$$0000001D  c_w.l(libinit2.o)
    0x000004b0   0x000004b0   0x00000000   Code   RO          340    .ARM.Collect$$libinit$$0000001F  c_w.l(libinit2.o)
    0x000004b0   0x000004b0   0x00000000   Code   RO          342    .ARM.Collect$$libinit$$00000021  c_w.l(libinit2.o)
    0x000004b0   0x000004b0   0x00000000   Code   RO          344    .ARM.Collect$$libinit$$00000023  c_w.l(libinit2.o)
    0x000004b0   0x000004b0   0x00000000   Code   RO          346    .ARM.Collect$$libinit$$00000025  c_w.l(libinit2.o)
    0x000004b0   0x000004b0   0x00000000   Code   RO          350    .ARM.Collect$$libinit$$0000002C  c_w.l(libinit2.o)
    0x000004b0   0x000004b0   0x00000000   Code   RO          352    .ARM.Collect$$libinit$$0000002E  c_w.l(libinit2.o)
    0x000004b0   0x000004b0   0x00000000   Code   RO          354    .ARM.Collect$$libinit$$00000030  c_w.l(libinit2.o)
    0x000004b0   0x000004b0   0x00000000   Code   RO          356    .ARM.Collect$$libinit$$00000032  c_w.l(libinit2.o)
    0x000004b0   0x000004b0   0x00000002   Code   RO          357    .ARM.Collect$$libinit$$00000033  c_w.l(libinit2.o)
    0x000004b2   0x000004b2   0x00000002   Code   RO          481    .ARM.Collect$$libshutdown$$00000000  c_w.l(libshutdown.o)
    0x000004b4   0x000004b4   0x00000000   Code   RO          502    .ARM.Collect$$libshutdown$$00000002  c_w.l(libshutdown2.o)
    0x000004b4   0x000004b4   0x00000000   Code   RO          504    .ARM.Collect$$libshutdown$$00000004  c_w.l(libshutdown2.o)
    0x000004b4   0x000004b4   0x00000000   Code   RO          507    .ARM.Collect$$libshutdown$$00000007  c_w.l(libshutdown2.o)
    0x000004b4   0x000004b4   0x00000000   Code   RO          510    .ARM.Collect$$libshutdown$$0000000A  c_w.l(libshutdown2.o)
    0x000004b4   0x000004b4   0x00000000   Code   RO          512    .ARM.Collect$$libshutdown$$0000000C  c_w.l(libshutdown2.o)
    0x000004b4   0x000004b4   0x00000000   Code   RO          515    .ARM.Collect$$libshutdown$$0000000F  c_w.l(libshutdown2.o)
    0x000004b4   0x000004b4   0x00000002   Code   RO          516    .ARM.Collect$$libshutdown$$00000010  c_w.l(libshutdown2.o)
    0x000004b6   0x000004b6   0x00000000   Code   RO          244    .ARM.Collect$$rtentry$$00000000  c_w.l(__rtentry.o)
    0x000004b6   0x000004b6   0x00000000   Code   RO          268    .ARM.Collect$$rtentry$$00000002  c_w.l(__rtentry2.o)
    0x000004b6   0x000004b6   0x00000006   Code   RO          280    .ARM.Collect$$rtentry$$00000004  c_w.l(__rtentry4.o)
    0x000004bc   0x000004bc   0x00000000   Code   RO          270    .ARM.Collect$$rtentry$$00000009  c_w.l(__rtentry2.o)
    0x000004bc   0x000004bc   0x00000004   Code   RO          271    .ARM.Collect$$rtentry$$0000000A  c_w.l(__rtentry2.o)
    0x000004c0   0x000004c0   0x00000000   Code   RO          273    .ARM.Collect$$rtentry$$0000000C  c_w.l(__rtentry2.o)
    0x000004c0   0x000004c0   0x00000008   Code   RO          274    .ARM.Collect$$rtentry$$0000000D  c_w.l(__rtentry2.o)
    0x000004c8   0x000004c8   0x00000002   Code   RO          361    .ARM.Collect$$rtexit$$00000000  c_w.l(rtexit.o)
    0x000004ca   0x000004ca   0x00000000   Code   RO          433    .ARM.Collect$$rtexit$$00000002  c_w.l(rtexit2.o)
    0x000004ca   0x000004ca   0x00000004   Code   RO          434    .ARM.Collect$$rtexit$$00000003  c_w.l(rtexit2.o)
    0x000004ce   0x000004ce   0x00000006   Code   RO          435    .ARM.Collect$$rtexit$$00000004  c_w.l(rtexit2.o)
    0x000004d4   0x000004d4   0x00000048   Code   RO          155  * .text               startup_mk64f12.o
    0x0000051c   0x0000051c   0x00000078   Code   RO          184    .text               c_w.l(_printf_dec.o)
    0x00000594   0x00000594   0x0000008a   Code   RO          208    .text               c_w.l(rt_memcpy_v6.o)
    0x0000061e   0x0000061e   0x00000006   Code   RO          210    .text               c_w.l(heapauxi.o)
    0x00000624   0x00000624   0x000000b2   Code   RO          245    .text               c_w.l(_printf_intcommon.o)
    0x000006d6   0x000006d6   0x00000002   PAD
    0x000006d8   0x000006d8   0x000000b0   Code   RO          252    .text               c_w.l(strtod.o)
    0x00000788   0x00000788   0x00000064   Code   RO          254    .text               c_w.l(rt_memcpy_w.o)
    0x000007ec   0x000007ec   0x00000012   Code   RO          282    .text               c_w.l(isspace.o)
    0x000007fe   0x000007fe   0x00000040   Code   RO          286    .text               c_w.l(_sgetc.o)
    0x0000083e   0x0000083e   0x0000004a   Code   RO          295    .text               c_w.l(sys_stackheap_outer.o)
    0x00000888   0x00000888   0x00000010   Code   RO          297    .text               c_w.l(rt_ctype_table.o)
    0x00000898   0x00000898   0x000004f8   Code   RO          299    .text               c_w.l(scanf_fp.o)
    0x00000d90   0x00000d90   0x00000012   Code   RO          303    .text               c_w.l(exit.o)
    0x00000da2   0x00000da2   0x00000006   PAD
    0x00000da8   0x00000da8   0x0000007c   Code   RO          305    .text               c_w.l(strcmpv7em.o)
    0x00000e24   0x00000e24   0x00000008   Code   RO          358    .text               c_w.l(libspace.o)
    0x00000e2c   0x00000e2c   0x00000008   Code   RO          366    .text               c_w.l(rt_locale_intlibspace.o)
    0x00000e34   0x00000e34   0x00000008   Code   RO          371    .text               c_w.l(rt_errno_addr_intlibspace.o)
    0x00000e3c   0x00000e3c   0x00000026   Code   RO          373    .text               c_w.l(llshl.o)
    0x00000e62   0x00000e62   0x00000002   PAD
    0x00000e64   0x00000e64   0x000000e4   Code   RO          375    .text               c_w.l(bigflt0.o)
    0x00000f48   0x00000f48   0x00000016   Code   RO          439    .text               c_w.l(_rserrno.o)
    0x00000f5e   0x00000f5e   0x00000002   PAD
    0x00000f60   0x00000f60   0x00000320   Code   RO          441    .text               c_w.l(scanf_hexfp.o)
    0x00001280   0x00001280   0x00000134   Code   RO          443    .text               c_w.l(scanf_infnan.o)
    0x000013b4   0x000013b4   0x0000000c   Code   RO          463    .text               c_w.l(sys_exit.o)
    0x000013c0   0x000013c0   0x0000001c   Code   RO          473    .text               c_w.l(_chval.o)
    0x000013dc   0x000013dc   0x00000002   Code   RO          492    .text               c_w.l(use_no_semi.o)
    0x000013de   0x000013de   0x00000000   Code   RO          494    .text               c_w.l(indicate_semi.o)
    0x000013de   0x000013de   0x00000002   PAD
    0x000013e0   0x000013e0   0x00000016   Code   RO           18    .text.ADC0_IRQHandler  camera.o
    0x000013f6   0x000013f6   0x00000002   PAD
    0x000013f8   0x000013f8   0x000000a2   Code   RO            8    .text.ADC0_Init     camera.o
    0x0000149a   0x0000149a   0x00000002   PAD
    0x0000149c   0x0000149c   0x00000014   Code   RO            2    .text.Camera_Init   camera.o
    0x000014b0   0x000014b0   0x00000020   Code   RO           54    .text.Car_Init      main.o
    0x000014d0   0x000014d0   0x0000003a   Code   RO           98    .text.EN_init       pwm.o
    0x0000150a   0x0000150a   0x00000002   PAD
    0x0000150c   0x0000150c   0x00000094   Code   RO           82    .text.FTM0_PWM_Init  pwm.o
    0x000015a0   0x000015a0   0x000000ba   Code   RO           20    .text.FTM2_IRQHandler  camera.o
    0x0000165a   0x0000165a   0x00000002   PAD
    0x0000165c   0x0000165c   0x000000c0   Code   RO            6    .text.FTM2_Init     camera.o
    0x0000171c   0x0000171c   0x00000012   Code   RO           96    .text.FTM3_IRQHandler  pwm.o
    0x0000172e   0x0000172e   0x00000002   PAD
    0x00001730   0x00001730   0x00000064   Code   RO           86    .text.FTM3_PWM_Init  pwm.o
    0x00001794   0x00001794   0x00000040   Code   RO            4    .text.GPIO_Init     camera.o
    0x000017d4   0x000017d4   0x00000042   Code   RO           12    .text.Get_Line      camera.o
    0x00001816   0x00001816   0x00000002   PAD
    0x00001818   0x00001818   0x00000056   Code   RO           38    .text.LED_Init      led.o
    0x0000186e   0x0000186e   0x00000002   PAD
    0x00001870   0x00001870   0x00000018   Code   RO           36    .text.LED_Off       led.o
    0x00001888   0x00001888   0x00000026   Code   RO           22    .text.PIT0_IRQHandler  camera.o
    0x000018ae   0x000018ae   0x00000002   PAD
    0x000018b0   0x000018b0   0x00000062   Code   RO           10    .text.PIT_Init      camera.o
    0x00001912   0x00001912   0x00000002   PAD
    0x00001914   0x00001914   0x00000008   Code   RO           80    .text.PWM_Init      pwm.o
    0x0000191c   0x0000191c   0x00000008   Code   RO           84    .text.Servo_Init    pwm.o
    0x00001924   0x00001924   0x00000004   PAD
    0x00001928   0x00001928   0x00000040   Code   RO           92    .text.Set_Servo_Position  pwm.o
    0x00001968   0x00001968   0x00000038   Code   RO           88    .text.Spin_Left_Motor  pwm.o
    0x000019a0   0x000019a0   0x00000038   Code   RO           90    .text.Spin_Right_Motor  pwm.o
    0x000019d8   0x000019d8   0x0000009a   Code   RO          164    .text.SystemInit    system_mk64f12.o
    0x00001a72   0x00001a72   0x00000002   PAD
    0x00001a74   0x00001a74   0x00000080   Code   RO          121    .text.UART0_Init    uart.o
    0x00001af4   0x00001af4   0x0000001c   Code   RO          141    .text.UART3_GetString  uart.o
    0x00001b10   0x00001b10   0x00000012   Code   RO          127    .text.UART3_Getchar  uart.o
    0x00001b22   0x00001b22   0x00000002   PAD
    0x00001b24   0x00001b24   0x00000080   Code   RO          123    .text.UART3_Init    uart.o
    0x00001ba4   0x00001ba4   0x0000001c   Code   RO          135    .text.UART3_Put     uart.o
    0x00001bc0   0x00001bc0   0x00000016   Code   RO          131    .text.UART3_Putchar  uart.o
    0x00001bd6   0x00001bd6   0x00000002   PAD
    0x00001bd8   0x00001bd8   0x00000018   Code   RO           14    .text.__NVIC_DisableIRQ  camera.o
    0x00001bf0   0x00001bf0   0x00000016   Code   RO           16    .text.__NVIC_EnableIRQ  camera.o
    0x00001c06   0x00001c06   0x00000002   PAD
    0x00001c08   0x00001c08   0x0000000e   Code   RO           94    .text.__NVIC_EnableIRQ  pwm.o
    0x00001c16   0x00001c16   0x00000002   PAD
    0x00001c18   0x00001c18   0x00000078   Code   RO           58    .text.get_calibration_values  main.o
    0x00001c90   0x00001c90   0x000001e8   Code   RO           56    .text.main          main.o
    0x00001e78   0x00001e78   0x00000134   Code   RO           60    .text.process_line_data  main.o
    0x00001fac   0x00001fac   0x00000338   Code   RO          388    CL$$btod_div_common  c_w.l(btod.o)
    0x000022e4   0x000022e4   0x00000084   Code   RO          386    CL$$btod_e2d        c_w.l(btod.o)
    0x00002368   0x00002368   0x000000dc   Code   RO          385    CL$$btod_e2e        c_w.l(btod.o)
    0x00002444   0x00002444   0x0000002a   Code   RO          382    CL$$btod_ediv       c_w.l(btod.o)
    0x0000246e   0x0000246e   0x0000002a   Code   RO          384    CL$$btod_edivd      c_w.l(btod.o)
    0x00002498   0x00002498   0x0000002a   Code   RO          381    CL$$btod_emul       c_w.l(btod.o)
    0x000024c2   0x000024c2   0x0000002a   Code   RO          383    CL$$btod_emuld      c_w.l(btod.o)
    0x000024ec   0x000024ec   0x00000244   Code   RO          387    CL$$btod_mult_common  c_w.l(btod.o)
    0x00002730   0x00002730   0x000000f8   Code   RO          424    i.__hardfp___mathlib_tofloat  m_wm.l(narrow.o)
    0x00002828   0x00002828   0x000000d0   Code   RO          484    i.__hardfp_ldexp    m_wm.l(ldexp.o)
    0x000028f8   0x000028f8   0x00000028   Code   RO          238    i.__hardfp_strtod   m_wm.l(strtod.o)
    0x00002920   0x00002920   0x00000020   Code   RO          523    i.__mathlib_dbl_overflow  m_wm.l(dunder.o)
    0x00002940   0x00002940   0x00000020   Code   RO          525    i.__mathlib_dbl_underflow  m_wm.l(dunder.o)
    0x00002960   0x00002960   0x00000012   Code   RO          425    i.__mathlib_narrow  m_wm.l(narrow.o)
    0x00002972   0x00002972   0x00000014   Code   RO          486    i.__support_ldexp   m_wm.l(ldexp.o)
    0x00002986   0x00002986   0x0000000e   Code   RO          196    i._is_digit         c_w.l(__printf_wp.o)
    0x00002994   0x00002994   0x00000004   PAD
    0x00002998   0x00002998   0x0000008c   Code   RO          457    i.frexp             m_wm.l(frexp.o)
    0x00002a24   0x00002a24   0x0000002c   Code   RO          289    locale$$code        c_w.l(lc_numeric_c.o)
    0x00002a50   0x00002a50   0x0000002c   Code   RO          404    locale$$code        c_w.l(lc_ctype_c.o)
    0x00002a7c   0x00002a7c   0x00000062   Code   RO          451    x$fpl$d2f           fz_wm.l(d2f.o)
    0x00002ade   0x00002ade   0x00000002   PAD
    0x00002ae0   0x00002ae0   0x00000150   Code   RO          214    x$fpl$dadd          fz_wm.l(daddsub_clz.o)
    0x00002c30   0x00002c30   0x00000010   Code   RO          537    x$fpl$dcheck1       fz_wm.l(dcheck1.o)
    0x00002c40   0x00002c40   0x00000018   Code   RO          291    x$fpl$dcmpinf       fz_wm.l(dcmpi.o)
    0x00002c58   0x00002c58   0x000002b0   Code   RO          223    x$fpl$ddiv          fz_wm.l(ddiv.o)
    0x00002f08   0x00002f08   0x00000078   Code   RO          256    x$fpl$deqf          fz_wm.l(deqf.o)
    0x00002f80   0x00002f80   0x0000005e   Code   RO          226    x$fpl$dfix          fz_wm.l(dfix.o)
    0x00002fde   0x00002fde   0x0000002e   Code   RO          231    x$fpl$dflt          fz_wm.l(dflt_clz.o)
    0x0000300c   0x0000300c   0x00000078   Code   RO          258    x$fpl$dgeqf         fz_wm.l(dgeqf.o)
    0x00003084   0x00003084   0x00000078   Code   RO          260    x$fpl$dleqf         fz_wm.l(dleqf.o)
    0x000030fc   0x000030fc   0x00000154   Code   RO          236    x$fpl$dmul          fz_wm.l(dmul.o)
    0x00003250   0x00003250   0x0000009c   Code   RO          262    x$fpl$dnaninf       fz_wm.l(dnaninf.o)
    0x000032ec   0x000032ec   0x0000000c   Code   RO          264    x$fpl$dretinf       fz_wm.l(dretinf.o)
    0x000032f8   0x000032f8   0x0000006c   Code   RO          453    x$fpl$drleqf        fz_wm.l(drleqf.o)
    0x00003364   0x00003364   0x000001d4   Code   RO          216    x$fpl$dsub          fz_wm.l(daddsub_clz.o)
    0x00003538   0x00003538   0x00000054   Code   RO          220    x$fpl$fcmp          fz_wm.l(dcmp.o)
    0x0000358c   0x0000358c   0x0000001a   Code   RO          414    x$fpl$fpinit        fz_wm.l(fpinit.o)
    0x000035a6   0x000035a6   0x0000000a   Code   RO          482    x$fpl$fretinf       fz_wm.l(fretinf.o)
    0x000035b0   0x000035b0   0x00000006   Code   RO          416    x$fpl$ieeestatus    fz_wm.l(istatus.o)
    0x000035b6   0x000035b6   0x00000064   Code   RO          545    x$fpl$retnan        fz_wm.l(retnan.o)
    0x0000361a   0x0000361a   0x0000005c   Code   RO          517    x$fpl$scalbn        fz_wm.l(scalbn.o)
    0x00003676   0x00003676   0x00000004   Code   RO          293    x$fpl$scanf1        fz_wm.l(scanf1.o)
    0x0000367a   0x0000367a   0x00000008   Code   RO          418    x$fpl$scanf2        fz_wm.l(scanf2.o)
    0x00003682   0x00003682   0x00000030   Code   RO          563    x$fpl$trapveneer    fz_wm.l(trapv.o)
    0x000036b2   0x000036b2   0x00000000   Code   RO          266    x$fpl$usenofp       fz_wm.l(usenofp.o)
    0x000036b2   0x000036b2   0x00000002   PAD
    0x000036b4   0x000036b4   0x00000094   Data   RO          376    .constdata          c_w.l(bigflt0.o)
    0x00003748   0x00003748   0x00000020   Data   RO          566    Region$$Table       anon$$obj.o
    0x00003768   0x00003768   0x00000008   Data   RO          410    c$$dinf             fz_wm.l(fpconst.o)
    0x00003770   0x00003770   0x00000008   Data   RO          413    c$$dmax             fz_wm.l(fpconst.o)
    0x00003778   0x00003778   0x0000001c   Data   RO          288    locale$$data        c_w.l(lc_numeric_c.o)
    0x00003794   0x00003794   0x00000110   Data   RO          403    locale$$data        c_w.l(lc_ctype_c.o)


    Execution Region ER_RW (Exec base: 0x20000000, Load base: 0x000038a8, Size: 0x0000001c, Max: 0xffffffff, ABSOLUTE)

    Exec Addr    Load Addr    Size         Type   Attr      Idx    E Section Name        Object

    0x20000000   0x000038a8   0x00000008   Data   RW           67    .data.kd            main.o
    0x20000008   0x000038b0   0x00000008   Data   RW           64    .data.ki            main.o
    0x20000010   0x000038b8   0x00000008   Data   RW           63    .data.kp            main.o
    0x20000018   0x000038c0   0x00000004   Data   RW           27    .data.pixcnt        camera.o


    Execution Region ER_ZI (Exec base: 0x20000020, Load base: 0x000038c4, Size: 0x00000878, Max: 0xffffffff, ABSOLUTE)

    Exec Addr    Load Addr    Size         Type   Attr      Idx    E Section Name        Object

    0x20000020        -       0x00000060   Zero   RW          359    .bss                c_w.l(libspace.o)
    0x20000080        -       0x00000002   Zero   RW           26    .bss.ADC0VAL        camera.o
    0x20000082        -       0x00000100   Zero   RW           70    .bss.binline        main.o
    0x20000182        -       0x00000001   Zero   RW           62    .bss.car_mode       main.o
    0x20000183   0x000038c4   0x00000001   PAD
    0x20000184        -       0x00000100   Zero   RW           25    .bss.line           camera.o
    0x20000284        -       0x00000100   Zero   RW           68    .bss.line_data      main.o
    0x20000384        -       0x00000001   Zero   RW           24    .bss.line_ready     camera.o
    0x20000385   0x000038c4   0x00000003   PAD
    0x20000388        -       0x00000008   Zero   RW           65    .bss.old_error1     main.o
    0x20000390        -       0x00000008   Zero   RW           66    .bss.old_error2     main.o
    0x20000398        -       0x00000100   Zero   RW           69    .bss.smoothline     main.o
    0x20000498        -       0x00000000   Zero   RW          152    HEAP                startup_mk64f12.o
    0x20000498        -       0x00000400   Zero   RW          151    STACK               startup_mk64f12.o


==============================================================================

Image component sizes


      Code (inc. data)   RO Data    RW Data    ZI Data      Debug   Object Name

       894          0          0          4        259       7297   camera.o
       110          0          0          0          0       2379   led.o
       948         44          0         24        785       2373   main.o
       530         16          0          0          0       6293   pwm.o
        88         44       1024          0       1024       1132   startup_mk64f12.o
       154          0          0          0          0       3467   system_mk64f12.o
       352          0          0          0          0       3976   uart.o

    ----------------------------------------------------------------------
      3108        104       1056         28       2072      26917   Object Totals
         0          0         32          0          0          0   (incl. Generated)
        32          0          0          0          4          0   (incl. Padding)

    ----------------------------------------------------------------------

      Code (inc. data)   RO Data    RW Data    ZI Data      Debug   Library Member Name

         8          0          0          0          0         68   __main.o
        14          0          0          0          0         68   __printf_wp.o
         0          0          0          0          0          0   __rtentry.o
        12          0          0          0          0          0   __rtentry2.o
         6          0          0          0          0          0   __rtentry4.o
        52          8          0          0          0          0   __scatter.o
        26          0          0          0          0          0   __scatter_copy.o
        28          0          0          0          0          0   __scatter_zi.o
        28          0          0          0          0         68   _chval.o
       120         16          0          0          0         92   _printf_dec.o
       178          0          0          0          0         88   _printf_intcommon.o
         0          0          0          0          0          0   _printf_percent.o
         4          0          0          0          0          0   _printf_percent_end.o
         6          0          0          0          0          0   _printf_u.o
        22          0          0          0          0        100   _rserrno.o
        64          0          0          0          0         84   _sgetc.o
       228          4        148          0          0         96   bigflt0.o
      1924        136          0          0          0        756   btod.o
        18          0          0          0          0         80   exit.o
         6          0          0          0          0        152   heapauxi.o
         0          0          0          0          0          0   indicate_semi.o
        18          0          0          0          0         76   isspace.o
        44         10        272          0          0         76   lc_ctype_c.o
        44         10         28          0          0         76   lc_numeric_c.o
         2          0          0          0          0          0   libinit.o
        34          0          0          0          0          0   libinit2.o
         2          0          0          0          0          0   libshutdown.o
         2          0          0          0          0          0   libshutdown2.o
         8          4          0          0         96         68   libspace.o
        38          0          0          0          0         68   llshl.o
        16          4          0          0          0         76   rt_ctype_table.o
         8          4          0          0          0         68   rt_errno_addr_intlibspace.o
         8          4          0          0          0         68   rt_locale_intlibspace.o
       138          0          0          0          0         68   rt_memcpy_v6.o
       100          0          0          0          0         80   rt_memcpy_w.o
         2          0          0          0          0          0   rtexit.o
        10          0          0          0          0          0   rtexit2.o
      1272         16          0          0          0        168   scanf_fp.o
       800         14          0          0          0        100   scanf_hexfp.o
       308         16          0          0          0        100   scanf_infnan.o
       124          0          0          0          0         88   strcmpv7em.o
       176         14          0          0          0        124   strtod.o
        12          4          0          0          0         68   sys_exit.o
        74          0          0          0          0         80   sys_stackheap_outer.o
         2          0          0          0          0         68   use_no_semi.o
        98          4          0          0          0        140   d2f.o
       804         16          0          0          0        376   daddsub_clz.o
        16          4          0          0          0        116   dcheck1.o
        84          0          0          0          0        244   dcmp.o
        24          0          0          0          0        116   dcmpi.o
       688        140          0          0          0        264   ddiv.o
       120          4          0          0          0        140   deqf.o
        94          4          0          0          0        140   dfix.o
        46          0          0          0          0        116   dflt_clz.o
       120          4          0          0          0        140   dgeqf.o
       120          4          0          0          0        140   dleqf.o
       340         12          0          0          0        152   dmul.o
       156          4          0          0          0        140   dnaninf.o
        12          0          0          0          0        116   dretinf.o
       108          0          0          0          0        128   drleqf.o
         0          0         16          0          0          0   fpconst.o
        26          0          0          0          0        116   fpinit.o
        10          0          0          0          0        116   fretinf.o
         6          0          0          0          0        116   istatus.o
       100          0          0          0          0        116   retnan.o
        92          0          0          0          0        116   scalbn.o
         4          0          0          0          0        116   scanf1.o
         8          0          0          0          0        132   scanf2.o
        48          0          0          0          0        116   trapv.o
         0          0          0          0          0          0   usenofp.o
        64         16          0          0          0        248   dunder.o
       140         22          0          0          0        132   frexp.o
       228          8          0          0          0        308   ldexp.o
       266         16          0          0          0        308   narrow.o
        40          8          0          0          0        128   strtod.o

    ----------------------------------------------------------------------
      9872        530        464          0         96       7708   Library Totals
        24          0          0          0          0          0   (incl. Padding)

    ----------------------------------------------------------------------

      Code (inc. data)   RO Data    RW Data    ZI Data      Debug   Library Name

      5986        264        448          0         96       3172   c_w.l
      3124        196         16          0          0       3412   fz_wm.l
       738         70          0          0          0       1124   m_wm.l

    ----------------------------------------------------------------------
      9872        530        464          0         96       7708   Library Totals

    ----------------------------------------------------------------------

==============================================================================


      Code (inc. data)   RO Data    RW Data    ZI Data      Debug   

     12980        634       1520         28       2168      29881   Grand Totals
     12980        634       1520         28       2168      29881   ELF Image Totals
     12980        634       1520         28          0          0   ROM Totals

==============================================================================

    Total RO  Size (Code + RO Data)                14500 (  14.16kB)
    Total RW  Size (RW Data + ZI Data)              2196 (   2.14kB)
    Total ROM Size (Code + RO Data + RW Data)      14528 (  14.19kB)

==============================================================================

